12:35:12 **** Auto Build of configuration Debug for project FinalProject_ESDC ****
make all 
'Building file: ../src/server_pro.c'
'Invoking: ARM gcc compiler'
arm-xilinx-eabi-gcc -Wall -O0 -g3 -c -fmessage-length=0 -I../../FinalProject_ESDC_bsp/ps7_cortexa9_0/include -MMD -MP -MF"src/server_pro.d" -MT"src/server_pro.d" -o "src/server_pro.o" "../src/server_pro.c"
../src/server_pro.c: In function 'iZybo_server_thread':
../src/server_pro.c:132:6: warning: passing argument 2 of 'sys_thread_new' from incompatible pointer type [enabled by default]
      DEFAULT_THREAD_PRIO);
      ^
In file included from ../src/server_pro.c:18:0:
../../FinalProject_ESDC_bsp/ps7_cortexa9_0/include/lwip/sys.h:230:14: note: expected 'lwip_thread_fn' but argument is of type 'void (*)(int)'
 sys_thread_t sys_thread_new(const char *name, lwip_thread_fn thread, void *arg, int stacksize, int prio);
              ^
../src/server_pro.c:132:6: warning: passing argument 3 of 'sys_thread_new' makes pointer from integer without a cast [enabled by default]
      DEFAULT_THREAD_PRIO);
      ^
In file included from ../src/server_pro.c:18:0:
../../FinalProject_ESDC_bsp/ps7_cortexa9_0/include/lwip/sys.h:230:14: note: expected 'void *' but argument is of type 'int'
 sys_thread_t sys_thread_new(const char *name, lwip_thread_fn thread, void *arg, int stacksize, int prio);
              ^
'Finished building: ../src/server_pro.c'
' '
'Building target: FinalProject_ESDC.elf'
'Invoking: ARM gcc linker'
arm-xilinx-eabi-gcc -Wl,-T -Wl,../src/lscript.ld -L../../FinalProject_ESDC_bsp/ps7_cortexa9_0/lib -o "FinalProject_ESDC.elf"  ./src/client.o ./src/dispatch.o ./src/iZybo.o ./src/main.o ./src/oneSocket.o ./src/server.o ./src/server_pro.o ./src/udp_izybo.o  ./.metadata/.plugins/org.eclipse.cdt.make.core/specs.o   -Wl,--start-group,-lxil,-lfreertos,-lgcc,-lc,--end-group -Wl,--start-group,-lxil,-llwip4,-lgcc,-lc,--end-group
'Finished building target: FinalProject_ESDC.elf'
' '
'Invoking: ARM Print Size'
arm-xilinx-eabi-size FinalProject_ESDC.elf  |tee "FinalProject_ESDC.elf.size"
   text	   data	    bss	    dec	    hex	filename
 171044	   3244	10936444	11110732	 a9894c	FinalProject_ESDC.elf
'Finished building: FinalProject_ESDC.elf.size'
' '

12:35:13 Build Finished (took 615ms)

