11:10:16 **** Build of project FinalProject_ESDC_bsp ****
make -k all 
"Running Make include in ps7_cortexa9_0/libsrc/cpu_cortexa9_v2_1/src"
make -C ps7_cortexa9_0/libsrc/cpu_cortexa9_v2_1/src -s include  "SHELL=CMD" "COMPILER=arm-xilinx-eabi-gcc" "ARCHIVER=arm-xilinx-eabi-ar" "COMPILER_FLAGS=  -O2 -c" "EXTRA_COMPILER_FLAGS=-g"
"Running Make include in ps7_cortexa9_0/libsrc/devcfg_v3_2/src"
make -C ps7_cortexa9_0/libsrc/devcfg_v3_2/src -s include  "SHELL=CMD" "COMPILER=arm-xilinx-eabi-gcc" "ARCHIVER=arm-xilinx-eabi-ar" "COMPILER_FLAGS=  -O2 -c" "EXTRA_COMPILER_FLAGS=-g"
"Running Make include in ps7_cortexa9_0/libsrc/dmaps_v2_1/src"
make -C ps7_cortexa9_0/libsrc/dmaps_v2_1/src -s include  "SHELL=CMD" "COMPILER=arm-xilinx-eabi-gcc" "ARCHIVER=arm-xilinx-eabi-ar" "COMPILER_FLAGS=  -O2 -c" "EXTRA_COMPILER_FLAGS=-g"
"Running Make include in ps7_cortexa9_0/libsrc/emacps_v2_1/src"
make -C ps7_cortexa9_0/libsrc/emacps_v2_1/src -s include  "SHELL=CMD" "COMPILER=arm-xilinx-eabi-gcc" "ARCHIVER=arm-xilinx-eabi-ar" "COMPILER_FLAGS=  -O2 -c" "EXTRA_COMPILER_FLAGS=-g"
"Running Make include in ps7_cortexa9_0/libsrc/freertos_zynq_v1_02_a/src"
make -C ps7_cortexa9_0/libsrc/freertos_zynq_v1_02_a/src -s include  "SHELL=CMD" "COMPILER=arm-xilinx-eabi-gcc" "ARCHIVER=arm-xilinx-eabi-ar" "COMPILER_FLAGS=  -O2 -c" "EXTRA_COMPILER_FLAGS=-g"
"Running Make include in ps7_cortexa9_0/libsrc/gpio_v4_0/src"
make -C ps7_cortexa9_0/libsrc/gpio_v4_0/src -s include  "SHELL=CMD" "COMPILER=arm-xilinx-eabi-gcc" "ARCHIVER=arm-xilinx-eabi-ar" "COMPILER_FLAGS=  -O2 -c" "EXTRA_COMPILER_FLAGS=-g"
"Running Make include in ps7_cortexa9_0/libsrc/gpiops_v2_1/src"
make -C ps7_cortexa9_0/libsrc/gpiops_v2_1/src -s include  "SHELL=CMD" "COMPILER=arm-xilinx-eabi-gcc" "ARCHIVER=arm-xilinx-eabi-ar" "COMPILER_FLAGS=  -O2 -c" "EXTRA_COMPILER_FLAGS=-g"
"Running Make include in ps7_cortexa9_0/libsrc/lwip141_v1_0/src"
make -C ps7_cortexa9_0/libsrc/lwip141_v1_0/src -s include  "SHELL=CMD" "COMPILER=arm-xilinx-eabi-gcc" "ARCHIVER=arm-xilinx-eabi-ar" "COMPILER_FLAGS=  -O2 -c" "EXTRA_COMPILER_FLAGS=-g"
"Running Make include in ps7_cortexa9_0/libsrc/qspips_v3_1/src"
make -C ps7_cortexa9_0/libsrc/qspips_v3_1/src -s include  "SHELL=CMD" "COMPILER=arm-xilinx-eabi-gcc" "ARCHIVER=arm-xilinx-eabi-ar" "COMPILER_FLAGS=  -O2 -c" "EXTRA_COMPILER_FLAGS=-g"
"Running Make include in ps7_cortexa9_0/libsrc/scugic_v2_1/src"
make -C ps7_cortexa9_0/libsrc/scugic_v2_1/src -s include  "SHELL=CMD" "COMPILER=arm-xilinx-eabi-gcc" "ARCHIVER=arm-xilinx-eabi-ar" "COMPILER_FLAGS=  -O2 -c" "EXTRA_COMPILER_FLAGS=-g"
"Running Make include in ps7_cortexa9_0/libsrc/scutimer_v2_0/src"
make -C ps7_cortexa9_0/libsrc/scutimer_v2_0/src -s include  "SHELL=CMD" "COMPILER=arm-xilinx-eabi-gcc" "ARCHIVER=arm-xilinx-eabi-ar" "COMPILER_FLAGS=  -O2 -c" "EXTRA_COMPILER_FLAGS=-g"
"Running Make include in ps7_cortexa9_0/libsrc/scuwdt_v2_0/src"
make -C ps7_cortexa9_0/libsrc/scuwdt_v2_0/src -s include  "SHELL=CMD" "COMPILER=arm-xilinx-eabi-gcc" "ARCHIVER=arm-xilinx-eabi-ar" "COMPILER_FLAGS=  -O2 -c" "EXTRA_COMPILER_FLAGS=-g"
"Running Make include in ps7_cortexa9_0/libsrc/sdps_v2_2/src"
make -C ps7_cortexa9_0/libsrc/sdps_v2_2/src -s include  "SHELL=CMD" "COMPILER=arm-xilinx-eabi-gcc" "ARCHIVER=arm-xilinx-eabi-ar" "COMPILER_FLAGS=  -O2 -c" "EXTRA_COMPILER_FLAGS=-g"
"Running Make include in ps7_cortexa9_0/libsrc/standalone_v4_1/src"
make -C ps7_cortexa9_0/libsrc/standalone_v4_1/src -s include  "SHELL=CMD" "COMPILER=arm-xilinx-eabi-gcc" "ARCHIVER=arm-xilinx-eabi-ar" "COMPILER_FLAGS=  -O2 -c" "EXTRA_COMPILER_FLAGS=-g"
"Running Make include in ps7_cortexa9_0/libsrc/ttcps_v2_0/src"
make -C ps7_cortexa9_0/libsrc/ttcps_v2_0/src -s include  "SHELL=CMD" "COMPILER=arm-xilinx-eabi-gcc" "ARCHIVER=arm-xilinx-eabi-ar" "COMPILER_FLAGS=  -O2 -c" "EXTRA_COMPILER_FLAGS=-g"
"Running Make include in ps7_cortexa9_0/libsrc/uartps_v2_2/src"
make -C ps7_cortexa9_0/libsrc/uartps_v2_2/src -s include  "SHELL=CMD" "COMPILER=arm-xilinx-eabi-gcc" "ARCHIVER=arm-xilinx-eabi-ar" "COMPILER_FLAGS=  -O2 -c" "EXTRA_COMPILER_FLAGS=-g"
"Running Make include in ps7_cortexa9_0/libsrc/usbps_v2_2/src"
make -C ps7_cortexa9_0/libsrc/usbps_v2_2/src -s include  "SHELL=CMD" "COMPILER=arm-xilinx-eabi-gcc" "ARCHIVER=arm-xilinx-eabi-ar" "COMPILER_FLAGS=  -O2 -c" "EXTRA_COMPILER_FLAGS=-g"
"Running Make include in ps7_cortexa9_0/libsrc/xadcps_v2_1/src"
make -C ps7_cortexa9_0/libsrc/xadcps_v2_1/src -s include  "SHELL=CMD" "COMPILER=arm-xilinx-eabi-gcc" "ARCHIVER=arm-xilinx-eabi-ar" "COMPILER_FLAGS=  -O2 -c" "EXTRA_COMPILER_FLAGS=-g"
"Running Make include in ps7_cortexa9_0/libsrc/xilmfs_v2_0/src"
make -C ps7_cortexa9_0/libsrc/xilmfs_v2_0/src -s include  "SHELL=CMD" "COMPILER=arm-xilinx-eabi-gcc" "ARCHIVER=arm-xilinx-eabi-ar" "COMPILER_FLAGS=  -O2 -c" "EXTRA_COMPILER_FLAGS=-g"
"Running Make libs in ps7_cortexa9_0/libsrc/cpu_cortexa9_v2_1/src"
make -C ps7_cortexa9_0/libsrc/cpu_cortexa9_v2_1/src -s libs  "SHELL=CMD" "COMPILER=arm-xilinx-eabi-gcc" "ARCHIVER=arm-xilinx-eabi-ar" "COMPILER_FLAGS=  -O2 -c" "EXTRA_COMPILER_FLAGS=-g"
"Compiling cpu_cortexa9"
"Running Make libs in ps7_cortexa9_0/libsrc/devcfg_v3_2/src"
make -C ps7_cortexa9_0/libsrc/devcfg_v3_2/src -s libs  "SHELL=CMD" "COMPILER=arm-xilinx-eabi-gcc" "ARCHIVER=arm-xilinx-eabi-ar" "COMPILER_FLAGS=  -O2 -c" "EXTRA_COMPILER_FLAGS=-g"
"Compiling devcfg"
arm-xilinx-eabi-ar: creating ../../../lib/libxil.a
"Running Make libs in ps7_cortexa9_0/libsrc/dmaps_v2_1/src"
make -C ps7_cortexa9_0/libsrc/dmaps_v2_1/src -s libs  "SHELL=CMD" "COMPILER=arm-xilinx-eabi-gcc" "ARCHIVER=arm-xilinx-eabi-ar" "COMPILER_FLAGS=  -O2 -c" "EXTRA_COMPILER_FLAGS=-g"
"Compiling dmaps"
"Running Make libs in ps7_cortexa9_0/libsrc/emacps_v2_1/src"
make -C ps7_cortexa9_0/libsrc/emacps_v2_1/src -s libs  "SHELL=CMD" "COMPILER=arm-xilinx-eabi-gcc" "ARCHIVER=arm-xilinx-eabi-ar" "COMPILER_FLAGS=  -O2 -c" "EXTRA_COMPILER_FLAGS=-g"
"Compiling emacps"
"Running Make libs in ps7_cortexa9_0/libsrc/freertos_zynq_v1_02_a/src"
make -C ps7_cortexa9_0/libsrc/freertos_zynq_v1_02_a/src -s libs  "SHELL=CMD" "COMPILER=arm-xilinx-eabi-gcc" "ARCHIVER=arm-xilinx-eabi-ar" "COMPILER_FLAGS=  -O2 -c" "EXTRA_COMPILER_FLAGS=-g"
"Compiling FreeRTOS"
arm-xilinx-eabi-ar: creating ../../../lib/libfreertos.a
"Running Make libs in ps7_cortexa9_0/libsrc/gpio_v4_0/src"
make -C ps7_cortexa9_0/libsrc/gpio_v4_0/src -s libs  "SHELL=CMD" "COMPILER=arm-xilinx-eabi-gcc" "ARCHIVER=arm-xilinx-eabi-ar" "COMPILER_FLAGS=  -O2 -c" "EXTRA_COMPILER_FLAGS=-g"
"Compiling gpio"
"Running Make libs in ps7_cortexa9_0/libsrc/gpiops_v2_1/src"
make -C ps7_cortexa9_0/libsrc/gpiops_v2_1/src -s libs  "SHELL=CMD" "COMPILER=arm-xilinx-eabi-gcc" "ARCHIVER=arm-xilinx-eabi-ar" "COMPILER_FLAGS=  -O2 -c" "EXTRA_COMPILER_FLAGS=-g"
"Compiling gpiops"
"Running Make libs in ps7_cortexa9_0/libsrc/lwip141_v1_0/src"
make -C ps7_cortexa9_0/libsrc/lwip141_v1_0/src -s libs  "SHELL=CMD" "COMPILER=arm-xilinx-eabi-gcc" "ARCHIVER=arm-xilinx-eabi-ar" "COMPILER_FLAGS=  -O2 -c" "EXTRA_COMPILER_FLAGS=-g"
"Compiling lwIP"
"Compiling lwIP adapter for Xilinx MAC"
"Creating archive liblwip4.a"
"clean target for lwip"
"Running Make libs in ps7_cortexa9_0/libsrc/qspips_v3_1/src"
make -C ps7_cortexa9_0/libsrc/qspips_v3_1/src -s libs  "SHELL=CMD" "COMPILER=arm-xilinx-eabi-gcc" "ARCHIVER=arm-xilinx-eabi-ar" "COMPILER_FLAGS=  -O2 -c" "EXTRA_COMPILER_FLAGS=-g"
"Compiling qspips"
"Running Make libs in ps7_cortexa9_0/libsrc/scugic_v2_1/src"
make -C ps7_cortexa9_0/libsrc/scugic_v2_1/src -s libs  "SHELL=CMD" "COMPILER=arm-xilinx-eabi-gcc" "ARCHIVER=arm-xilinx-eabi-ar" "COMPILER_FLAGS=  -O2 -c" "EXTRA_COMPILER_FLAGS=-g"
"Compiling scugic"
"Running Make libs in ps7_cortexa9_0/libsrc/scutimer_v2_0/src"
make -C ps7_cortexa9_0/libsrc/scutimer_v2_0/src -s libs  "SHELL=CMD" "COMPILER=arm-xilinx-eabi-gcc" "ARCHIVER=arm-xilinx-eabi-ar" "COMPILER_FLAGS=  -O2 -c" "EXTRA_COMPILER_FLAGS=-g"
"Compiling scutimer"
"Running Make libs in ps7_cortexa9_0/libsrc/scuwdt_v2_0/src"
make -C ps7_cortexa9_0/libsrc/scuwdt_v2_0/src -s libs  "SHELL=CMD" "COMPILER=arm-xilinx-eabi-gcc" "ARCHIVER=arm-xilinx-eabi-ar" "COMPILER_FLAGS=  -O2 -c" "EXTRA_COMPILER_FLAGS=-g"
"Compiling scuwdt"
"Running Make libs in ps7_cortexa9_0/libsrc/sdps_v2_2/src"
make -C ps7_cortexa9_0/libsrc/sdps_v2_2/src -s libs  "SHELL=CMD" "COMPILER=arm-xilinx-eabi-gcc" "ARCHIVER=arm-xilinx-eabi-ar" "COMPILER_FLAGS=  -O2 -c" "EXTRA_COMPILER_FLAGS=-g"
"Compiling sdps"
"Running Make libs in ps7_cortexa9_0/libsrc/standalone_v4_1/src"
make -C ps7_cortexa9_0/libsrc/standalone_v4_1/src -s libs  "SHELL=CMD" "COMPILER=arm-xilinx-eabi-gcc" "ARCHIVER=arm-xilinx-eabi-ar" "COMPILER_FLAGS=  -O2 -c" "EXTRA_COMPILER_FLAGS=-g"
"Compiling standalone"
"Running Make libs in ps7_cortexa9_0/libsrc/ttcps_v2_0/src"
make -C ps7_cortexa9_0/libsrc/ttcps_v2_0/src -s libs  "SHELL=CMD" "COMPILER=arm-xilinx-eabi-gcc" "ARCHIVER=arm-xilinx-eabi-ar" "COMPILER_FLAGS=  -O2 -c" "EXTRA_COMPILER_FLAGS=-g"
"Compiling ttcps"
"Running Make libs in ps7_cortexa9_0/libsrc/uartps_v2_2/src"
make -C ps7_cortexa9_0/libsrc/uartps_v2_2/src -s libs  "SHELL=CMD" "COMPILER=arm-xilinx-eabi-gcc" "ARCHIVER=arm-xilinx-eabi-ar" "COMPILER_FLAGS=  -O2 -c" "EXTRA_COMPILER_FLAGS=-g"
"Compiling uartps"
"Running Make libs in ps7_cortexa9_0/libsrc/usbps_v2_2/src"
make -C ps7_cortexa9_0/libsrc/usbps_v2_2/src -s libs  "SHELL=CMD" "COMPILER=arm-xilinx-eabi-gcc" "ARCHIVER=arm-xilinx-eabi-ar" "COMPILER_FLAGS=  -O2 -c" "EXTRA_COMPILER_FLAGS=-g"
"Compiling usbps"
"Running Make libs in ps7_cortexa9_0/libsrc/xadcps_v2_1/src"
make -C ps7_cortexa9_0/libsrc/xadcps_v2_1/src -s libs  "SHELL=CMD" "COMPILER=arm-xilinx-eabi-gcc" "ARCHIVER=arm-xilinx-eabi-ar" "COMPILER_FLAGS=  -O2 -c" "EXTRA_COMPILER_FLAGS=-g"
"Compiling xadcps"
"Running Make libs in ps7_cortexa9_0/libsrc/xilmfs_v2_0/src"
make -C ps7_cortexa9_0/libsrc/xilmfs_v2_0/src -s libs  "SHELL=CMD" "COMPILER=arm-xilinx-eabi-gcc" "ARCHIVER=arm-xilinx-eabi-ar" "COMPILER_FLAGS=  -O2 -c" "EXTRA_COMPILER_FLAGS=-g"
'Finished building libraries'

**** Build of configuration Debug for project FinalProject_ESDC ****

Nothing to build for project FinalProject_ESDC
11:11:01 **** Auto Build of project FinalProject_ESDC_bsp ****
make -k all 
"Running Make include in ps7_cortexa9_0/libsrc/cpu_cortexa9_v2_1/src"
make -C ps7_cortexa9_0/libsrc/cpu_cortexa9_v2_1/src -s include  "SHELL=CMD" "COMPILER=arm-xilinx-eabi-gcc" "ARCHIVER=arm-xilinx-eabi-ar" "COMPILER_FLAGS=  -O2 -c" "EXTRA_COMPILER_FLAGS=-g"
"Running Make include in ps7_cortexa9_0/libsrc/devcfg_v3_2/src"
make -C ps7_cortexa9_0/libsrc/devcfg_v3_2/src -s include  "SHELL=CMD" "COMPILER=arm-xilinx-eabi-gcc" "ARCHIVER=arm-xilinx-eabi-ar" "COMPILER_FLAGS=  -O2 -c" "EXTRA_COMPILER_FLAGS=-g"
"Running Make include in ps7_cortexa9_0/libsrc/dmaps_v2_1/src"
make -C ps7_cortexa9_0/libsrc/dmaps_v2_1/src -s include  "SHELL=CMD" "COMPILER=arm-xilinx-eabi-gcc" "ARCHIVER=arm-xilinx-eabi-ar" "COMPILER_FLAGS=  -O2 -c" "EXTRA_COMPILER_FLAGS=-g"
"Running Make include in ps7_cortexa9_0/libsrc/emacps_v2_1/src"
make -C ps7_cortexa9_0/libsrc/emacps_v2_1/src -s include  "SHELL=CMD" "COMPILER=arm-xilinx-eabi-gcc" "ARCHIVER=arm-xilinx-eabi-ar" "COMPILER_FLAGS=  -O2 -c" "EXTRA_COMPILER_FLAGS=-g"
"Running Make include in ps7_cortexa9_0/libsrc/freertos_zynq_v1_02_a/src"
make -C ps7_cortexa9_0/libsrc/freertos_zynq_v1_02_a/src -s include  "SHELL=CMD" "COMPILER=arm-xilinx-eabi-gcc" "ARCHIVER=arm-xilinx-eabi-ar" "COMPILER_FLAGS=  -O2 -c" "EXTRA_COMPILER_FLAGS=-g"
"Running Make include in ps7_cortexa9_0/libsrc/gpio_v4_0/src"
make -C ps7_cortexa9_0/libsrc/gpio_v4_0/src -s include  "SHELL=CMD" "COMPILER=arm-xilinx-eabi-gcc" "ARCHIVER=arm-xilinx-eabi-ar" "COMPILER_FLAGS=  -O2 -c" "EXTRA_COMPILER_FLAGS=-g"
"Running Make include in ps7_cortexa9_0/libsrc/gpiops_v2_1/src"
make -C ps7_cortexa9_0/libsrc/gpiops_v2_1/src -s include  "SHELL=CMD" "COMPILER=arm-xilinx-eabi-gcc" "ARCHIVER=arm-xilinx-eabi-ar" "COMPILER_FLAGS=  -O2 -c" "EXTRA_COMPILER_FLAGS=-g"
"Running Make include in ps7_cortexa9_0/libsrc/lwip141_v1_0/src"
make -C ps7_cortexa9_0/libsrc/lwip141_v1_0/src -s include  "SHELL=CMD" "COMPILER=arm-xilinx-eabi-gcc" "ARCHIVER=arm-xilinx-eabi-ar" "COMPILER_FLAGS=  -O2 -c" "EXTRA_COMPILER_FLAGS=-g"
"Running Make include in ps7_cortexa9_0/libsrc/qspips_v3_1/src"
make -C ps7_cortexa9_0/libsrc/qspips_v3_1/src -s include  "SHELL=CMD" "COMPILER=arm-xilinx-eabi-gcc" "ARCHIVER=arm-xilinx-eabi-ar" "COMPILER_FLAGS=  -O2 -c" "EXTRA_COMPILER_FLAGS=-g"
"Running Make include in ps7_cortexa9_0/libsrc/scugic_v2_1/src"
make -C ps7_cortexa9_0/libsrc/scugic_v2_1/src -s include  "SHELL=CMD" "COMPILER=arm-xilinx-eabi-gcc" "ARCHIVER=arm-xilinx-eabi-ar" "COMPILER_FLAGS=  -O2 -c" "EXTRA_COMPILER_FLAGS=-g"
"Running Make include in ps7_cortexa9_0/libsrc/scutimer_v2_0/src"
make -C ps7_cortexa9_0/libsrc/scutimer_v2_0/src -s include  "SHELL=CMD" "COMPILER=arm-xilinx-eabi-gcc" "ARCHIVER=arm-xilinx-eabi-ar" "COMPILER_FLAGS=  -O2 -c" "EXTRA_COMPILER_FLAGS=-g"
"Running Make include in ps7_cortexa9_0/libsrc/scuwdt_v2_0/src"
make -C ps7_cortexa9_0/libsrc/scuwdt_v2_0/src -s include  "SHELL=CMD" "COMPILER=arm-xilinx-eabi-gcc" "ARCHIVER=arm-xilinx-eabi-ar" "COMPILER_FLAGS=  -O2 -c" "EXTRA_COMPILER_FLAGS=-g"
"Running Make include in ps7_cortexa9_0/libsrc/sdps_v2_2/src"
make -C ps7_cortexa9_0/libsrc/sdps_v2_2/src -s include  "SHELL=CMD" "COMPILER=arm-xilinx-eabi-gcc" "ARCHIVER=arm-xilinx-eabi-ar" "COMPILER_FLAGS=  -O2 -c" "EXTRA_COMPILER_FLAGS=-g"
"Running Make include in ps7_cortexa9_0/libsrc/standalone_v4_1/src"
make -C ps7_cortexa9_0/libsrc/standalone_v4_1/src -s include  "SHELL=CMD" "COMPILER=arm-xilinx-eabi-gcc" "ARCHIVER=arm-xilinx-eabi-ar" "COMPILER_FLAGS=  -O2 -c" "EXTRA_COMPILER_FLAGS=-g"
"Running Make include in ps7_cortexa9_0/libsrc/ttcps_v2_0/src"
make -C ps7_cortexa9_0/libsrc/ttcps_v2_0/src -s include  "SHELL=CMD" "COMPILER=arm-xilinx-eabi-gcc" "ARCHIVER=arm-xilinx-eabi-ar" "COMPILER_FLAGS=  -O2 -c" "EXTRA_COMPILER_FLAGS=-g"
"Running Make include in ps7_cortexa9_0/libsrc/uartps_v2_2/src"
make -C ps7_cortexa9_0/libsrc/uartps_v2_2/src -s include  "SHELL=CMD" "COMPILER=arm-xilinx-eabi-gcc" "ARCHIVER=arm-xilinx-eabi-ar" "COMPILER_FLAGS=  -O2 -c" "EXTRA_COMPILER_FLAGS=-g"
"Running Make include in ps7_cortexa9_0/libsrc/usbps_v2_2/src"
make -C ps7_cortexa9_0/libsrc/usbps_v2_2/src -s include  "SHELL=CMD" "COMPILER=arm-xilinx-eabi-gcc" "ARCHIVER=arm-xilinx-eabi-ar" "COMPILER_FLAGS=  -O2 -c" "EXTRA_COMPILER_FLAGS=-g"
"Running Make include in ps7_cortexa9_0/libsrc/xadcps_v2_1/src"
make -C ps7_cortexa9_0/libsrc/xadcps_v2_1/src -s include  "SHELL=CMD" "COMPILER=arm-xilinx-eabi-gcc" "ARCHIVER=arm-xilinx-eabi-ar" "COMPILER_FLAGS=  -O2 -c" "EXTRA_COMPILER_FLAGS=-g"
"Running Make include in ps7_cortexa9_0/libsrc/xilmfs_v2_0/src"
make -C ps7_cortexa9_0/libsrc/xilmfs_v2_0/src -s include  "SHELL=CMD" "COMPILER=arm-xilinx-eabi-gcc" "ARCHIVER=arm-xilinx-eabi-ar" "COMPILER_FLAGS=  -O2 -c" "EXTRA_COMPILER_FLAGS=-g"
"Running Make libs in ps7_cortexa9_0/libsrc/cpu_cortexa9_v2_1/src"
make -C ps7_cortexa9_0/libsrc/cpu_cortexa9_v2_1/src -s libs  "SHELL=CMD" "COMPILER=arm-xilinx-eabi-gcc" "ARCHIVER=arm-xilinx-eabi-ar" "COMPILER_FLAGS=  -O2 -c" "EXTRA_COMPILER_FLAGS=-g"
"Compiling cpu_cortexa9"
"Running Make libs in ps7_cortexa9_0/libsrc/devcfg_v3_2/src"
make -C ps7_cortexa9_0/libsrc/devcfg_v3_2/src -s libs  "SHELL=CMD" "COMPILER=arm-xilinx-eabi-gcc" "ARCHIVER=arm-xilinx-eabi-ar" "COMPILER_FLAGS=  -O2 -c" "EXTRA_COMPILER_FLAGS=-g"
"Compiling devcfg"
arm-xilinx-eabi-ar: creating ../../../lib/libxil.a
"Running Make libs in ps7_cortexa9_0/libsrc/dmaps_v2_1/src"
make -C ps7_cortexa9_0/libsrc/dmaps_v2_1/src -s libs  "SHELL=CMD" "COMPILER=arm-xilinx-eabi-gcc" "ARCHIVER=arm-xilinx-eabi-ar" "COMPILER_FLAGS=  -O2 -c" "EXTRA_COMPILER_FLAGS=-g"
"Compiling dmaps"
"Running Make libs in ps7_cortexa9_0/libsrc/emacps_v2_1/src"
make -C ps7_cortexa9_0/libsrc/emacps_v2_1/src -s libs  "SHELL=CMD" "COMPILER=arm-xilinx-eabi-gcc" "ARCHIVER=arm-xilinx-eabi-ar" "COMPILER_FLAGS=  -O2 -c" "EXTRA_COMPILER_FLAGS=-g"
"Compiling emacps"
"Running Make libs in ps7_cortexa9_0/libsrc/freertos_zynq_v1_02_a/src"
make -C ps7_cortexa9_0/libsrc/freertos_zynq_v1_02_a/src -s libs  "SHELL=CMD" "COMPILER=arm-xilinx-eabi-gcc" "ARCHIVER=arm-xilinx-eabi-ar" "COMPILER_FLAGS=  -O2 -c" "EXTRA_COMPILER_FLAGS=-g"
"Compiling FreeRTOS"
arm-xilinx-eabi-ar: creating ../../../lib/libfreertos.a
"Running Make libs in ps7_cortexa9_0/libsrc/gpio_v4_0/src"
make -C ps7_cortexa9_0/libsrc/gpio_v4_0/src -s libs  "SHELL=CMD" "COMPILER=arm-xilinx-eabi-gcc" "ARCHIVER=arm-xilinx-eabi-ar" "COMPILER_FLAGS=  -O2 -c" "EXTRA_COMPILER_FLAGS=-g"
"Compiling gpio"
"Running Make libs in ps7_cortexa9_0/libsrc/gpiops_v2_1/src"
make -C ps7_cortexa9_0/libsrc/gpiops_v2_1/src -s libs  "SHELL=CMD" "COMPILER=arm-xilinx-eabi-gcc" "ARCHIVER=arm-xilinx-eabi-ar" "COMPILER_FLAGS=  -O2 -c" "EXTRA_COMPILER_FLAGS=-g"
"Compiling gpiops"
"Running Make libs in ps7_cortexa9_0/libsrc/lwip141_v1_0/src"
make -C ps7_cortexa9_0/libsrc/lwip141_v1_0/src -s libs  "SHELL=CMD" "COMPILER=arm-xilinx-eabi-gcc" "ARCHIVER=arm-xilinx-eabi-ar" "COMPILER_FLAGS=  -O2 -c" "EXTRA_COMPILER_FLAGS=-g"
"Compiling lwIP"
"Compiling lwIP adapter for Xilinx MAC"
"Creating archive liblwip4.a"
"clean target for lwip"
"Running Make libs in ps7_cortexa9_0/libsrc/qspips_v3_1/src"
make -C ps7_cortexa9_0/libsrc/qspips_v3_1/src -s libs  "SHELL=CMD" "COMPILER=arm-xilinx-eabi-gcc" "ARCHIVER=arm-xilinx-eabi-ar" "COMPILER_FLAGS=  -O2 -c" "EXTRA_COMPILER_FLAGS=-g"
"Compiling qspips"
"Running Make libs in ps7_cortexa9_0/libsrc/scugic_v2_1/src"
make -C ps7_cortexa9_0/libsrc/scugic_v2_1/src -s libs  "SHELL=CMD" "COMPILER=arm-xilinx-eabi-gcc" "ARCHIVER=arm-xilinx-eabi-ar" "COMPILER_FLAGS=  -O2 -c" "EXTRA_COMPILER_FLAGS=-g"
"Compiling scugic"
"Running Make libs in ps7_cortexa9_0/libsrc/scutimer_v2_0/src"
make -C ps7_cortexa9_0/libsrc/scutimer_v2_0/src -s libs  "SHELL=CMD" "COMPILER=arm-xilinx-eabi-gcc" "ARCHIVER=arm-xilinx-eabi-ar" "COMPILER_FLAGS=  -O2 -c" "EXTRA_COMPILER_FLAGS=-g"
"Compiling scutimer"
"Running Make libs in ps7_cortexa9_0/libsrc/scuwdt_v2_0/src"
make -C ps7_cortexa9_0/libsrc/scuwdt_v2_0/src -s libs  "SHELL=CMD" "COMPILER=arm-xilinx-eabi-gcc" "ARCHIVER=arm-xilinx-eabi-ar" "COMPILER_FLAGS=  -O2 -c" "EXTRA_COMPILER_FLAGS=-g"
"Compiling scuwdt"
"Running Make libs in ps7_cortexa9_0/libsrc/sdps_v2_2/src"
make -C ps7_cortexa9_0/libsrc/sdps_v2_2/src -s libs  "SHELL=CMD" "COMPILER=arm-xilinx-eabi-gcc" "ARCHIVER=arm-xilinx-eabi-ar" "COMPILER_FLAGS=  -O2 -c" "EXTRA_COMPILER_FLAGS=-g"
"Compiling sdps"
"Running Make libs in ps7_cortexa9_0/libsrc/standalone_v4_1/src"
make -C ps7_cortexa9_0/libsrc/standalone_v4_1/src -s libs  "SHELL=CMD" "COMPILER=arm-xilinx-eabi-gcc" "ARCHIVER=arm-xilinx-eabi-ar" "COMPILER_FLAGS=  -O2 -c" "EXTRA_COMPILER_FLAGS=-g"
"Compiling standalone"
"Running Make libs in ps7_cortexa9_0/libsrc/ttcps_v2_0/src"
make -C ps7_cortexa9_0/libsrc/ttcps_v2_0/src -s libs  "SHELL=CMD" "COMPILER=arm-xilinx-eabi-gcc" "ARCHIVER=arm-xilinx-eabi-ar" "COMPILER_FLAGS=  -O2 -c" "EXTRA_COMPILER_FLAGS=-g"
"Compiling ttcps"
"Running Make libs in ps7_cortexa9_0/libsrc/uartps_v2_2/src"
make -C ps7_cortexa9_0/libsrc/uartps_v2_2/src -s libs  "SHELL=CMD" "COMPILER=arm-xilinx-eabi-gcc" "ARCHIVER=arm-xilinx-eabi-ar" "COMPILER_FLAGS=  -O2 -c" "EXTRA_COMPILER_FLAGS=-g"
"Compiling uartps"
"Running Make libs in ps7_cortexa9_0/libsrc/usbps_v2_2/src"
make -C ps7_cortexa9_0/libsrc/usbps_v2_2/src -s libs  "SHELL=CMD" "COMPILER=arm-xilinx-eabi-gcc" "ARCHIVER=arm-xilinx-eabi-ar" "COMPILER_FLAGS=  -O2 -c" "EXTRA_COMPILER_FLAGS=-g"
"Compiling usbps"
"Running Make libs in ps7_cortexa9_0/libsrc/xadcps_v2_1/src"
make -C ps7_cortexa9_0/libsrc/xadcps_v2_1/src -s libs  "SHELL=CMD" "COMPILER=arm-xilinx-eabi-gcc" "ARCHIVER=arm-xilinx-eabi-ar" "COMPILER_FLAGS=  -O2 -c" "EXTRA_COMPILER_FLAGS=-g"
"Compiling xadcps"
"Running Make libs in ps7_cortexa9_0/libsrc/xilmfs_v2_0/src"
make -C ps7_cortexa9_0/libsrc/xilmfs_v2_0/src -s libs  "SHELL=CMD" "COMPILER=arm-xilinx-eabi-gcc" "ARCHIVER=arm-xilinx-eabi-ar" "COMPILER_FLAGS=  -O2 -c" "EXTRA_COMPILER_FLAGS=-g"
'Finished building libraries'

****  of configuration Debug for project FinalProject_ESDC ****

Nothing to build for project FinalProject_ESDC
11:11:30 **** Auto Build of configuration Debug for project FinalProject_ESDC ****
make all 
'Building file: ../src/dispatch.c'
'Invoking: ARM gcc compiler'
arm-xilinx-eabi-gcc -Wall -O0 -g3 -c -fmessage-length=0 -I../../FinalProject_ESDC_bsp/ps7_cortexa9_0/include -MMD -MP -MF"src/dispatch.d" -MT"src/dispatch.d" -o "src/dispatch.o" "../src/dispatch.c"
'Finished building: ../src/dispatch.c'
' '
'Building file: ../src/echo.c'
'Invoking: ARM gcc compiler'
arm-xilinx-eabi-gcc -Wall -O0 -g3 -c -fmessage-length=0 -I../../FinalProject_ESDC_bsp/ps7_cortexa9_0/include -MMD -MP -MF"src/echo.d" -MT"src/echo.d" -o "src/echo.o" "../src/echo.c"
'Finished building: ../src/echo.c'
' '
'Building file: ../src/main.c'
'Invoking: ARM gcc compiler'
arm-xilinx-eabi-gcc -Wall -O0 -g3 -c -fmessage-length=0 -I../../FinalProject_ESDC_bsp/ps7_cortexa9_0/include -MMD -MP -MF"src/main.d" -MT"src/main.d" -o "src/main.o" "../src/main.c"
'Finished building: ../src/main.c'
' '
'Building target: FinalProject_ESDC.elf'
'Invoking: ARM gcc linker'
arm-xilinx-eabi-gcc -Wl,-T -Wl,../src/lscript.ld -L../../FinalProject_ESDC_bsp/ps7_cortexa9_0/lib -o "FinalProject_ESDC.elf"  ./src/dispatch.o ./src/echo.o ./src/main.o   -Wl,--start-group,-lxil,-lfreertos,-lgcc,-lc,--end-group -Wl,--start-group,-lxil,-llwip4,-lgcc,-lc,--end-group
'Finished building target: FinalProject_ESDC.elf'
' '
'Invoking: ARM Print Size'
arm-xilinx-eabi-size FinalProject_ESDC.elf  |tee "FinalProject_ESDC.elf.size"
   text	   data	    bss	    dec	    hex	filename
 163596	   3116	10928140	11094852	 a94b44	FinalProject_ESDC.elf
'Finished building: FinalProject_ESDC.elf.size'
' '
11:12:21 **** Auto Build of configuration Debug for project FinalProject_ESDC ****
make all 
'Building file: ../src/main.c'
'Invoking: ARM gcc compiler'
arm-xilinx-eabi-gcc -Wall -O0 -g3 -c -fmessage-length=0 -I../../FinalProject_ESDC_bsp/ps7_cortexa9_0/include -MMD -MP -MF"src/main.d" -MT"src/main.d" -o "src/main.o" "../src/main.c"
'Finished building: ../src/main.c'
' '
'Building target: FinalProject_ESDC.elf'
'Invoking: ARM gcc linker'
arm-xilinx-eabi-gcc -Wl,-T -Wl,../src/lscript.ld -L../../FinalProject_ESDC_bsp/ps7_cortexa9_0/lib -o "FinalProject_ESDC.elf"  ./src/dispatch.o ./src/echo.o ./src/main.o   -Wl,--start-group,-lxil,-lfreertos,-lgcc,-lc,--end-group -Wl,--start-group,-lxil,-llwip4,-lgcc,-lc,--end-group
'Finished building target: FinalProject_ESDC.elf'
' '
'Invoking: ARM Print Size'
arm-xilinx-eabi-size FinalProject_ESDC.elf  |tee "FinalProject_ESDC.elf.size"
   text	   data	    bss	    dec	    hex	filename
 163596	   3116	10928140	11094852	 a94b44	FinalProject_ESDC.elf
'Finished building: FinalProject_ESDC.elf.size'
' '
11:12:41 **** Incremental Build of configuration Debug for project FinalProject_ESDC ****
make all 
make: No se hace nada para `all'.
11:13:42 **** Incremental Build of configuration Debug for project FinalProject_ESDC ****
make all 
make: No se hace nada para `all'.
11:14:57 **** Auto Build of configuration Debug for project FinalProject_ESDC ****
make all 
'Building file: ../src/echo.c'
'Invoking: ARM gcc compiler'
arm-xilinx-eabi-gcc -Wall -O0 -g3 -c -fmessage-length=0 -I../../FinalProject_ESDC_bsp/ps7_cortexa9_0/include -MMD -MP -MF"src/echo.d" -MT"src/echo.d" -o "src/echo.o" "../src/echo.c"
'Finished building: ../src/echo.c'
' '
'Building target: FinalProject_ESDC.elf'
'Invoking: ARM gcc linker'
arm-xilinx-eabi-gcc -Wl,-T -Wl,../src/lscript.ld -L../../FinalProject_ESDC_bsp/ps7_cortexa9_0/lib -o "FinalProject_ESDC.elf"  ./src/dispatch.o ./src/echo.o ./src/main.o   -Wl,--start-group,-lxil,-lfreertos,-lgcc,-lc,--end-group -Wl,--start-group,-lxil,-llwip4,-lgcc,-lc,--end-group
'Finished building target: FinalProject_ESDC.elf'
' '
'Invoking: ARM Print Size'
arm-xilinx-eabi-size FinalProject_ESDC.elf  |tee "FinalProject_ESDC.elf.size"
   text	   data	    bss	    dec	    hex	filename
 163596	   3116	10928140	11094852	 a94b44	FinalProject_ESDC.elf
'Finished building: FinalProject_ESDC.elf.size'
' '
11:15:46 **** Incremental Build of configuration Debug for project FinalProject_ESDC ****
make all 
make: No se hace nada para `all'.
11:24:28 **** Auto Build of configuration Debug for project FinalProject_ESDC ****
make all 
'Building file: ../src/echo.c'
'Invoking: ARM gcc compiler'
arm-xilinx-eabi-gcc -Wall -O0 -g3 -c -fmessage-length=0 -I../../FinalProject_ESDC_bsp/ps7_cortexa9_0/include -MMD -MP -MF"src/echo.d" -MT"src/echo.d" -o "src/echo.o" "../src/echo.c"
../src/echo.c: In function 'echo_application_thread':
../src/echo.c:104:4: warning: implicit declaration of function 'print_ip' [-Wimplicit-function-declaration]
    print_ip("Address: ", remote.sin_addr);
    ^
'Finished building: ../src/echo.c'
' '
'Building target: FinalProject_ESDC.elf'
'Invoking: ARM gcc linker'
arm-xilinx-eabi-gcc -Wl,-T -Wl,../src/lscript.ld -L../../FinalProject_ESDC_bsp/ps7_cortexa9_0/lib -o "FinalProject_ESDC.elf"  ./src/dispatch.o ./src/echo.o ./src/main.o   -Wl,--start-group,-lxil,-lfreertos,-lgcc,-lc,--end-group -Wl,--start-group,-lxil,-llwip4,-lgcc,-lc,--end-group
'Finished building target: FinalProject_ESDC.elf'
' '
'Invoking: ARM Print Size'
arm-xilinx-eabi-size FinalProject_ESDC.elf  |tee "FinalProject_ESDC.elf.size"
   text	   data	    bss	    dec	    hex	filename
 163604	   3116	10928140	11094860	 a94b4c	FinalProject_ESDC.elf
'Finished building: FinalProject_ESDC.elf.size'
' '
11:25:09 **** Auto Build of configuration Debug for project FinalProject_ESDC ****
make all 
'Building file: ../src/echo.c'
'Invoking: ARM gcc compiler'
arm-xilinx-eabi-gcc -Wall -O0 -g3 -c -fmessage-length=0 -I../../FinalProject_ESDC_bsp/ps7_cortexa9_0/include -MMD -MP -MF"src/echo.d" -MT"src/echo.d" -o "src/echo.o" "../src/echo.c"
../src/echo.c: In function 'echo_application_thread':
../src/echo.c:111:4: error: incompatible type for argument 2 of 'print_ip'
    print_ip("Address: ", remote.sin_addr);
    ^
../src/echo.c:36:6: note: expected 'struct ip_addr *' but argument is of type 'struct in_addr'
 void print_ip(char *msg, struct ip_addr *ip)
      ^
make: *** [src/echo.o] Error 1
11:26:16 **** Auto Build of configuration Debug for project FinalProject_ESDC ****
make all 
'Building file: ../src/echo.c'
'Invoking: ARM gcc compiler'
arm-xilinx-eabi-gcc -Wall -O0 -g3 -c -fmessage-length=0 -I../../FinalProject_ESDC_bsp/ps7_cortexa9_0/include -MMD -MP -MF"src/echo.d" -MT"src/echo.d" -o "src/echo.o" "../src/echo.c"
../src/echo.c: In function 'echo_application_thread':
../src/echo.c:112:4: error: incompatible type for argument 2 of 'print_ip'
    print_ip("Address: ", remote.sin_addr);
    ^
../src/echo.c:37:6: note: expected 'struct ip_addr *' but argument is of type 'struct in_addr'
 void print_ip(char *msg, struct ip_addr *ip)
      ^
make: *** [src/echo.o] Error 1
11:28:17 **** Auto Build of configuration Debug for project FinalProject_ESDC ****
make all 
'Building file: ../src/echo.c'
'Invoking: ARM gcc compiler'
arm-xilinx-eabi-gcc -Wall -O0 -g3 -c -fmessage-length=0 -I../../FinalProject_ESDC_bsp/ps7_cortexa9_0/include -MMD -MP -MF"src/echo.d" -MT"src/echo.d" -o "src/echo.o" "../src/echo.c"
'Finished building: ../src/echo.c'
' '
'Building target: FinalProject_ESDC.elf'
'Invoking: ARM gcc linker'
arm-xilinx-eabi-gcc -Wl,-T -Wl,../src/lscript.ld -L../../FinalProject_ESDC_bsp/ps7_cortexa9_0/lib -o "FinalProject_ESDC.elf"  ./src/dispatch.o ./src/echo.o ./src/main.o   -Wl,--start-group,-lxil,-lfreertos,-lgcc,-lc,--end-group -Wl,--start-group,-lxil,-llwip4,-lgcc,-lc,--end-group
./src/main.o: In function `print_ip':
C:\Users\adria.gil\Desktop\FinalProject\FinalProject_ESDC\Debug/../src/main.c:43: multiple definition of `print_ip'
./src/echo.o:C:\Users\adria.gil\Desktop\FinalProject\FinalProject_ESDC\Debug/../src/echo.c:38: first defined here
collect2.exe: error: ld returned 1 exit status
make: *** [FinalProject_ESDC.elf] Error 1
11:28:26 **** Auto Build of configuration Debug for project FinalProject_ESDC ****
make all 
'Building file: ../src/echo.c'
'Invoking: ARM gcc compiler'
arm-xilinx-eabi-gcc -Wall -O0 -g3 -c -fmessage-length=0 -I../../FinalProject_ESDC_bsp/ps7_cortexa9_0/include -MMD -MP -MF"src/echo.d" -MT"src/echo.d" -o "src/echo.o" "../src/echo.c"
'Finished building: ../src/echo.c'
' '
'Building target: FinalProject_ESDC.elf'
'Invoking: ARM gcc linker'
arm-xilinx-eabi-gcc -Wl,-T -Wl,../src/lscript.ld -L../../FinalProject_ESDC_bsp/ps7_cortexa9_0/lib -o "FinalProject_ESDC.elf"  ./src/dispatch.o ./src/echo.o ./src/main.o   -Wl,--start-group,-lxil,-lfreertos,-lgcc,-lc,--end-group -Wl,--start-group,-lxil,-llwip4,-lgcc,-lc,--end-group
'Finished building target: FinalProject_ESDC.elf'
' '
'Invoking: ARM Print Size'
arm-xilinx-eabi-size FinalProject_ESDC.elf  |tee "FinalProject_ESDC.elf.size"
   text	   data	    bss	    dec	    hex	filename
 163676	   3116	10928140	11094932	 a94b94	FinalProject_ESDC.elf
'Finished building: FinalProject_ESDC.elf.size'
' '
11:28:55 **** Auto Build of configuration Debug for project FinalProject_ESDC ****
make all 
'Building file: ../src/echo.c'
'Invoking: ARM gcc compiler'
arm-xilinx-eabi-gcc -Wall -O0 -g3 -c -fmessage-length=0 -I../../FinalProject_ESDC_bsp/ps7_cortexa9_0/include -MMD -MP -MF"src/echo.d" -MT"src/echo.d" -o "src/echo.o" "../src/echo.c"
'Finished building: ../src/echo.c'
' '
'Building target: FinalProject_ESDC.elf'
'Invoking: ARM gcc linker'
arm-xilinx-eabi-gcc -Wl,-T -Wl,../src/lscript.ld -L../../FinalProject_ESDC_bsp/ps7_cortexa9_0/lib -o "FinalProject_ESDC.elf"  ./src/dispatch.o ./src/echo.o ./src/main.o   -Wl,--start-group,-lxil,-lfreertos,-lgcc,-lc,--end-group -Wl,--start-group,-lxil,-llwip4,-lgcc,-lc,--end-group
'Finished building target: FinalProject_ESDC.elf'
' '
'Invoking: ARM Print Size'
arm-xilinx-eabi-size FinalProject_ESDC.elf  |tee "FinalProject_ESDC.elf.size"
   text	   data	    bss	    dec	    hex	filename
 163692	   3116	10928140	11094948	 a94ba4	FinalProject_ESDC.elf
'Finished building: FinalProject_ESDC.elf.size'
' '
11:29:02 **** Incremental Build of configuration Debug for project FinalProject_ESDC ****
make all 
make: No se hace nada para `all'.
11:29:48 **** Auto Build of configuration Debug for project FinalProject_ESDC ****
make all 
'Building file: ../src/main.c'
'Invoking: ARM gcc compiler'
arm-xilinx-eabi-gcc -Wall -O0 -g3 -c -fmessage-length=0 -I../../FinalProject_ESDC_bsp/ps7_cortexa9_0/include -MMD -MP -MF"src/main.d" -MT"src/main.d" -o "src/main.o" "../src/main.c"
'Finished building: ../src/main.c'
' '
'Building target: FinalProject_ESDC.elf'
'Invoking: ARM gcc linker'
arm-xilinx-eabi-gcc -Wl,-T -Wl,../src/lscript.ld -L../../FinalProject_ESDC_bsp/ps7_cortexa9_0/lib -o "FinalProject_ESDC.elf"  ./src/dispatch.o ./src/echo.o ./src/main.o   -Wl,--start-group,-lxil,-lfreertos,-lgcc,-lc,--end-group -Wl,--start-group,-lxil,-llwip4,-lgcc,-lc,--end-group
'Finished building target: FinalProject_ESDC.elf'
' '
'Invoking: ARM Print Size'
arm-xilinx-eabi-size FinalProject_ESDC.elf  |tee "FinalProject_ESDC.elf.size"
   text	   data	    bss	    dec	    hex	filename
 163692	   3116	10928140	11094948	 a94ba4	FinalProject_ESDC.elf
'Finished building: FinalProject_ESDC.elf.size'
' '
11:29:54 **** Incremental Build of configuration Debug for project FinalProject_ESDC ****
make all 
make: No se hace nada para `all'.
11:33:11 **** Auto Build of configuration Debug for project FinalProject_ESDC ****
make all 
'Building file: ../src/main.c'
'Invoking: ARM gcc compiler'
arm-xilinx-eabi-gcc -Wall -O0 -g3 -c -fmessage-length=0 -I../../FinalProject_ESDC_bsp/ps7_cortexa9_0/include -MMD -MP -MF"src/main.d" -MT"src/main.d" -o "src/main.o" "../src/main.c"
'Finished building: ../src/main.c'
' '
'Building target: FinalProject_ESDC.elf'
'Invoking: ARM gcc linker'
arm-xilinx-eabi-gcc -Wl,-T -Wl,../src/lscript.ld -L../../FinalProject_ESDC_bsp/ps7_cortexa9_0/lib -o "FinalProject_ESDC.elf"  ./src/dispatch.o ./src/echo.o ./src/main.o   -Wl,--start-group,-lxil,-lfreertos,-lgcc,-lc,--end-group -Wl,--start-group,-lxil,-llwip4,-lgcc,-lc,--end-group
'Finished building target: FinalProject_ESDC.elf'
' '
'Invoking: ARM Print Size'
arm-xilinx-eabi-size FinalProject_ESDC.elf  |tee "FinalProject_ESDC.elf.size"
   text	   data	    bss	    dec	    hex	filename
 163692	   3116	10928140	11094948	 a94ba4	FinalProject_ESDC.elf
'Finished building: FinalProject_ESDC.elf.size'
' '
11:33:18 **** Auto Build of configuration Debug for project FinalProject_ESDC ****
make all 
'Building file: ../src/main.c'
'Invoking: ARM gcc compiler'
arm-xilinx-eabi-gcc -Wall -O0 -g3 -c -fmessage-length=0 -I../../FinalProject_ESDC_bsp/ps7_cortexa9_0/include -MMD -MP -MF"src/main.d" -MT"src/main.d" -o "src/main.o" "../src/main.c"
'Finished building: ../src/main.c'
' '
'Building target: FinalProject_ESDC.elf'
'Invoking: ARM gcc linker'
arm-xilinx-eabi-gcc -Wl,-T -Wl,../src/lscript.ld -L../../FinalProject_ESDC_bsp/ps7_cortexa9_0/lib -o "FinalProject_ESDC.elf"  ./src/dispatch.o ./src/echo.o ./src/main.o   -Wl,--start-group,-lxil,-lfreertos,-lgcc,-lc,--end-group -Wl,--start-group,-lxil,-llwip4,-lgcc,-lc,--end-group
'Finished building target: FinalProject_ESDC.elf'
' '
'Invoking: ARM Print Size'
arm-xilinx-eabi-size FinalProject_ESDC.elf  |tee "FinalProject_ESDC.elf.size"
   text	   data	    bss	    dec	    hex	filename
 163692	   3116	10928140	11094948	 a94ba4	FinalProject_ESDC.elf
'Finished building: FinalProject_ESDC.elf.size'
' '
11:33:43 **** Incremental Build of configuration Debug for project FinalProject_ESDC ****
make all 
make: No se hace nada para `all'.
11:34:31 **** Auto Build of configuration Debug for project FinalProject_ESDC ****
make all 
'Building file: ../src/echo.c'
'Invoking: ARM gcc compiler'
arm-xilinx-eabi-gcc -Wall -O0 -g3 -c -fmessage-length=0 -I../../FinalProject_ESDC_bsp/ps7_cortexa9_0/include -MMD -MP -MF"src/echo.d" -MT"src/echo.d" -o "src/echo.o" "../src/echo.c"
'Finished building: ../src/echo.c'
' '
'Building target: FinalProject_ESDC.elf'
'Invoking: ARM gcc linker'
arm-xilinx-eabi-gcc -Wl,-T -Wl,../src/lscript.ld -L../../FinalProject_ESDC_bsp/ps7_cortexa9_0/lib -o "FinalProject_ESDC.elf"  ./src/dispatch.o ./src/echo.o ./src/main.o   -Wl,--start-group,-lxil,-lfreertos,-lgcc,-lc,--end-group -Wl,--start-group,-lxil,-llwip4,-lgcc,-lc,--end-group
'Finished building target: FinalProject_ESDC.elf'
' '
'Invoking: ARM Print Size'
arm-xilinx-eabi-size FinalProject_ESDC.elf  |tee "FinalProject_ESDC.elf.size"
   text	   data	    bss	    dec	    hex	filename
 163716	   3116	10928140	11094972	 a94bbc	FinalProject_ESDC.elf
'Finished building: FinalProject_ESDC.elf.size'
' '
11:35:15 **** Incremental Build of configuration Debug for project FinalProject_ESDC ****
make all 
make: No se hace nada para `all'.
11:36:44 **** Auto Build of configuration Debug for project FinalProject_ESDC ****
make all 
'Building file: ../src/echo.c'
'Invoking: ARM gcc compiler'
arm-xilinx-eabi-gcc -Wall -O0 -g3 -c -fmessage-length=0 -I../../FinalProject_ESDC_bsp/ps7_cortexa9_0/include -MMD -MP -MF"src/echo.d" -MT"src/echo.d" -o "src/echo.o" "../src/echo.c"
../src/echo.c: In function 'process_echo_request':
../src/echo.c:70:14: warning: 'nwrote' may be used uninitialized in this function [-Wmaybe-uninitialized]
    xil_printf("%s: ERROR responding to client echo request. received = %d, written = %d\r\n",
              ^
'Finished building: ../src/echo.c'
' '
'Building target: FinalProject_ESDC.elf'
'Invoking: ARM gcc linker'
arm-xilinx-eabi-gcc -Wl,-T -Wl,../src/lscript.ld -L../../FinalProject_ESDC_bsp/ps7_cortexa9_0/lib -o "FinalProject_ESDC.elf"  ./src/dispatch.o ./src/echo.o ./src/main.o   -Wl,--start-group,-lxil,-lfreertos,-lgcc,-lc,--end-group -Wl,--start-group,-lxil,-llwip4,-lgcc,-lc,--end-group
'Finished building target: FinalProject_ESDC.elf'
' '
'Invoking: ARM Print Size'
arm-xilinx-eabi-size FinalProject_ESDC.elf  |tee "FinalProject_ESDC.elf.size"
   text	   data	    bss	    dec	    hex	filename
 163716	   3116	10928140	11094972	 a94bbc	FinalProject_ESDC.elf
'Finished building: FinalProject_ESDC.elf.size'
' '
11:37:50 **** Auto Build of configuration Debug for project FinalProject_ESDC ****
make all 
'Building file: ../src/echo.c'
'Invoking: ARM gcc compiler'
arm-xilinx-eabi-gcc -Wall -O0 -g3 -c -fmessage-length=0 -I../../FinalProject_ESDC_bsp/ps7_cortexa9_0/include -MMD -MP -MF"src/echo.d" -MT"src/echo.d" -o "src/echo.o" "../src/echo.c"
../src/echo.c: In function 'process_echo_request':
../src/echo.c:70:4: warning: implicit declaration of function 'xil_print' [-Wimplicit-function-declaration]
    xil_print("Message: %s", recv_buf);
    ^
../src/echo.c:51:9: warning: unused variable 'nwrote' [-Wunused-variable]
  int n, nwrote;
         ^
'Finished building: ../src/echo.c'
' '
'Building target: FinalProject_ESDC.elf'
'Invoking: ARM gcc linker'
arm-xilinx-eabi-gcc -Wl,-T -Wl,../src/lscript.ld -L../../FinalProject_ESDC_bsp/ps7_cortexa9_0/lib -o "FinalProject_ESDC.elf"  ./src/dispatch.o ./src/echo.o ./src/main.o   -Wl,--start-group,-lxil,-lfreertos,-lgcc,-lc,--end-group -Wl,--start-group,-lxil,-llwip4,-lgcc,-lc,--end-group
./src/echo.o: In function `process_echo_request':
C:\Users\adria.gil\Desktop\FinalProject\FinalProject_ESDC\Debug/../src/echo.c:70: undefined reference to `xil_print'
collect2.exe: error: ld returned 1 exit status
make: *** [FinalProject_ESDC.elf] Error 1
11:38:03 **** Auto Build of configuration Debug for project FinalProject_ESDC ****
make all 
'Building file: ../src/echo.c'
'Invoking: ARM gcc compiler'
arm-xilinx-eabi-gcc -Wall -O0 -g3 -c -fmessage-length=0 -I../../FinalProject_ESDC_bsp/ps7_cortexa9_0/include -MMD -MP -MF"src/echo.d" -MT"src/echo.d" -o "src/echo.o" "../src/echo.c"
../src/echo.c: In function 'process_echo_request':
../src/echo.c:51:9: warning: unused variable 'nwrote' [-Wunused-variable]
  int n, nwrote;
         ^
'Finished building: ../src/echo.c'
' '
'Building target: FinalProject_ESDC.elf'
'Invoking: ARM gcc linker'
arm-xilinx-eabi-gcc -Wl,-T -Wl,../src/lscript.ld -L../../FinalProject_ESDC_bsp/ps7_cortexa9_0/lib -o "FinalProject_ESDC.elf"  ./src/dispatch.o ./src/echo.o ./src/main.o   -Wl,--start-group,-lxil,-lfreertos,-lgcc,-lc,--end-group -Wl,--start-group,-lxil,-llwip4,-lgcc,-lc,--end-group
'Finished building target: FinalProject_ESDC.elf'
' '
'Invoking: ARM Print Size'
arm-xilinx-eabi-size FinalProject_ESDC.elf  |tee "FinalProject_ESDC.elf.size"
   text	   data	    bss	    dec	    hex	filename
 163564	   3116	10928140	11094820	 a94b24	FinalProject_ESDC.elf
'Finished building: FinalProject_ESDC.elf.size'
' '
11:38:17 **** Auto Build of configuration Debug for project FinalProject_ESDC ****
make all 
'Building file: ../src/echo.c'
'Invoking: ARM gcc compiler'
arm-xilinx-eabi-gcc -Wall -O0 -g3 -c -fmessage-length=0 -I../../FinalProject_ESDC_bsp/ps7_cortexa9_0/include -MMD -MP -MF"src/echo.d" -MT"src/echo.d" -o "src/echo.o" "../src/echo.c"
../src/echo.c: In function 'process_echo_request':
../src/echo.c:51:9: warning: unused variable 'nwrote' [-Wunused-variable]
  int n, nwrote;
         ^
'Finished building: ../src/echo.c'
' '
'Building target: FinalProject_ESDC.elf'
'Invoking: ARM gcc linker'
arm-xilinx-eabi-gcc -Wl,-T -Wl,../src/lscript.ld -L../../FinalProject_ESDC_bsp/ps7_cortexa9_0/lib -o "FinalProject_ESDC.elf"  ./src/dispatch.o ./src/echo.o ./src/main.o   -Wl,--start-group,-lxil,-lfreertos,-lgcc,-lc,--end-group -Wl,--start-group,-lxil,-llwip4,-lgcc,-lc,--end-group
'Finished building target: FinalProject_ESDC.elf'
' '
'Invoking: ARM Print Size'
arm-xilinx-eabi-size FinalProject_ESDC.elf  |tee "FinalProject_ESDC.elf.size"
   text	   data	    bss	    dec	    hex	filename
 163572	   3116	10928140	11094828	 a94b2c	FinalProject_ESDC.elf
'Finished building: FinalProject_ESDC.elf.size'
' '
11:38:20 **** Incremental Build of configuration Debug for project FinalProject_ESDC ****
make all 
make: No se hace nada para `all'.
11:39:52 **** Auto Build of configuration Debug for project FinalProject_ESDC ****
make all 
'Building file: ../src/main.c'
'Invoking: ARM gcc compiler'
arm-xilinx-eabi-gcc -Wall -O0 -g3 -c -fmessage-length=0 -I../../FinalProject_ESDC_bsp/ps7_cortexa9_0/include -MMD -MP -MF"src/main.d" -MT"src/main.d" -o "src/main.o" "../src/main.c"
'Finished building: ../src/main.c'
' '
'Building target: FinalProject_ESDC.elf'
'Invoking: ARM gcc linker'
arm-xilinx-eabi-gcc -Wl,-T -Wl,../src/lscript.ld -L../../FinalProject_ESDC_bsp/ps7_cortexa9_0/lib -o "FinalProject_ESDC.elf"  ./src/dispatch.o ./src/echo.o ./src/main.o   -Wl,--start-group,-lxil,-lfreertos,-lgcc,-lc,--end-group -Wl,--start-group,-lxil,-llwip4,-lgcc,-lc,--end-group
'Finished building target: FinalProject_ESDC.elf'
' '
'Invoking: ARM Print Size'
arm-xilinx-eabi-size FinalProject_ESDC.elf  |tee "FinalProject_ESDC.elf.size"
   text	   data	    bss	    dec	    hex	filename
 163564	   3116	10928140	11094820	 a94b24	FinalProject_ESDC.elf
'Finished building: FinalProject_ESDC.elf.size'
' '
11:40:28 **** Incremental Build of configuration Debug for project FinalProject_ESDC ****
make all 
make: No se hace nada para `all'.
11:41:21 **** Auto Build of configuration Debug for project FinalProject_ESDC ****
make all 
'Building file: ../src/echo.c'
'Invoking: ARM gcc compiler'
arm-xilinx-eabi-gcc -Wall -O0 -g3 -c -fmessage-length=0 -I../../FinalProject_ESDC_bsp/ps7_cortexa9_0/include -MMD -MP -MF"src/echo.d" -MT"src/echo.d" -o "src/echo.o" "../src/echo.c"
../src/echo.c: In function 'process_echo_request':
../src/echo.c:51:9: warning: unused variable 'nwrote' [-Wunused-variable]
  int n, nwrote;
         ^
'Finished building: ../src/echo.c'
' '
'Building target: FinalProject_ESDC.elf'
'Invoking: ARM gcc linker'
arm-xilinx-eabi-gcc -Wl,-T -Wl,../src/lscript.ld -L../../FinalProject_ESDC_bsp/ps7_cortexa9_0/lib -o "FinalProject_ESDC.elf"  ./src/dispatch.o ./src/echo.o ./src/main.o   -Wl,--start-group,-lxil,-lfreertos,-lgcc,-lc,--end-group -Wl,--start-group,-lxil,-llwip4,-lgcc,-lc,--end-group
'Finished building target: FinalProject_ESDC.elf'
' '
'Invoking: ARM Print Size'
arm-xilinx-eabi-size FinalProject_ESDC.elf  |tee "FinalProject_ESDC.elf.size"
   text	   data	    bss	    dec	    hex	filename
 163564	   3116	10928140	11094820	 a94b24	FinalProject_ESDC.elf
'Finished building: FinalProject_ESDC.elf.size'
' '
11:41:27 **** Incremental Build of configuration Debug for project FinalProject_ESDC ****
make all 
make: No se hace nada para `all'.
11:42:11 **** Auto Build of configuration Debug for project FinalProject_ESDC ****
make all 
'Building file: ../src/echo.c'
'Invoking: ARM gcc compiler'
arm-xilinx-eabi-gcc -Wall -O0 -g3 -c -fmessage-length=0 -I../../FinalProject_ESDC_bsp/ps7_cortexa9_0/include -MMD -MP -MF"src/echo.d" -MT"src/echo.d" -o "src/echo.o" "../src/echo.c"
../src/echo.c: In function 'process_echo_request':
../src/echo.c:51:9: warning: unused variable 'nwrote' [-Wunused-variable]
  int n, nwrote;
         ^
'Finished building: ../src/echo.c'
' '
'Building target: FinalProject_ESDC.elf'
'Invoking: ARM gcc linker'
arm-xilinx-eabi-gcc -Wl,-T -Wl,../src/lscript.ld -L../../FinalProject_ESDC_bsp/ps7_cortexa9_0/lib -o "FinalProject_ESDC.elf"  ./src/dispatch.o ./src/echo.o ./src/main.o   -Wl,--start-group,-lxil,-lfreertos,-lgcc,-lc,--end-group -Wl,--start-group,-lxil,-llwip4,-lgcc,-lc,--end-group
'Finished building target: FinalProject_ESDC.elf'
' '
'Invoking: ARM Print Size'
arm-xilinx-eabi-size FinalProject_ESDC.elf  |tee "FinalProject_ESDC.elf.size"
   text	   data	    bss	    dec	    hex	filename
 163540	   3116	10928140	11094796	 a94b0c	FinalProject_ESDC.elf
'Finished building: FinalProject_ESDC.elf.size'
' '
11:42:26 **** Auto Build of configuration Debug for project FinalProject_ESDC ****
make all 
'Building file: ../src/echo.c'
'Invoking: ARM gcc compiler'
arm-xilinx-eabi-gcc -Wall -O0 -g3 -c -fmessage-length=0 -I../../FinalProject_ESDC_bsp/ps7_cortexa9_0/include -MMD -MP -MF"src/echo.d" -MT"src/echo.d" -o "src/echo.o" "../src/echo.c"
../src/echo.c: In function 'process_echo_request':
../src/echo.c:51:9: warning: unused variable 'nwrote' [-Wunused-variable]
  int n, nwrote;
         ^
'Finished building: ../src/echo.c'
' '
'Building target: FinalProject_ESDC.elf'
'Invoking: ARM gcc linker'
arm-xilinx-eabi-gcc -Wl,-T -Wl,../src/lscript.ld -L../../FinalProject_ESDC_bsp/ps7_cortexa9_0/lib -o "FinalProject_ESDC.elf"  ./src/dispatch.o ./src/echo.o ./src/main.o   -Wl,--start-group,-lxil,-lfreertos,-lgcc,-lc,--end-group -Wl,--start-group,-lxil,-llwip4,-lgcc,-lc,--end-group
'Finished building target: FinalProject_ESDC.elf'
' '
'Invoking: ARM Print Size'
arm-xilinx-eabi-size FinalProject_ESDC.elf  |tee "FinalProject_ESDC.elf.size"
   text	   data	    bss	    dec	    hex	filename
 163548	   3116	10928140	11094804	 a94b14	FinalProject_ESDC.elf
'Finished building: FinalProject_ESDC.elf.size'
' '
11:42:32 **** Incremental Build of configuration Debug for project FinalProject_ESDC ****
make all 
make: No se hace nada para `all'.
11:43:56 **** Auto Build of configuration Debug for project FinalProject_ESDC ****
make all 
'Building file: ../src/echo.c'
'Invoking: ARM gcc compiler'
arm-xilinx-eabi-gcc -Wall -O0 -g3 -c -fmessage-length=0 -I../../FinalProject_ESDC_bsp/ps7_cortexa9_0/include -MMD -MP -MF"src/echo.d" -MT"src/echo.d" -o "src/echo.o" "../src/echo.c"
../src/echo.c: In function 'process_echo_request':
../src/echo.c:51:9: warning: unused variable 'nwrote' [-Wunused-variable]
  int n, nwrote;
         ^
../src/echo.c: In function 'echo_application_thread':
../src/echo.c:103:77: error: expected ';' before ')' token
   new_sd = lwip_accept(sock, (struct sockaddr *)&remote, (socklen_t *)&size));
                                                                             ^
../src/echo.c:103:77: error: expected statement before ')' token
../src/echo.c:106:3: error: expected ';' before 'if'
   if ((new_sd > 0) {
   ^
../src/echo.c:115:1: error: expected declaration or statement at end of input
 }
 ^
make: *** [src/echo.o] Error 1
11:44:08 **** Auto Build of configuration Debug for project FinalProject_ESDC ****
make all 
'Building file: ../src/echo.c'
'Invoking: ARM gcc compiler'
arm-xilinx-eabi-gcc -Wall -O0 -g3 -c -fmessage-length=0 -I../../FinalProject_ESDC_bsp/ps7_cortexa9_0/include -MMD -MP -MF"src/echo.d" -MT"src/echo.d" -o "src/echo.o" "../src/echo.c"
../src/echo.c: In function 'process_echo_request':
../src/echo.c:51:9: warning: unused variable 'nwrote' [-Wunused-variable]
  int n, nwrote;
         ^
../src/echo.c: In function 'echo_application_thread':
../src/echo.c:106:3: error: expected ';' before 'if'
   if ((new_sd > 0) {
   ^
../src/echo.c:115:1: error: expected declaration or statement at end of input
 }
 ^
make: *** [src/echo.o] Error 1
11:44:13 **** Auto Build of configuration Debug for project FinalProject_ESDC ****
make all 
'Building file: ../src/echo.c'
'Invoking: ARM gcc compiler'
arm-xilinx-eabi-gcc -Wall -O0 -g3 -c -fmessage-length=0 -I../../FinalProject_ESDC_bsp/ps7_cortexa9_0/include -MMD -MP -MF"src/echo.d" -MT"src/echo.d" -o "src/echo.o" "../src/echo.c"
../src/echo.c: In function 'process_echo_request':
../src/echo.c:51:9: warning: unused variable 'nwrote' [-Wunused-variable]
  int n, nwrote;
         ^
../src/echo.c: In function 'echo_application_thread':
../src/echo.c:106:3: error: expected ';' before 'if'
   if (new_sd > 0) {
   ^
make: *** [src/echo.o] Error 1
11:44:21 **** Auto Build of configuration Debug for project FinalProject_ESDC ****
make all 
'Building file: ../src/echo.c'
'Invoking: ARM gcc compiler'
arm-xilinx-eabi-gcc -Wall -O0 -g3 -c -fmessage-length=0 -I../../FinalProject_ESDC_bsp/ps7_cortexa9_0/include -MMD -MP -MF"src/echo.d" -MT"src/echo.d" -o "src/echo.o" "../src/echo.c"
../src/echo.c: In function 'process_echo_request':
../src/echo.c:51:9: warning: unused variable 'nwrote' [-Wunused-variable]
  int n, nwrote;
         ^
'Finished building: ../src/echo.c'
' '
'Building target: FinalProject_ESDC.elf'
'Invoking: ARM gcc linker'
arm-xilinx-eabi-gcc -Wl,-T -Wl,../src/lscript.ld -L../../FinalProject_ESDC_bsp/ps7_cortexa9_0/lib -o "FinalProject_ESDC.elf"  ./src/dispatch.o ./src/echo.o ./src/main.o   -Wl,--start-group,-lxil,-lfreertos,-lgcc,-lc,--end-group -Wl,--start-group,-lxil,-llwip4,-lgcc,-lc,--end-group
'Finished building target: FinalProject_ESDC.elf'
' '
'Invoking: ARM Print Size'
arm-xilinx-eabi-size FinalProject_ESDC.elf  |tee "FinalProject_ESDC.elf.size"
   text	   data	    bss	    dec	    hex	filename
 163620	   3116	10928140	11094876	 a94b5c	FinalProject_ESDC.elf
'Finished building: FinalProject_ESDC.elf.size'
' '
11:44:23 **** Incremental Build of configuration Debug for project FinalProject_ESDC ****
make all 
make: No se hace nada para `all'.
11:47:15 **** Auto Build of configuration Debug for project FinalProject_ESDC ****
make all 
'Building file: ../src/echo.c'
'Invoking: ARM gcc compiler'
arm-xilinx-eabi-gcc -Wall -O0 -g3 -c -fmessage-length=0 -I../../FinalProject_ESDC_bsp/ps7_cortexa9_0/include -MMD -MP -MF"src/echo.d" -MT"src/echo.d" -o "src/echo.o" "../src/echo.c"
../src/echo.c: In function 'process_echo_request':
../src/echo.c:51:9: warning: unused variable 'nwrote' [-Wunused-variable]
  int n, nwrote;
         ^
'Finished building: ../src/echo.c'
' '
'Building target: FinalProject_ESDC.elf'
'Invoking: ARM gcc linker'
arm-xilinx-eabi-gcc -Wl,-T -Wl,../src/lscript.ld -L../../FinalProject_ESDC_bsp/ps7_cortexa9_0/lib -o "FinalProject_ESDC.elf"  ./src/dispatch.o ./src/echo.o ./src/main.o   -Wl,--start-group,-lxil,-lfreertos,-lgcc,-lc,--end-group -Wl,--start-group,-lxil,-llwip4,-lgcc,-lc,--end-group
'Finished building target: FinalProject_ESDC.elf'
' '
'Invoking: ARM Print Size'
arm-xilinx-eabi-size FinalProject_ESDC.elf  |tee "FinalProject_ESDC.elf.size"
   text	   data	    bss	    dec	    hex	filename
 163620	   3116	10928140	11094876	 a94b5c	FinalProject_ESDC.elf
'Finished building: FinalProject_ESDC.elf.size'
' '
11:47:35 **** Auto Build of configuration Debug for project FinalProject_ESDC ****
make all 
'Building file: ../src/echo.c'
'Invoking: ARM gcc compiler'
arm-xilinx-eabi-gcc -Wall -O0 -g3 -c -fmessage-length=0 -I../../FinalProject_ESDC_bsp/ps7_cortexa9_0/include -MMD -MP -MF"src/echo.d" -MT"src/echo.d" -o "src/echo.o" "../src/echo.c"
../src/echo.c: In function 'process_echo_request':
../src/echo.c:51:9: warning: unused variable 'nwrote' [-Wunused-variable]
  int n, nwrote;
         ^
'Finished building: ../src/echo.c'
' '
'Building target: FinalProject_ESDC.elf'
'Invoking: ARM gcc linker'
arm-xilinx-eabi-gcc -Wl,-T -Wl,../src/lscript.ld -L../../FinalProject_ESDC_bsp/ps7_cortexa9_0/lib -o "FinalProject_ESDC.elf"  ./src/dispatch.o ./src/echo.o ./src/main.o   -Wl,--start-group,-lxil,-lfreertos,-lgcc,-lc,--end-group -Wl,--start-group,-lxil,-llwip4,-lgcc,-lc,--end-group
'Finished building target: FinalProject_ESDC.elf'
' '
'Invoking: ARM Print Size'
arm-xilinx-eabi-size FinalProject_ESDC.elf  |tee "FinalProject_ESDC.elf.size"
   text	   data	    bss	    dec	    hex	filename
 163524	   3116	10928140	11094780	 a94afc	FinalProject_ESDC.elf
'Finished building: FinalProject_ESDC.elf.size'
' '
11:47:54 **** Incremental Build of configuration Debug for project FinalProject_ESDC ****
make all 
make: No se hace nada para `all'.
11:49:32 **** Auto Build of configuration Debug for project FinalProject_ESDC ****
make all 
'Building file: ../src/echo.c'
'Invoking: ARM gcc compiler'
arm-xilinx-eabi-gcc -Wall -O0 -g3 -c -fmessage-length=0 -I../../FinalProject_ESDC_bsp/ps7_cortexa9_0/include -MMD -MP -MF"src/echo.d" -MT"src/echo.d" -o "src/echo.o" "../src/echo.c"
../src/echo.c: In function 'process_echo_request':
../src/echo.c:51:9: warning: unused variable 'nwrote' [-Wunused-variable]
  int n, nwrote;
         ^
'Finished building: ../src/echo.c'
' '
'Building target: FinalProject_ESDC.elf'
'Invoking: ARM gcc linker'
arm-xilinx-eabi-gcc -Wl,-T -Wl,../src/lscript.ld -L../../FinalProject_ESDC_bsp/ps7_cortexa9_0/lib -o "FinalProject_ESDC.elf"  ./src/dispatch.o ./src/echo.o ./src/main.o   -Wl,--start-group,-lxil,-lfreertos,-lgcc,-lc,--end-group -Wl,--start-group,-lxil,-llwip4,-lgcc,-lc,--end-group
'Finished building target: FinalProject_ESDC.elf'
' '
'Invoking: ARM Print Size'
arm-xilinx-eabi-size FinalProject_ESDC.elf  |tee "FinalProject_ESDC.elf.size"
   text	   data	    bss	    dec	    hex	filename
 163452	   3116	10928140	11094708	 a94ab4	FinalProject_ESDC.elf
'Finished building: FinalProject_ESDC.elf.size'
' '
11:49:54 **** Auto Build of configuration Debug for project FinalProject_ESDC ****
make all 
'Building file: ../src/echo.c'
'Invoking: ARM gcc compiler'
arm-xilinx-eabi-gcc -Wall -O0 -g3 -c -fmessage-length=0 -I../../FinalProject_ESDC_bsp/ps7_cortexa9_0/include -MMD -MP -MF"src/echo.d" -MT"src/echo.d" -o "src/echo.o" "../src/echo.c"
'Finished building: ../src/echo.c'
' '
'Building target: FinalProject_ESDC.elf'
'Invoking: ARM gcc linker'
arm-xilinx-eabi-gcc -Wl,-T -Wl,../src/lscript.ld -L../../FinalProject_ESDC_bsp/ps7_cortexa9_0/lib -o "FinalProject_ESDC.elf"  ./src/dispatch.o ./src/echo.o ./src/main.o   -Wl,--start-group,-lxil,-lfreertos,-lgcc,-lc,--end-group -Wl,--start-group,-lxil,-llwip4,-lgcc,-lc,--end-group
'Finished building target: FinalProject_ESDC.elf'
' '
'Invoking: ARM Print Size'
arm-xilinx-eabi-size FinalProject_ESDC.elf  |tee "FinalProject_ESDC.elf.size"
   text	   data	    bss	    dec	    hex	filename
 163452	   3116	10928140	11094708	 a94ab4	FinalProject_ESDC.elf
'Finished building: FinalProject_ESDC.elf.size'
' '
11:56:27 **** Auto Build of configuration Debug for project FinalProject_ESDC ****
make all 
'Building file: ../src/main.c'
'Invoking: ARM gcc compiler'
arm-xilinx-eabi-gcc -Wall -O0 -g3 -c -fmessage-length=0 -I../../FinalProject_ESDC_bsp/ps7_cortexa9_0/include -MMD -MP -MF"src/main.d" -MT"src/main.d" -o "src/main.o" "../src/main.c"
../src/main.c: In function 'print_ip':
../src/main.c:45:5: warning: implicit declaration of function 'scan' [-Wimplicit-function-declaration]
     scan(msg);
     ^
'Finished building: ../src/main.c'
' '
'Building target: FinalProject_ESDC.elf'
'Invoking: ARM gcc linker'
arm-xilinx-eabi-gcc -Wl,-T -Wl,../src/lscript.ld -L../../FinalProject_ESDC_bsp/ps7_cortexa9_0/lib -o "FinalProject_ESDC.elf"  ./src/dispatch.o ./src/echo.o ./src/main.o   -Wl,--start-group,-lxil,-lfreertos,-lgcc,-lc,--end-group -Wl,--start-group,-lxil,-llwip4,-lgcc,-lc,--end-group
./src/main.o: In function `print_ip':
C:\Users\adria.gil\Desktop\FinalProject\FinalProject_ESDC\Debug/../src/main.c:45: undefined reference to `scan'
collect2.exe: error: ld returned 1 exit status
make: *** [FinalProject_ESDC.elf] Error 1
11:56:33 **** Auto Build of configuration Debug for project FinalProject_ESDC ****
make all 
'Building file: ../src/main.c'
'Invoking: ARM gcc compiler'
arm-xilinx-eabi-gcc -Wall -O0 -g3 -c -fmessage-length=0 -I../../FinalProject_ESDC_bsp/ps7_cortexa9_0/include -MMD -MP -MF"src/main.d" -MT"src/main.d" -o "src/main.o" "../src/main.c"
'Finished building: ../src/main.c'
' '
'Building target: FinalProject_ESDC.elf'
'Invoking: ARM gcc linker'
arm-xilinx-eabi-gcc -Wl,-T -Wl,../src/lscript.ld -L../../FinalProject_ESDC_bsp/ps7_cortexa9_0/lib -o "FinalProject_ESDC.elf"  ./src/dispatch.o ./src/echo.o ./src/main.o   -Wl,--start-group,-lxil,-lfreertos,-lgcc,-lc,--end-group -Wl,--start-group,-lxil,-llwip4,-lgcc,-lc,--end-group
'Finished building target: FinalProject_ESDC.elf'
' '
'Invoking: ARM Print Size'
arm-xilinx-eabi-size FinalProject_ESDC.elf  |tee "FinalProject_ESDC.elf.size"
   text	   data	    bss	    dec	    hex	filename
 182620	   3120	10928140	11113880	 a99598	FinalProject_ESDC.elf
'Finished building: FinalProject_ESDC.elf.size'
' '
11:57:20 **** Auto Build of configuration Debug for project FinalProject_ESDC ****
make all 
'Building file: ../src/main.c'
'Invoking: ARM gcc compiler'
arm-xilinx-eabi-gcc -Wall -O0 -g3 -c -fmessage-length=0 -I../../FinalProject_ESDC_bsp/ps7_cortexa9_0/include -MMD -MP -MF"src/main.d" -MT"src/main.d" -o "src/main.o" "../src/main.c"
'Finished building: ../src/main.c'
' '
'Building target: FinalProject_ESDC.elf'
'Invoking: ARM gcc linker'
arm-xilinx-eabi-gcc -Wl,-T -Wl,../src/lscript.ld -L../../FinalProject_ESDC_bsp/ps7_cortexa9_0/lib -o "FinalProject_ESDC.elf"  ./src/dispatch.o ./src/echo.o ./src/main.o   -Wl,--start-group,-lxil,-lfreertos,-lgcc,-lc,--end-group -Wl,--start-group,-lxil,-llwip4,-lgcc,-lc,--end-group
'Finished building target: FinalProject_ESDC.elf'
' '
'Invoking: ARM Print Size'
arm-xilinx-eabi-size FinalProject_ESDC.elf  |tee "FinalProject_ESDC.elf.size"
   text	   data	    bss	    dec	    hex	filename
 182620	   3120	10928140	11113880	 a99598	FinalProject_ESDC.elf
'Finished building: FinalProject_ESDC.elf.size'
' '
11:57:26 **** Auto Build of configuration Debug for project FinalProject_ESDC ****
make all 
'Building file: ../src/main.c'
'Invoking: ARM gcc compiler'
arm-xilinx-eabi-gcc -Wall -O0 -g3 -c -fmessage-length=0 -I../../FinalProject_ESDC_bsp/ps7_cortexa9_0/include -MMD -MP -MF"src/main.d" -MT"src/main.d" -o "src/main.o" "../src/main.c"
../src/main.c: In function 'main':
../src/main.c:61:2: warning: passing argument 1 of 'scanf' from incompatible pointer type [enabled by default]
  scanf(&msg);
  ^
In file included from c:\xilinx\sdk\2014.3.1\gnu\arm\nt\arm-xilinx-eabi\include\stdio.h:29:0,
                 from ../src/main.c:20:
c:\xilinx\sdk\2014.3.1\gnu\arm\nt\arm-xilinx-eabi\include\stdio.h:212:5: note: expected 'const char *' but argument is of type 'char (*)[100]'
 int _EXFUN(scanf, (const char *, ...)
     ^
'Finished building: ../src/main.c'
' '
'Building target: FinalProject_ESDC.elf'
'Invoking: ARM gcc linker'
arm-xilinx-eabi-gcc -Wl,-T -Wl,../src/lscript.ld -L../../FinalProject_ESDC_bsp/ps7_cortexa9_0/lib -o "FinalProject_ESDC.elf"  ./src/dispatch.o ./src/echo.o ./src/main.o   -Wl,--start-group,-lxil,-lfreertos,-lgcc,-lc,--end-group -Wl,--start-group,-lxil,-llwip4,-lgcc,-lc,--end-group
'Finished building target: FinalProject_ESDC.elf'
' '
'Invoking: ARM Print Size'
arm-xilinx-eabi-size FinalProject_ESDC.elf  |tee "FinalProject_ESDC.elf.size"
   text	   data	    bss	    dec	    hex	filename
 182620	   3120	10928140	11113880	 a99598	FinalProject_ESDC.elf
'Finished building: FinalProject_ESDC.elf.size'
' '
11:57:37 **** Auto Build of configuration Debug for project FinalProject_ESDC ****
make all 
'Building file: ../src/main.c'
'Invoking: ARM gcc compiler'
arm-xilinx-eabi-gcc -Wall -O0 -g3 -c -fmessage-length=0 -I../../FinalProject_ESDC_bsp/ps7_cortexa9_0/include -MMD -MP -MF"src/main.d" -MT"src/main.d" -o "src/main.o" "../src/main.c"
../src/main.c: In function 'main':
../src/main.c:61:2: warning: passing argument 1 of 'scanf' from incompatible pointer type [enabled by default]
  scanf(&msg);
  ^
In file included from c:\xilinx\sdk\2014.3.1\gnu\arm\nt\arm-xilinx-eabi\include\stdio.h:29:0,
                 from ../src/main.c:20:
c:\xilinx\sdk\2014.3.1\gnu\arm\nt\arm-xilinx-eabi\include\stdio.h:212:5: note: expected 'const char *' but argument is of type 'char (*)[100]'
 int _EXFUN(scanf, (const char *, ...)
     ^
'Finished building: ../src/main.c'
' '
'Building target: FinalProject_ESDC.elf'
'Invoking: ARM gcc linker'
arm-xilinx-eabi-gcc -Wl,-T -Wl,../src/lscript.ld -L../../FinalProject_ESDC_bsp/ps7_cortexa9_0/lib -o "FinalProject_ESDC.elf"  ./src/dispatch.o ./src/echo.o ./src/main.o   -Wl,--start-group,-lxil,-lfreertos,-lgcc,-lc,--end-group -Wl,--start-group,-lxil,-llwip4,-lgcc,-lc,--end-group
'Finished building target: FinalProject_ESDC.elf'
' '
'Invoking: ARM Print Size'
arm-xilinx-eabi-size FinalProject_ESDC.elf  |tee "FinalProject_ESDC.elf.size"
   text	   data	    bss	    dec	    hex	filename
 182684	   3120	10928140	11113944	 a995d8	FinalProject_ESDC.elf
'Finished building: FinalProject_ESDC.elf.size'
' '
11:57:52 **** Auto Build of configuration Debug for project FinalProject_ESDC ****
make all 
'Building file: ../src/main.c'
'Invoking: ARM gcc compiler'
arm-xilinx-eabi-gcc -Wall -O0 -g3 -c -fmessage-length=0 -I../../FinalProject_ESDC_bsp/ps7_cortexa9_0/include -MMD -MP -MF"src/main.d" -MT"src/main.d" -o "src/main.o" "../src/main.c"
../src/main.c: In function 'main':
../src/main.c:61:2: warning: passing argument 1 of 'scanf' from incompatible pointer type [enabled by default]
  scanf(&msg);
  ^
In file included from c:\xilinx\sdk\2014.3.1\gnu\arm\nt\arm-xilinx-eabi\include\stdio.h:29:0,
                 from ../src/main.c:20:
c:\xilinx\sdk\2014.3.1\gnu\arm\nt\arm-xilinx-eabi\include\stdio.h:212:5: note: expected 'const char *' but argument is of type 'char (*)[100]'
 int _EXFUN(scanf, (const char *, ...)
     ^
'Finished building: ../src/main.c'
' '
'Building target: FinalProject_ESDC.elf'
'Invoking: ARM gcc linker'
arm-xilinx-eabi-gcc -Wl,-T -Wl,../src/lscript.ld -L../../FinalProject_ESDC_bsp/ps7_cortexa9_0/lib -o "FinalProject_ESDC.elf"  ./src/dispatch.o ./src/echo.o ./src/main.o   -Wl,--start-group,-lxil,-lfreertos,-lgcc,-lc,--end-group -Wl,--start-group,-lxil,-llwip4,-lgcc,-lc,--end-group
'Finished building target: FinalProject_ESDC.elf'
' '
'Invoking: ARM Print Size'
arm-xilinx-eabi-size FinalProject_ESDC.elf  |tee "FinalProject_ESDC.elf.size"
   text	   data	    bss	    dec	    hex	filename
 182684	   3120	10928140	11113944	 a995d8	FinalProject_ESDC.elf
'Finished building: FinalProject_ESDC.elf.size'
' '
11:58:20 **** Auto Build of configuration Debug for project FinalProject_ESDC ****
make all 
'Building file: ../src/main.c'
'Invoking: ARM gcc compiler'
arm-xilinx-eabi-gcc -Wall -O0 -g3 -c -fmessage-length=0 -I../../FinalProject_ESDC_bsp/ps7_cortexa9_0/include -MMD -MP -MF"src/main.d" -MT"src/main.d" -o "src/main.o" "../src/main.c"
../src/main.c: In function 'main':
../src/main.c:61:2: error: too few arguments to function 'scanf'
  scanf();
  ^
../src/main.c:62:2: warning: passing argument 1 of 'print' from incompatible pointer type [enabled by default]
  print(&msg);
  ^
In file included from ../src/main.c:36:0:
../../FinalProject_ESDC_bsp/ps7_cortexa9_0/include/xil_printf.h:39:6: note: expected 'const char *' but argument is of type 'char (*)[100]'
 void print( const char *ptr);
      ^
make: *** [src/main.o] Error 1
11:58:27 **** Auto Build of configuration Debug for project FinalProject_ESDC ****
make all 
'Building file: ../src/main.c'
'Invoking: ARM gcc compiler'
arm-xilinx-eabi-gcc -Wall -O0 -g3 -c -fmessage-length=0 -I../../FinalProject_ESDC_bsp/ps7_cortexa9_0/include -MMD -MP -MF"src/main.d" -MT"src/main.d" -o "src/main.o" "../src/main.c"
../src/main.c: In function 'main':
../src/main.c:62:2: warning: passing argument 1 of 'print' from incompatible pointer type [enabled by default]
  print(&msg);
  ^
In file included from ../src/main.c:36:0:
../../FinalProject_ESDC_bsp/ps7_cortexa9_0/include/xil_printf.h:39:6: note: expected 'const char *' but argument is of type 'char (*)[100]'
 void print( const char *ptr);
      ^
'Finished building: ../src/main.c'
' '
'Building target: FinalProject_ESDC.elf'
'Invoking: ARM gcc linker'
arm-xilinx-eabi-gcc -Wl,-T -Wl,../src/lscript.ld -L../../FinalProject_ESDC_bsp/ps7_cortexa9_0/lib -o "FinalProject_ESDC.elf"  ./src/dispatch.o ./src/echo.o ./src/main.o   -Wl,--start-group,-lxil,-lfreertos,-lgcc,-lc,--end-group -Wl,--start-group,-lxil,-llwip4,-lgcc,-lc,--end-group
'Finished building target: FinalProject_ESDC.elf'
' '
'Invoking: ARM Print Size'
arm-xilinx-eabi-size FinalProject_ESDC.elf  |tee "FinalProject_ESDC.elf.size"
   text	   data	    bss	    dec	    hex	filename
 182684	   3120	10928140	11113944	 a995d8	FinalProject_ESDC.elf
'Finished building: FinalProject_ESDC.elf.size'
' '
11:58:37 **** Auto Build of configuration Debug for project FinalProject_ESDC ****
make all 
'Building file: ../src/main.c'
'Invoking: ARM gcc compiler'
arm-xilinx-eabi-gcc -Wall -O0 -g3 -c -fmessage-length=0 -I../../FinalProject_ESDC_bsp/ps7_cortexa9_0/include -MMD -MP -MF"src/main.d" -MT"src/main.d" -o "src/main.o" "../src/main.c"
'Finished building: ../src/main.c'
' '
'Building target: FinalProject_ESDC.elf'
'Invoking: ARM gcc linker'
arm-xilinx-eabi-gcc -Wl,-T -Wl,../src/lscript.ld -L../../FinalProject_ESDC_bsp/ps7_cortexa9_0/lib -o "FinalProject_ESDC.elf"  ./src/dispatch.o ./src/echo.o ./src/main.o   -Wl,--start-group,-lxil,-lfreertos,-lgcc,-lc,--end-group -Wl,--start-group,-lxil,-llwip4,-lgcc,-lc,--end-group
'Finished building target: FinalProject_ESDC.elf'
' '
'Invoking: ARM Print Size'
arm-xilinx-eabi-size FinalProject_ESDC.elf  |tee "FinalProject_ESDC.elf.size"
   text	   data	    bss	    dec	    hex	filename
 182684	   3120	10928140	11113944	 a995d8	FinalProject_ESDC.elf
'Finished building: FinalProject_ESDC.elf.size'
' '
11:58:50 **** Incremental Build of configuration Debug for project FinalProject_ESDC ****
make all 
make: No se hace nada para `all'.
11:59:26 **** Auto Build of configuration Debug for project FinalProject_ESDC ****
make all 
'Building file: ../src/main.c'
'Invoking: ARM gcc compiler'
arm-xilinx-eabi-gcc -Wall -O0 -g3 -c -fmessage-length=0 -I../../FinalProject_ESDC_bsp/ps7_cortexa9_0/include -MMD -MP -MF"src/main.d" -MT"src/main.d" -o "src/main.o" "../src/main.c"
'Finished building: ../src/main.c'
' '
'Building target: FinalProject_ESDC.elf'
'Invoking: ARM gcc linker'
arm-xilinx-eabi-gcc -Wl,-T -Wl,../src/lscript.ld -L../../FinalProject_ESDC_bsp/ps7_cortexa9_0/lib -o "FinalProject_ESDC.elf"  ./src/dispatch.o ./src/echo.o ./src/main.o   -Wl,--start-group,-lxil,-lfreertos,-lgcc,-lc,--end-group -Wl,--start-group,-lxil,-llwip4,-lgcc,-lc,--end-group
'Finished building target: FinalProject_ESDC.elf'
' '
'Invoking: ARM Print Size'
arm-xilinx-eabi-size FinalProject_ESDC.elf  |tee "FinalProject_ESDC.elf.size"
   text	   data	    bss	    dec	    hex	filename
 182692	   3120	10928140	11113952	 a995e0	FinalProject_ESDC.elf
'Finished building: FinalProject_ESDC.elf.size'
' '
11:59:32 **** Incremental Build of configuration Debug for project FinalProject_ESDC ****
make all 
make: No se hace nada para `all'.
11:59:54 **** Auto Build of configuration Debug for project FinalProject_ESDC ****
make all 
'Building file: ../src/main.c'
'Invoking: ARM gcc compiler'
arm-xilinx-eabi-gcc -Wall -O0 -g3 -c -fmessage-length=0 -I../../FinalProject_ESDC_bsp/ps7_cortexa9_0/include -MMD -MP -MF"src/main.d" -MT"src/main.d" -o "src/main.o" "../src/main.c"
'Finished building: ../src/main.c'
' '
'Building target: FinalProject_ESDC.elf'
'Invoking: ARM gcc linker'
arm-xilinx-eabi-gcc -Wl,-T -Wl,../src/lscript.ld -L../../FinalProject_ESDC_bsp/ps7_cortexa9_0/lib -o "FinalProject_ESDC.elf"  ./src/dispatch.o ./src/echo.o ./src/main.o   -Wl,--start-group,-lxil,-lfreertos,-lgcc,-lc,--end-group -Wl,--start-group,-lxil,-llwip4,-lgcc,-lc,--end-group
'Finished building target: FinalProject_ESDC.elf'
' '
'Invoking: ARM Print Size'
arm-xilinx-eabi-size FinalProject_ESDC.elf  |tee "FinalProject_ESDC.elf.size"
   text	   data	    bss	    dec	    hex	filename
 163452	   3116	10928140	11094708	 a94ab4	FinalProject_ESDC.elf
'Finished building: FinalProject_ESDC.elf.size'
' '
10:22:48 **** Auto Build of configuration Debug for project FinalProject_ESDC ****
make all 
'Building file: ../src/echo.c'
'Invoking: ARM gcc compiler'
arm-xilinx-eabi-gcc -Wall -O0 -g3 -c -fmessage-length=0 -I../../FinalProject_ESDC_bsp/ps7_cortexa9_0/include -MMD -MP -MF"src/echo.d" -MT"src/echo.d" -o "src/echo.o" "../src/echo.c"
'Finished building: ../src/echo.c'
' '
'Building target: FinalProject_ESDC.elf'
'Invoking: ARM gcc linker'
arm-xilinx-eabi-gcc -Wl,-T -Wl,../src/lscript.ld -L../../FinalProject_ESDC_bsp/ps7_cortexa9_0/lib -o "FinalProject_ESDC.elf"  ./src/dispatch.o ./src/echo.o ./src/main.o   -Wl,--start-group,-lxil,-lfreertos,-lgcc,-lc,--end-group -Wl,--start-group,-lxil,-llwip4,-lgcc,-lc,--end-group
./src/dispatch.o: In function `launch_app_threads':
C:\Users\adria.gil\Desktop\FinalProject\FinalProject_ESDC\Debug/../src/dispatch.c:64: undefined reference to `echo_application_thread'
C:\Users\adria.gil\Desktop\FinalProject\FinalProject_ESDC\Debug/../src/dispatch.c:64: undefined reference to `echo_application_thread'
collect2.exe: error: ld returned 1 exit status
make: *** [FinalProject_ESDC.elf] Error 1
10:22:52 **** Auto Build of configuration Debug for project FinalProject_ESDC ****
make all 
'Building file: ../src/dispatch.c'
'Invoking: ARM gcc compiler'
arm-xilinx-eabi-gcc -Wall -O0 -g3 -c -fmessage-length=0 -I../../FinalProject_ESDC_bsp/ps7_cortexa9_0/include -MMD -MP -MF"src/dispatch.d" -MT"src/dispatch.d" -o "src/dispatch.o" "../src/dispatch.c"
../src/dispatch.c: In function 'launch_app_threads':
../src/dispatch.c:63:33: error: 'server_application_thread' undeclared (first use in this function)
         sys_thread_new("echod", server_application_thread, 0,
                                 ^
../src/dispatch.c:63:33: note: each undeclared identifier is reported only once for each function it appears in
make: *** [src/dispatch.o] Error 1
10:23:05 **** Auto Build of configuration Debug for project FinalProject_ESDC ****
make all 
'Building file: ../src/dispatch.c'
'Invoking: ARM gcc compiler'
arm-xilinx-eabi-gcc -Wall -O0 -g3 -c -fmessage-length=0 -I../../FinalProject_ESDC_bsp/ps7_cortexa9_0/include -MMD -MP -MF"src/dispatch.d" -MT"src/dispatch.d" -o "src/dispatch.o" "../src/dispatch.c"
'Finished building: ../src/dispatch.c'
' '
'Building target: FinalProject_ESDC.elf'
'Invoking: ARM gcc linker'
arm-xilinx-eabi-gcc -Wl,-T -Wl,../src/lscript.ld -L../../FinalProject_ESDC_bsp/ps7_cortexa9_0/lib -o "FinalProject_ESDC.elf"  ./src/dispatch.o ./src/echo.o ./src/main.o   -Wl,--start-group,-lxil,-lfreertos,-lgcc,-lc,--end-group -Wl,--start-group,-lxil,-llwip4,-lgcc,-lc,--end-group
'Finished building target: FinalProject_ESDC.elf'
' '
'Invoking: ARM Print Size'
arm-xilinx-eabi-size FinalProject_ESDC.elf  |tee "FinalProject_ESDC.elf.size"
   text	   data	    bss	    dec	    hex	filename
 163452	   3116	10928140	11094708	 a94ab4	FinalProject_ESDC.elf
'Finished building: FinalProject_ESDC.elf.size'
' '
10:23:17 **** Auto Build of configuration Debug for project FinalProject_ESDC ****
make all 
'Building file: ../src/dispatch.c'
'Invoking: ARM gcc compiler'
arm-xilinx-eabi-gcc -Wall -O0 -g3 -c -fmessage-length=0 -I../../FinalProject_ESDC_bsp/ps7_cortexa9_0/include -MMD -MP -MF"src/dispatch.d" -MT"src/dispatch.d" -o "src/dispatch.o" "../src/dispatch.c"
'Finished building: ../src/dispatch.c'
' '
'Building target: FinalProject_ESDC.elf'
'Invoking: ARM gcc linker'
arm-xilinx-eabi-gcc -Wl,-T -Wl,../src/lscript.ld -L../../FinalProject_ESDC_bsp/ps7_cortexa9_0/lib -o "FinalProject_ESDC.elf"  ./src/dispatch.o ./src/echo.o ./src/main.o   -Wl,--start-group,-lxil,-lfreertos,-lgcc,-lc,--end-group -Wl,--start-group,-lxil,-llwip4,-lgcc,-lc,--end-group
'Finished building target: FinalProject_ESDC.elf'
' '
'Invoking: ARM Print Size'
arm-xilinx-eabi-size FinalProject_ESDC.elf  |tee "FinalProject_ESDC.elf.size"
   text	   data	    bss	    dec	    hex	filename
 163452	   3116	10928140	11094708	 a94ab4	FinalProject_ESDC.elf
'Finished building: FinalProject_ESDC.elf.size'
' '
10:23:45 **** Clean-only build of configuration Debug for project FinalProject_ESDC ****
make clean 
rm -rf  ./src/dispatch.o ./src/echo.o ./src/main.o  ./src/dispatch.d ./src/echo.d ./src/main.d  FinalProject_ESDC.elf.size  FinalProject_ESDC.elf
' '
10:23:45 **** Auto Build of configuration Debug for project FinalProject_ESDC ****
make all 
'Building file: ../src/dispatch.c'
'Invoking: ARM gcc compiler'
arm-xilinx-eabi-gcc -Wall -O0 -g3 -c -fmessage-length=0 -I../../FinalProject_ESDC_bsp/ps7_cortexa9_0/include -MMD -MP -MF"src/dispatch.d" -MT"src/dispatch.d" -o "src/dispatch.o" "../src/dispatch.c"
'Finished building: ../src/dispatch.c'
' '
'Building file: ../src/main.c'
'Invoking: ARM gcc compiler'
arm-xilinx-eabi-gcc -Wall -O0 -g3 -c -fmessage-length=0 -I../../FinalProject_ESDC_bsp/ps7_cortexa9_0/include -MMD -MP -MF"src/main.d" -MT"src/main.d" -o "src/main.o" "../src/main.c"
'Finished building: ../src/main.c'
' '
'Building file: ../src/server.c'
'Invoking: ARM gcc compiler'
arm-xilinx-eabi-gcc -Wall -O0 -g3 -c -fmessage-length=0 -I../../FinalProject_ESDC_bsp/ps7_cortexa9_0/include -MMD -MP -MF"src/server.d" -MT"src/server.d" -o "src/server.o" "../src/server.c"
'Finished building: ../src/server.c'
' '
'Building target: FinalProject_ESDC.elf'
'Invoking: ARM gcc linker'
arm-xilinx-eabi-gcc -Wl,-T -Wl,../src/lscript.ld -L../../FinalProject_ESDC_bsp/ps7_cortexa9_0/lib -o "FinalProject_ESDC.elf"  ./src/dispatch.o ./src/main.o ./src/server.o   -Wl,--start-group,-lxil,-lfreertos,-lgcc,-lc,--end-group -Wl,--start-group,-lxil,-llwip4,-lgcc,-lc,--end-group
'Finished building target: FinalProject_ESDC.elf'
' '
'Invoking: ARM Print Size'
arm-xilinx-eabi-size FinalProject_ESDC.elf  |tee "FinalProject_ESDC.elf.size"
   text	   data	    bss	    dec	    hex	filename
 163452	   3116	10928140	11094708	 a94ab4	FinalProject_ESDC.elf
'Finished building: FinalProject_ESDC.elf.size'
' '
10:24:09 **** Auto Build of configuration Debug for project FinalProject_ESDC ****
make all 
'Building file: ../src/Client.c'
'Invoking: ARM gcc compiler'
arm-xilinx-eabi-gcc -Wall -O0 -g3 -c -fmessage-length=0 -I../../FinalProject_ESDC_bsp/ps7_cortexa9_0/include -MMD -MP -MF"src/Client.d" -MT"src/Client.d" -o "src/Client.o" "../src/Client.c"
'Finished building: ../src/Client.c'
' '
'Building target: FinalProject_ESDC.elf'
'Invoking: ARM gcc linker'
arm-xilinx-eabi-gcc -Wl,-T -Wl,../src/lscript.ld -L../../FinalProject_ESDC_bsp/ps7_cortexa9_0/lib -o "FinalProject_ESDC.elf"  ./src/Client.o ./src/dispatch.o ./src/main.o ./src/server.o   -Wl,--start-group,-lxil,-lfreertos,-lgcc,-lc,--end-group -Wl,--start-group,-lxil,-llwip4,-lgcc,-lc,--end-group
'Finished building target: FinalProject_ESDC.elf'
' '
'Invoking: ARM Print Size'
arm-xilinx-eabi-size FinalProject_ESDC.elf  |tee "FinalProject_ESDC.elf.size"
   text	   data	    bss	    dec	    hex	filename
 163452	   3116	10928140	11094708	 a94ab4	FinalProject_ESDC.elf
'Finished building: FinalProject_ESDC.elf.size'
' '
10:24:20 **** Clean-only build of configuration Debug for project FinalProject_ESDC ****
make clean 
rm -rf  ./src/Client.o ./src/dispatch.o ./src/main.o ./src/server.o  ./src/Client.d ./src/dispatch.d ./src/main.d ./src/server.d  FinalProject_ESDC.elf.size  FinalProject_ESDC.elf
' '
10:24:21 **** Auto Build of configuration Debug for project FinalProject_ESDC ****
make all 
'Building file: ../src/client.c'
'Invoking: ARM gcc compiler'
arm-xilinx-eabi-gcc -Wall -O0 -g3 -c -fmessage-length=0 -I../../FinalProject_ESDC_bsp/ps7_cortexa9_0/include -MMD -MP -MF"src/client.d" -MT"src/client.d" -o "src/client.o" "../src/client.c"
'Finished building: ../src/client.c'
' '
'Building file: ../src/dispatch.c'
'Invoking: ARM gcc compiler'
arm-xilinx-eabi-gcc -Wall -O0 -g3 -c -fmessage-length=0 -I../../FinalProject_ESDC_bsp/ps7_cortexa9_0/include -MMD -MP -MF"src/dispatch.d" -MT"src/dispatch.d" -o "src/dispatch.o" "../src/dispatch.c"
'Finished building: ../src/dispatch.c'
' '
'Building file: ../src/main.c'
'Invoking: ARM gcc compiler'
arm-xilinx-eabi-gcc -Wall -O0 -g3 -c -fmessage-length=0 -I../../FinalProject_ESDC_bsp/ps7_cortexa9_0/include -MMD -MP -MF"src/main.d" -MT"src/main.d" -o "src/main.o" "../src/main.c"
'Finished building: ../src/main.c'
' '
'Building file: ../src/server.c'
'Invoking: ARM gcc compiler'
arm-xilinx-eabi-gcc -Wall -O0 -g3 -c -fmessage-length=0 -I../../FinalProject_ESDC_bsp/ps7_cortexa9_0/include -MMD -MP -MF"src/server.d" -MT"src/server.d" -o "src/server.o" "../src/server.c"
'Finished building: ../src/server.c'
' '
'Building target: FinalProject_ESDC.elf'
'Invoking: ARM gcc linker'
arm-xilinx-eabi-gcc -Wl,-T -Wl,../src/lscript.ld -L../../FinalProject_ESDC_bsp/ps7_cortexa9_0/lib -o "FinalProject_ESDC.elf"  ./src/client.o ./src/dispatch.o ./src/main.o ./src/server.o   -Wl,--start-group,-lxil,-lfreertos,-lgcc,-lc,--end-group -Wl,--start-group,-lxil,-llwip4,-lgcc,-lc,--end-group
'Finished building target: FinalProject_ESDC.elf'
' '
'Invoking: ARM Print Size'
arm-xilinx-eabi-size FinalProject_ESDC.elf  |tee "FinalProject_ESDC.elf.size"
   text	   data	    bss	    dec	    hex	filename
 163452	   3116	10928140	11094708	 a94ab4	FinalProject_ESDC.elf
'Finished building: FinalProject_ESDC.elf.size'
' '
10:26:47 **** Auto Build of configuration Debug for project FinalProject_ESDC ****
make all 
'Building file: ../src/client.c'
'Invoking: ARM gcc compiler'
arm-xilinx-eabi-gcc -Wall -O0 -g3 -c -fmessage-length=0 -I../../FinalProject_ESDC_bsp/ps7_cortexa9_0/include -MMD -MP -MF"src/client.d" -MT"src/client.d" -o "src/client.o" "../src/client.c"
'Finished building: ../src/client.c'
' '
'Building target: FinalProject_ESDC.elf'
'Invoking: ARM gcc linker'
arm-xilinx-eabi-gcc -Wl,-T -Wl,../src/lscript.ld -L../../FinalProject_ESDC_bsp/ps7_cortexa9_0/lib -o "FinalProject_ESDC.elf"  ./src/client.o ./src/dispatch.o ./src/main.o ./src/server.o   -Wl,--start-group,-lxil,-lfreertos,-lgcc,-lc,--end-group -Wl,--start-group,-lxil,-llwip4,-lgcc,-lc,--end-group
'Finished building target: FinalProject_ESDC.elf'
' '
'Invoking: ARM Print Size'
arm-xilinx-eabi-size FinalProject_ESDC.elf  |tee "FinalProject_ESDC.elf.size"
   text	   data	    bss	    dec	    hex	filename
 163452	   3116	10928140	11094708	 a94ab4	FinalProject_ESDC.elf
'Finished building: FinalProject_ESDC.elf.size'
' '
10:27:42 **** Auto Build of configuration Debug for project FinalProject_ESDC ****
make all 
'Building file: ../src/server.c'
'Invoking: ARM gcc compiler'
arm-xilinx-eabi-gcc -Wall -O0 -g3 -c -fmessage-length=0 -I../../FinalProject_ESDC_bsp/ps7_cortexa9_0/include -MMD -MP -MF"src/server.d" -MT"src/server.d" -o "src/server.o" "../src/server.c"
'Finished building: ../src/server.c'
' '
'Building target: FinalProject_ESDC.elf'
'Invoking: ARM gcc linker'
arm-xilinx-eabi-gcc -Wl,-T -Wl,../src/lscript.ld -L../../FinalProject_ESDC_bsp/ps7_cortexa9_0/lib -o "FinalProject_ESDC.elf"  ./src/client.o ./src/dispatch.o ./src/main.o ./src/server.o   -Wl,--start-group,-lxil,-lfreertos,-lgcc,-lc,--end-group -Wl,--start-group,-lxil,-llwip4,-lgcc,-lc,--end-group
'Finished building target: FinalProject_ESDC.elf'
' '
'Invoking: ARM Print Size'
arm-xilinx-eabi-size FinalProject_ESDC.elf  |tee "FinalProject_ESDC.elf.size"
   text	   data	    bss	    dec	    hex	filename
 163452	   3116	10928140	11094708	 a94ab4	FinalProject_ESDC.elf
'Finished building: FinalProject_ESDC.elf.size'
' '
10:29:18 **** Auto Build of configuration Debug for project FinalProject_ESDC ****
make all 
'Building file: ../src/server.c'
'Invoking: ARM gcc compiler'
arm-xilinx-eabi-gcc -Wall -O0 -g3 -c -fmessage-length=0 -I../../FinalProject_ESDC_bsp/ps7_cortexa9_0/include -MMD -MP -MF"src/server.d" -MT"src/server.d" -o "src/server.o" "../src/server.c"
'Finished building: ../src/server.c'
' '
'Building target: FinalProject_ESDC.elf'
'Invoking: ARM gcc linker'
arm-xilinx-eabi-gcc -Wl,-T -Wl,../src/lscript.ld -L../../FinalProject_ESDC_bsp/ps7_cortexa9_0/lib -o "FinalProject_ESDC.elf"  ./src/client.o ./src/dispatch.o ./src/main.o ./src/server.o   -Wl,--start-group,-lxil,-lfreertos,-lgcc,-lc,--end-group -Wl,--start-group,-lxil,-llwip4,-lgcc,-lc,--end-group
'Finished building target: FinalProject_ESDC.elf'
' '
'Invoking: ARM Print Size'
arm-xilinx-eabi-size FinalProject_ESDC.elf  |tee "FinalProject_ESDC.elf.size"
   text	   data	    bss	    dec	    hex	filename
 163452	   3116	10928140	11094708	 a94ab4	FinalProject_ESDC.elf
'Finished building: FinalProject_ESDC.elf.size'
' '
10:37:34 **** Auto Build of configuration Debug for project FinalProject_ESDC ****
make all 
'Building file: ../src/dispatch.c'
'Invoking: ARM gcc compiler'
arm-xilinx-eabi-gcc -Wall -O0 -g3 -c -fmessage-length=0 -I../../FinalProject_ESDC_bsp/ps7_cortexa9_0/include -MMD -MP -MF"src/dispatch.d" -MT"src/dispatch.d" -o "src/dispatch.o" "../src/dispatch.c"
'Finished building: ../src/dispatch.c'
' '
[...]
12:05:31 **** Incremental Build of configuration Debug for project FinalProject_ESDC ****
make all 
make: No se hace nada para `all'.
12:06:53 **** Auto Build of configuration Debug for project FinalProject_ESDC ****
make all 
'Building file: ../src/iZybo.c'
'Invoking: ARM gcc compiler'
arm-xilinx-eabi-gcc -Wall -O0 -g3 -c -fmessage-length=0 -I../../FinalProject_ESDC_bsp/ps7_cortexa9_0/include -MMD -MP -MF"src/iZybo.d" -MT"src/iZybo.d" -o "src/iZybo.o" "../src/iZybo.c"
../src/iZybo.c:30:13: warning: 'ack_buf' defined but not used [-Wunused-variable]
 static char ack_buf[BUFSIZE] = {"ACK"};
             ^
'Finished building: ../src/iZybo.c'
' '
'Building target: FinalProject_ESDC.elf'
'Invoking: ARM gcc linker'
arm-xilinx-eabi-gcc -Wl,-T -Wl,../src/lscript.ld -L../../FinalProject_ESDC_bsp/ps7_cortexa9_0/lib -o "FinalProject_ESDC.elf"  ./src/client.o ./src/dispatch.o ./src/iZybo.o ./src/main.o ./src/oneSocket.o ./src/server.o ./src/server_pro.o ./src/udp_izybo.o  ./.metadata/.plugins/org.eclipse.cdt.make.core/specs.o   -Wl,--start-group,-lxil,-lfreertos,-lgcc,-lc,--end-group -Wl,--start-group,-lxil,-llwip4,-lgcc,-lc,--end-group
'Finished building target: FinalProject_ESDC.elf'
' '
'Invoking: ARM Print Size'
arm-xilinx-eabi-size FinalProject_ESDC.elf  |tee "FinalProject_ESDC.elf.size"
   text	   data	    bss	    dec	    hex	filename
 171324	   3244	10936444	11111012	 a98a64	FinalProject_ESDC.elf
'Finished building: FinalProject_ESDC.elf.size'
' '
12:07:01 **** Incremental Build of configuration Debug for project FinalProject_ESDC ****
make all 
make: No se hace nada para `all'.
12:08:16 **** Incremental Build of configuration Debug for project FinalProject_ESDC ****
make all 
make: No se hace nada para `all'.
12:09:05 **** Auto Build of configuration Debug for project FinalProject_ESDC ****
make all 
'Building file: ../src/dispatch.c'
'Invoking: ARM gcc compiler'
arm-xilinx-eabi-gcc -Wall -O0 -g3 -c -fmessage-length=0 -I../../FinalProject_ESDC_bsp/ps7_cortexa9_0/include -MMD -MP -MF"src/dispatch.d" -MT"src/dispatch.d" -o "src/dispatch.o" "../src/dispatch.c"
'Finished building: ../src/dispatch.c'
' '
'Building target: FinalProject_ESDC.elf'
'Invoking: ARM gcc linker'
arm-xilinx-eabi-gcc -Wl,-T -Wl,../src/lscript.ld -L../../FinalProject_ESDC_bsp/ps7_cortexa9_0/lib -o "FinalProject_ESDC.elf"  ./src/client.o ./src/dispatch.o ./src/iZybo.o ./src/main.o ./src/oneSocket.o ./src/server.o ./src/server_pro.o ./src/udp_izybo.o  ./.metadata/.plugins/org.eclipse.cdt.make.core/specs.o   -Wl,--start-group,-lxil,-lfreertos,-lgcc,-lc,--end-group -Wl,--start-group,-lxil,-llwip4,-lgcc,-lc,--end-group
'Finished building target: FinalProject_ESDC.elf'
' '
'Invoking: ARM Print Size'
arm-xilinx-eabi-size FinalProject_ESDC.elf  |tee "FinalProject_ESDC.elf.size"
   text	   data	    bss	    dec	    hex	filename
 171324	   3244	10936444	11111012	 a98a64	FinalProject_ESDC.elf
'Finished building: FinalProject_ESDC.elf.size'
' '
12:12:14 **** Auto Build of configuration Debug for project FinalProject_ESDC ****
make all 
'Building file: ../src/server_pro.c'
'Invoking: ARM gcc compiler'
arm-xilinx-eabi-gcc -Wall -O0 -g3 -c -fmessage-length=0 -I../../FinalProject_ESDC_bsp/ps7_cortexa9_0/include -MMD -MP -MF"src/server_pro.d" -MT"src/server_pro.d" -o "src/server_pro.o" "../src/server_pro.c"
../src/server_pro.c: In function 'iZybo_server_thread':
../src/server_pro.c:138:6: warning: passing argument 2 of 'sys_thread_new' from incompatible pointer type [enabled by default]
      DEFAULT_THREAD_PRIO);
      ^
In file included from ../src/server_pro.c:18:0:
../../FinalProject_ESDC_bsp/ps7_cortexa9_0/include/lwip/sys.h:230:14: note: expected 'lwip_thread_fn' but argument is of type 'void (*)(int)'
 sys_thread_t sys_thread_new(const char *name, lwip_thread_fn thread, void *arg, int stacksize, int prio);
              ^
../src/server_pro.c:138:6: warning: passing argument 3 of 'sys_thread_new' makes pointer from integer without a cast [enabled by default]
      DEFAULT_THREAD_PRIO);
      ^
In file included from ../src/server_pro.c:18:0:
../../FinalProject_ESDC_bsp/ps7_cortexa9_0/include/lwip/sys.h:230:14: note: expected 'void *' but argument is of type 'int'
 sys_thread_t sys_thread_new(const char *name, lwip_thread_fn thread, void *arg, int stacksize, int prio);
              ^
'Finished building: ../src/server_pro.c'
' '
'Building target: FinalProject_ESDC.elf'
'Invoking: ARM gcc linker'
arm-xilinx-eabi-gcc -Wl,-T -Wl,../src/lscript.ld -L../../FinalProject_ESDC_bsp/ps7_cortexa9_0/lib -o "FinalProject_ESDC.elf"  ./src/client.o ./src/dispatch.o ./src/iZybo.o ./src/main.o ./src/oneSocket.o ./src/server.o ./src/server_pro.o ./src/udp_izybo.o  ./.metadata/.plugins/org.eclipse.cdt.make.core/specs.o   -Wl,--start-group,-lxil,-lfreertos,-lgcc,-lc,--end-group -Wl,--start-group,-lxil,-llwip4,-lgcc,-lc,--end-group
'Finished building target: FinalProject_ESDC.elf'
' '
'Invoking: ARM Print Size'
arm-xilinx-eabi-size FinalProject_ESDC.elf  |tee "FinalProject_ESDC.elf.size"
   text	   data	    bss	    dec	    hex	filename
 171300	   3244	10936444	11110988	 a98a4c	FinalProject_ESDC.elf
'Finished building: FinalProject_ESDC.elf.size'
' '
12:12:48 **** Auto Build of configuration Debug for project FinalProject_ESDC ****
make all 
'Building file: ../src/server_pro.c'
'Invoking: ARM gcc compiler'
arm-xilinx-eabi-gcc -Wall -O0 -g3 -c -fmessage-length=0 -I../../FinalProject_ESDC_bsp/ps7_cortexa9_0/include -MMD -MP -MF"src/server_pro.d" -MT"src/server_pro.d" -o "src/server_pro.o" "../src/server_pro.c"
../src/server_pro.c: In function 'iZybo_server_thread':
../src/server_pro.c:138:6: warning: passing argument 2 of 'sys_thread_new' from incompatible pointer type [enabled by default]
      DEFAULT_THREAD_PRIO);
      ^
In file included from ../src/server_pro.c:18:0:
../../FinalProject_ESDC_bsp/ps7_cortexa9_0/include/lwip/sys.h:230:14: note: expected 'lwip_thread_fn' but argument is of type 'void (*)(int)'
 sys_thread_t sys_thread_new(const char *name, lwip_thread_fn thread, void *arg, int stacksize, int prio);
              ^
../src/server_pro.c:138:6: warning: passing argument 3 of 'sys_thread_new' makes pointer from integer without a cast [enabled by default]
      DEFAULT_THREAD_PRIO);
      ^
In file included from ../src/server_pro.c:18:0:
../../FinalProject_ESDC_bsp/ps7_cortexa9_0/include/lwip/sys.h:230:14: note: expected 'void *' but argument is of type 'int'
 sys_thread_t sys_thread_new(const char *name, lwip_thread_fn thread, void *arg, int stacksize, int prio);
              ^
'Finished building: ../src/server_pro.c'
' '
'Building target: FinalProject_ESDC.elf'
'Invoking: ARM gcc linker'
arm-xilinx-eabi-gcc -Wl,-T -Wl,../src/lscript.ld -L../../FinalProject_ESDC_bsp/ps7_cortexa9_0/lib -o "FinalProject_ESDC.elf"  ./src/client.o ./src/dispatch.o ./src/iZybo.o ./src/main.o ./src/oneSocket.o ./src/server.o ./src/server_pro.o ./src/udp_izybo.o  ./.metadata/.plugins/org.eclipse.cdt.make.core/specs.o   -Wl,--start-group,-lxil,-lfreertos,-lgcc,-lc,--end-group -Wl,--start-group,-lxil,-llwip4,-lgcc,-lc,--end-group
'Finished building target: FinalProject_ESDC.elf'
' '
'Invoking: ARM Print Size'
arm-xilinx-eabi-size FinalProject_ESDC.elf  |tee "FinalProject_ESDC.elf.size"
   text	   data	    bss	    dec	    hex	filename
 171308	   3244	10936444	11110996	 a98a54	FinalProject_ESDC.elf
'Finished building: FinalProject_ESDC.elf.size'
' '
12:13:17 **** Auto Build of configuration Debug for project FinalProject_ESDC ****
make all 
'Building file: ../src/main.c'
'Invoking: ARM gcc compiler'
arm-xilinx-eabi-gcc -Wall -O0 -g3 -c -fmessage-length=0 -I../../FinalProject_ESDC_bsp/ps7_cortexa9_0/include -MMD -MP -MF"src/main.d" -MT"src/main.d" -o "src/main.o" "../src/main.c"
'Finished building: ../src/main.c'
' '
'Building target: FinalProject_ESDC.elf'
'Invoking: ARM gcc linker'
arm-xilinx-eabi-gcc -Wl,-T -Wl,../src/lscript.ld -L../../FinalProject_ESDC_bsp/ps7_cortexa9_0/lib -o "FinalProject_ESDC.elf"  ./src/client.o ./src/dispatch.o ./src/iZybo.o ./src/main.o ./src/oneSocket.o ./src/server.o ./src/server_pro.o ./src/udp_izybo.o  ./.metadata/.plugins/org.eclipse.cdt.make.core/specs.o   -Wl,--start-group,-lxil,-lfreertos,-lgcc,-lc,--end-group -Wl,--start-group,-lxil,-llwip4,-lgcc,-lc,--end-group
'Finished building target: FinalProject_ESDC.elf'
' '
'Invoking: ARM Print Size'
arm-xilinx-eabi-size FinalProject_ESDC.elf  |tee "FinalProject_ESDC.elf.size"
   text	   data	    bss	    dec	    hex	filename
 171308	   3244	10936444	11110996	 a98a54	FinalProject_ESDC.elf
'Finished building: FinalProject_ESDC.elf.size'
' '
12:20:27 **** Incremental Build of configuration Debug for project FinalProject_ESDC ****
make all 
make: No se hace nada para `all'.
12:26:02 **** Auto Build of configuration Debug for project FinalProject_ESDC ****
make all 
'Building file: ../src/server_pro.c'
'Invoking: ARM gcc compiler'
arm-xilinx-eabi-gcc -Wall -O0 -g3 -c -fmessage-length=0 -I../../FinalProject_ESDC_bsp/ps7_cortexa9_0/include -MMD -MP -MF"src/server_pro.d" -MT"src/server_pro.d" -o "src/server_pro.o" "../src/server_pro.c"
../src/server_pro.c: In function 'iZybo_server_thread':
../src/server_pro.c:137:6: warning: passing argument 2 of 'sys_thread_new' from incompatible pointer type [enabled by default]
      DEFAULT_THREAD_PRIO);
      ^
In file included from ../src/server_pro.c:18:0:
../../FinalProject_ESDC_bsp/ps7_cortexa9_0/include/lwip/sys.h:230:14: note: expected 'lwip_thread_fn' but argument is of type 'void (*)(int)'
 sys_thread_t sys_thread_new(const char *name, lwip_thread_fn thread, void *arg, int stacksize, int prio);
              ^
../src/server_pro.c:137:6: warning: passing argument 3 of 'sys_thread_new' makes pointer from integer without a cast [enabled by default]
      DEFAULT_THREAD_PRIO);
      ^
In file included from ../src/server_pro.c:18:0:
../../FinalProject_ESDC_bsp/ps7_cortexa9_0/include/lwip/sys.h:230:14: note: expected 'void *' but argument is of type 'int'
 sys_thread_t sys_thread_new(const char *name, lwip_thread_fn thread, void *arg, int stacksize, int prio);
              ^
'Finished building: ../src/server_pro.c'
' '
'Building target: FinalProject_ESDC.elf'
'Invoking: ARM gcc linker'
arm-xilinx-eabi-gcc -Wl,-T -Wl,../src/lscript.ld -L../../FinalProject_ESDC_bsp/ps7_cortexa9_0/lib -o "FinalProject_ESDC.elf"  ./src/client.o ./src/dispatch.o ./src/iZybo.o ./src/main.o ./src/oneSocket.o ./src/server.o ./src/server_pro.o ./src/udp_izybo.o  ./.metadata/.plugins/org.eclipse.cdt.make.core/specs.o   -Wl,--start-group,-lxil,-lfreertos,-lgcc,-lc,--end-group -Wl,--start-group,-lxil,-llwip4,-lgcc,-lc,--end-group
'Finished building target: FinalProject_ESDC.elf'
' '
'Invoking: ARM Print Size'
arm-xilinx-eabi-size FinalProject_ESDC.elf  |tee "FinalProject_ESDC.elf.size"
   text	   data	    bss	    dec	    hex	filename
 171044	   3244	10936444	11110732	 a9894c	FinalProject_ESDC.elf
'Finished building: FinalProject_ESDC.elf.size'
' '
12:28:41 **** Auto Build of configuration Debug for project FinalProject_ESDC ****
make all 
'Building file: ../src/server_pro.c'
'Invoking: ARM gcc compiler'
arm-xilinx-eabi-gcc -Wall -O0 -g3 -c -fmessage-length=0 -I../../FinalProject_ESDC_bsp/ps7_cortexa9_0/include -MMD -MP -MF"src/server_pro.d" -MT"src/server_pro.d" -o "src/server_pro.o" "../src/server_pro.c"
../src/server_pro.c: In function 'iZybo_server_thread':
../src/server_pro.c:136:6: warning: passing argument 2 of 'sys_thread_new' from incompatible pointer type [enabled by default]
      DEFAULT_THREAD_PRIO);
      ^
In file included from ../src/server_pro.c:18:0:
../../FinalProject_ESDC_bsp/ps7_cortexa9_0/include/lwip/sys.h:230:14: note: expected 'lwip_thread_fn' but argument is of type 'void (*)(int)'
 sys_thread_t sys_thread_new(const char *name, lwip_thread_fn thread, void *arg, int stacksize, int prio);
              ^
../src/server_pro.c:136:6: warning: passing argument 3 of 'sys_thread_new' makes pointer from integer without a cast [enabled by default]
      DEFAULT_THREAD_PRIO);
      ^
In file included from ../src/server_pro.c:18:0:
../../FinalProject_ESDC_bsp/ps7_cortexa9_0/include/lwip/sys.h:230:14: note: expected 'void *' but argument is of type 'int'
 sys_thread_t sys_thread_new(const char *name, lwip_thread_fn thread, void *arg, int stacksize, int prio);
              ^
'Finished building: ../src/server_pro.c'
' '
'Building target: FinalProject_ESDC.elf'
'Invoking: ARM gcc linker'
arm-xilinx-eabi-gcc -Wl,-T -Wl,../src/lscript.ld -L../../FinalProject_ESDC_bsp/ps7_cortexa9_0/lib -o "FinalProject_ESDC.elf"  ./src/client.o ./src/dispatch.o ./src/iZybo.o ./src/main.o ./src/oneSocket.o ./src/server.o ./src/server_pro.o ./src/udp_izybo.o  ./.metadata/.plugins/org.eclipse.cdt.make.core/specs.o   -Wl,--start-group,-lxil,-lfreertos,-lgcc,-lc,--end-group -Wl,--start-group,-lxil,-llwip4,-lgcc,-lc,--end-group
'Finished building target: FinalProject_ESDC.elf'
' '
'Invoking: ARM Print Size'
arm-xilinx-eabi-size FinalProject_ESDC.elf  |tee "FinalProject_ESDC.elf.size"
   text	   data	    bss	    dec	    hex	filename
 171044	   3244	10936444	11110732	 a9894c	FinalProject_ESDC.elf
'Finished building: FinalProject_ESDC.elf.size'
' '
12:28:46 **** Incremental Build of configuration Debug for project FinalProject_ESDC ****
make all 
make: No se hace nada para `all'.
12:34:13 **** Auto Build of configuration Debug for project FinalProject_ESDC ****
make all 
'Building file: ../src/server_pro.c'
'Invoking: ARM gcc compiler'
arm-xilinx-eabi-gcc -Wall -O0 -g3 -c -fmessage-length=0 -I../../FinalProject_ESDC_bsp/ps7_cortexa9_0/include -MMD -MP -MF"src/server_pro.d" -MT"src/server_pro.d" -o "src/server_pro.o" "../src/server_pro.c"
../src/server_pro.c: In function 'iZybo_server_thread':
../src/server_pro.c:135:6: warning: passing argument 2 of 'sys_thread_new' from incompatible pointer type [enabled by default]
      DEFAULT_THREAD_PRIO);
      ^
In file included from ../src/server_pro.c:18:0:
../../FinalProject_ESDC_bsp/ps7_cortexa9_0/include/lwip/sys.h:230:14: note: expected 'lwip_thread_fn' but argument is of type 'void (*)(int)'
 sys_thread_t sys_thread_new(const char *name, lwip_thread_fn thread, void *arg, int stacksize, int prio);
              ^
../src/server_pro.c:135:6: warning: passing argument 3 of 'sys_thread_new' makes pointer from integer without a cast [enabled by default]
      DEFAULT_THREAD_PRIO);
      ^
In file included from ../src/server_pro.c:18:0:
../../FinalProject_ESDC_bsp/ps7_cortexa9_0/include/lwip/sys.h:230:14: note: expected 'void *' but argument is of type 'int'
 sys_thread_t sys_thread_new(const char *name, lwip_thread_fn thread, void *arg, int stacksize, int prio);
              ^
'Finished building: ../src/server_pro.c'
' '
'Building target: FinalProject_ESDC.elf'
'Invoking: ARM gcc linker'
arm-xilinx-eabi-gcc -Wl,-T -Wl,../src/lscript.ld -L../../FinalProject_ESDC_bsp/ps7_cortexa9_0/lib -o "FinalProject_ESDC.elf"  ./src/client.o ./src/dispatch.o ./src/iZybo.o ./src/main.o ./src/oneSocket.o ./src/server.o ./src/server_pro.o ./src/udp_izybo.o  ./.metadata/.plugins/org.eclipse.cdt.make.core/specs.o   -Wl,--start-group,-lxil,-lfreertos,-lgcc,-lc,--end-group -Wl,--start-group,-lxil,-llwip4,-lgcc,-lc,--end-group
'Finished building target: FinalProject_ESDC.elf'
' '
'Invoking: ARM Print Size'
arm-xilinx-eabi-size FinalProject_ESDC.elf  |tee "FinalProject_ESDC.elf.size"
   text	   data	    bss	    dec	    hex	filename
 171044	   3244	10936444	11110732	 a9894c	FinalProject_ESDC.elf
'Finished building: FinalProject_ESDC.elf.size'
' '
12:34:46 **** Auto Build of configuration Debug for project FinalProject_ESDC ****
make all 
'Building file: ../src/server_pro.c'
'Invoking: ARM gcc compiler'
arm-xilinx-eabi-gcc -Wall -O0 -g3 -c -fmessage-length=0 -I../../FinalProject_ESDC_bsp/ps7_cortexa9_0/include -MMD -MP -MF"src/server_pro.d" -MT"src/server_pro.d" -o "src/server_pro.o" "../src/server_pro.c"
../src/server_pro.c: In function 'iZybo_server_thread':
../src/server_pro.c:133:6: warning: passing argument 2 of 'sys_thread_new' from incompatible pointer type [enabled by default]
      DEFAULT_THREAD_PRIO);
      ^
In file included from ../src/server_pro.c:18:0:
../../FinalProject_ESDC_bsp/ps7_cortexa9_0/include/lwip/sys.h:230:14: note: expected 'lwip_thread_fn' but argument is of type 'void (*)(int)'
 sys_thread_t sys_thread_new(const char *name, lwip_thread_fn thread, void *arg, int stacksize, int prio);
              ^
../src/server_pro.c:133:6: warning: passing argument 3 of 'sys_thread_new' makes pointer from integer without a cast [enabled by default]
      DEFAULT_THREAD_PRIO);
      ^
In file included from ../src/server_pro.c:18:0:
../../FinalProject_ESDC_bsp/ps7_cortexa9_0/include/lwip/sys.h:230:14: note: expected 'void *' but argument is of type 'int'
 sys_thread_t sys_thread_new(const char *name, lwip_thread_fn thread, void *arg, int stacksize, int prio);
              ^
'Finished building: ../src/server_pro.c'
' '
'Building target: FinalProject_ESDC.elf'
'Invoking: ARM gcc linker'
arm-xilinx-eabi-gcc -Wl,-T -Wl,../src/lscript.ld -L../../FinalProject_ESDC_bsp/ps7_cortexa9_0/lib -o "FinalProject_ESDC.elf"  ./src/client.o ./src/dispatch.o ./src/iZybo.o ./src/main.o ./src/oneSocket.o ./src/server.o ./src/server_pro.o ./src/udp_izybo.o  ./.metadata/.plugins/org.eclipse.cdt.make.core/specs.o   -Wl,--start-group,-lxil,-lfreertos,-lgcc,-lc,--end-group -Wl,--start-group,-lxil,-llwip4,-lgcc,-lc,--end-group
'Finished building target: FinalProject_ESDC.elf'
' '
'Invoking: ARM Print Size'
arm-xilinx-eabi-size FinalProject_ESDC.elf  |tee "FinalProject_ESDC.elf.size"
   text	   data	    bss	    dec	    hex	filename
 171044	   3244	10936444	11110732	 a9894c	FinalProject_ESDC.elf
'Finished building: FinalProject_ESDC.elf.size'
' '
12:35:12 **** Auto Build of configuration Debug for project FinalProject_ESDC ****
make all 
'Building file: ../src/server_pro.c'
'Invoking: ARM gcc compiler'
arm-xilinx-eabi-gcc -Wall -O0 -g3 -c -fmessage-length=0 -I../../FinalProject_ESDC_bsp/ps7_cortexa9_0/include -MMD -MP -MF"src/server_pro.d" -MT"src/server_pro.d" -o "src/server_pro.o" "../src/server_pro.c"
../src/server_pro.c: In function 'iZybo_server_thread':
../src/server_pro.c:132:6: warning: passing argument 2 of 'sys_thread_new' from incompatible pointer type [enabled by default]
      DEFAULT_THREAD_PRIO);
      ^
In file included from ../src/server_pro.c:18:0:
../../FinalProject_ESDC_bsp/ps7_cortexa9_0/include/lwip/sys.h:230:14: note: expected 'lwip_thread_fn' but argument is of type 'void (*)(int)'
 sys_thread_t sys_thread_new(const char *name, lwip_thread_fn thread, void *arg, int stacksize, int prio);
              ^
../src/server_pro.c:132:6: warning: passing argument 3 of 'sys_thread_new' makes pointer from integer without a cast [enabled by default]
      DEFAULT_THREAD_PRIO);
      ^
In file included from ../src/server_pro.c:18:0:
../../FinalProject_ESDC_bsp/ps7_cortexa9_0/include/lwip/sys.h:230:14: note: expected 'void *' but argument is of type 'int'
 sys_thread_t sys_thread_new(const char *name, lwip_thread_fn thread, void *arg, int stacksize, int prio);
              ^
'Finished building: ../src/server_pro.c'
' '
'Building target: FinalProject_ESDC.elf'
'Invoking: ARM gcc linker'
arm-xilinx-eabi-gcc -Wl,-T -Wl,../src/lscript.ld -L../../FinalProject_ESDC_bsp/ps7_cortexa9_0/lib -o "FinalProject_ESDC.elf"  ./src/client.o ./src/dispatch.o ./src/iZybo.o ./src/main.o ./src/oneSocket.o ./src/server.o ./src/server_pro.o ./src/udp_izybo.o  ./.metadata/.plugins/org.eclipse.cdt.make.core/specs.o   -Wl,--start-group,-lxil,-lfreertos,-lgcc,-lc,--end-group -Wl,--start-group,-lxil,-llwip4,-lgcc,-lc,--end-group
'Finished building target: FinalProject_ESDC.elf'
' '
'Invoking: ARM Print Size'
arm-xilinx-eabi-size FinalProject_ESDC.elf  |tee "FinalProject_ESDC.elf.size"
   text	   data	    bss	    dec	    hex	filename
 171044	   3244	10936444	11110732	 a9894c	FinalProject_ESDC.elf
'Finished building: FinalProject_ESDC.elf.size'
' '
