11:33:09 **** Incremental Build of configuration Debug for project echo_demo ****
make all 
make: No se hace nada para `all'.
11:33:20 **** Incremental Build of configuration Debug for project echo_demo ****
make all 
make: No se hace nada para `all'.
11:34:16 **** Auto Build of configuration Debug for project echo_demo ****
make all 
'Building file: ../echo.c'
'Invoking: ARM gcc compiler'
arm-xilinx-eabi-gcc -Wall -O0 -g3 -c -fmessage-length=0 -I../../echo_demo_bsp/ps7_cortexa9_0/include -MMD -MP -MF"echo.d" -MT"echo.d" -o "echo.o" "../echo.c"
'Finished building: ../echo.c'
' '
'Building target: echo_demo.elf'
'Invoking: ARM gcc linker'
arm-xilinx-eabi-gcc -Wl,-T -Wl,../src/lscript.ld -L../../echo_demo_bsp/ps7_cortexa9_0/lib -o "echo_demo.elf"  ./dispatch.o ./echo.o ./main.o   -Wl,--start-group,-lxil,-lfreertos,-lgcc,-lc,--end-group -Wl,--start-group,-lxil,-llwip4,-lgcc,-lc,--end-group
'Finished building target: echo_demo.elf'
' '
'Invoking: ARM Print Size'
arm-xilinx-eabi-size echo_demo.elf  |tee "echo_demo.elf.size"
   text	   data	    bss	    dec	    hex	filename
 163860	   3116	10928140	11095116	 a94c4c	echo_demo.elf
'Finished building: echo_demo.elf.size'
' '
11:34:28 **** Incremental Build of configuration Debug for project echo_demo ****
make all 
make: No se hace nada para `all'.
11:35:08 **** Incremental Build of configuration Debug for project echo_demo ****
make all 
make: No se hace nada para `all'.
11:35:32 **** Incremental Build of configuration Debug for project echo_demo ****
make all 
make: No se hace nada para `all'.
11:36:14 **** Incremental Build of configuration Debug for project echo_demo ****
make all 
make: No se hace nada para `all'.
11:36:34 **** Incremental Build of configuration Debug for project echo_demo ****
make all 
make: No se hace nada para `all'.
11:36:51 **** Incremental Build of configuration Debug for project echo_demo ****
make all 
make: No se hace nada para `all'.
11:38:26 **** Auto Build of configuration Debug for project echo_demo ****
make all 
'Building file: ../echo.c'
'Invoking: ARM gcc compiler'
arm-xilinx-eabi-gcc -Wall -O0 -g3 -c -fmessage-length=0 -I../../echo_demo_bsp/ps7_cortexa9_0/include -MMD -MP -MF"echo.d" -MT"echo.d" -o "echo.o" "../echo.c"
'Finished building: ../echo.c'
' '
'Building target: echo_demo.elf'
'Invoking: ARM gcc linker'
arm-xilinx-eabi-gcc -Wl,-T -Wl,../src/lscript.ld -L../../echo_demo_bsp/ps7_cortexa9_0/lib -o "echo_demo.elf"  ./dispatch.o ./echo.o ./main.o   -Wl,--start-group,-lxil,-lfreertos,-lgcc,-lc,--end-group -Wl,--start-group,-lxil,-llwip4,-lgcc,-lc,--end-group
'Finished building target: echo_demo.elf'
' '
'Invoking: ARM Print Size'
arm-xilinx-eabi-size echo_demo.elf  |tee "echo_demo.elf.size"
   text	   data	    bss	    dec	    hex	filename
 163852	   3116	10928140	11095108	 a94c44	echo_demo.elf
'Finished building: echo_demo.elf.size'
' '
11:41:55 **** Incremental Build of configuration Debug for project echo_demo ****
make all 
make: No se hace nada para `all'.
11:48:10 **** Auto Build of configuration Debug for project echo_demo ****
make all 
'Building file: ../echo.c'
'Invoking: ARM gcc compiler'
arm-xilinx-eabi-gcc -Wall -O0 -g3 -c -fmessage-length=0 -I../../echo_demo_bsp/ps7_cortexa9_0/include -MMD -MP -MF"echo.d" -MT"echo.d" -o "echo.o" "../echo.c"
'Finished building: ../echo.c'
' '
'Building target: echo_demo.elf'
'Invoking: ARM gcc linker'
arm-xilinx-eabi-gcc -Wl,-T -Wl,../src/lscript.ld -L../../echo_demo_bsp/ps7_cortexa9_0/lib -o "echo_demo.elf"  ./dispatch.o ./echo.o ./main.o   -Wl,--start-group,-lxil,-lfreertos,-lgcc,-lc,--end-group -Wl,--start-group,-lxil,-llwip4,-lgcc,-lc,--end-group
'Finished building target: echo_demo.elf'
' '
'Invoking: ARM Print Size'
arm-xilinx-eabi-size echo_demo.elf  |tee "echo_demo.elf.size"
   text	   data	    bss	    dec	    hex	filename
 163852	   3116	10928140	11095108	 a94c44	echo_demo.elf
'Finished building: echo_demo.elf.size'
' '
11:49:04 **** Incremental Build of configuration Debug for project echo_demo ****
make all 
make: No se hace nada para `all'.
11:50:06 **** Auto Build of configuration Debug for project echo_demo ****
make all 
'Building file: ../echo.c'
'Invoking: ARM gcc compiler'
arm-xilinx-eabi-gcc -Wall -O0 -g3 -c -fmessage-length=0 -I../../echo_demo_bsp/ps7_cortexa9_0/include -MMD -MP -MF"echo.d" -MT"echo.d" -o "echo.o" "../echo.c"
'Finished building: ../echo.c'
' '
'Building target: echo_demo.elf'
'Invoking: ARM gcc linker'
arm-xilinx-eabi-gcc -Wl,-T -Wl,../src/lscript.ld -L../../echo_demo_bsp/ps7_cortexa9_0/lib -o "echo_demo.elf"  ./dispatch.o ./echo.o ./main.o   -Wl,--start-group,-lxil,-lfreertos,-lgcc,-lc,--end-group -Wl,--start-group,-lxil,-llwip4,-lgcc,-lc,--end-group
'Finished building target: echo_demo.elf'
' '
'Invoking: ARM Print Size'
arm-xilinx-eabi-size echo_demo.elf  |tee "echo_demo.elf.size"
   text	   data	    bss	    dec	    hex	filename
 163852	   3116	10928140	11095108	 a94c44	echo_demo.elf
'Finished building: echo_demo.elf.size'
' '
11:50:18 **** Incremental Build of configuration Debug for project echo_demo ****
make all 
make: No se hace nada para `all'.
11:51:21 **** Auto Build of configuration Debug for project echo_demo ****
make all 
'Building file: ../echo.c'
'Invoking: ARM gcc compiler'
arm-xilinx-eabi-gcc -Wall -O0 -g3 -c -fmessage-length=0 -I../../echo_demo_bsp/ps7_cortexa9_0/include -MMD -MP -MF"echo.d" -MT"echo.d" -o "echo.o" "../echo.c"
'Finished building: ../echo.c'
' '
'Building target: echo_demo.elf'
'Invoking: ARM gcc linker'
arm-xilinx-eabi-gcc -Wl,-T -Wl,../src/lscript.ld -L../../echo_demo_bsp/ps7_cortexa9_0/lib -o "echo_demo.elf"  ./dispatch.o ./echo.o ./main.o   -Wl,--start-group,-lxil,-lfreertos,-lgcc,-lc,--end-group -Wl,--start-group,-lxil,-llwip4,-lgcc,-lc,--end-group
'Finished building target: echo_demo.elf'
' '
'Invoking: ARM Print Size'
arm-xilinx-eabi-size echo_demo.elf  |tee "echo_demo.elf.size"
   text	   data	    bss	    dec	    hex	filename
 163852	   3116	10928140	11095108	 a94c44	echo_demo.elf
'Finished building: echo_demo.elf.size'
' '
11:51:47 **** Auto Build of configuration Debug for project echo_demo ****
make all 
'Building file: ../echo.c'
'Invoking: ARM gcc compiler'
arm-xilinx-eabi-gcc -Wall -O0 -g3 -c -fmessage-length=0 -I../../echo_demo_bsp/ps7_cortexa9_0/include -MMD -MP -MF"echo.d" -MT"echo.d" -o "echo.o" "../echo.c"
../echo.c: In function 'process_echo_request':
../echo.c:52:9: warning: unused variable 'quit' [-Wunused-variable]
  int i, quit;
         ^
'Finished building: ../echo.c'
' '
'Building target: echo_demo.elf'
'Invoking: ARM gcc linker'
arm-xilinx-eabi-gcc -Wl,-T -Wl,../src/lscript.ld -L../../echo_demo_bsp/ps7_cortexa9_0/lib -o "echo_demo.elf"  ./dispatch.o ./echo.o ./main.o   -Wl,--start-group,-lxil,-lfreertos,-lgcc,-lc,--end-group -Wl,--start-group,-lxil,-llwip4,-lgcc,-lc,--end-group
'Finished building target: echo_demo.elf'
' '
'Invoking: ARM Print Size'
arm-xilinx-eabi-size echo_demo.elf  |tee "echo_demo.elf.size"
   text	   data	    bss	    dec	    hex	filename
 163852	   3116	10928140	11095108	 a94c44	echo_demo.elf
'Finished building: echo_demo.elf.size'
' '
11:51:51 **** Auto Build of configuration Debug for project echo_demo ****
make all 
'Building file: ../echo.c'
'Invoking: ARM gcc compiler'
arm-xilinx-eabi-gcc -Wall -O0 -g3 -c -fmessage-length=0 -I../../echo_demo_bsp/ps7_cortexa9_0/include -MMD -MP -MF"echo.d" -MT"echo.d" -o "echo.o" "../echo.c"
../echo.c: In function 'process_echo_request':
../echo.c:52:9: warning: unused variable 'quit' [-Wunused-variable]
  int i, quit=0;
         ^
'Finished building: ../echo.c'
' '
'Building target: echo_demo.elf'
'Invoking: ARM gcc linker'
arm-xilinx-eabi-gcc -Wl,-T -Wl,../src/lscript.ld -L../../echo_demo_bsp/ps7_cortexa9_0/lib -o "echo_demo.elf"  ./dispatch.o ./echo.o ./main.o   -Wl,--start-group,-lxil,-lfreertos,-lgcc,-lc,--end-group -Wl,--start-group,-lxil,-llwip4,-lgcc,-lc,--end-group
'Finished building target: echo_demo.elf'
' '
'Invoking: ARM Print Size'
arm-xilinx-eabi-size echo_demo.elf  |tee "echo_demo.elf.size"
   text	   data	    bss	    dec	    hex	filename
 163852	   3116	10928140	11095108	 a94c44	echo_demo.elf
'Finished building: echo_demo.elf.size'
' '
11:52:01 **** Auto Build of configuration Debug for project echo_demo ****
make all 
'Building file: ../echo.c'
'Invoking: ARM gcc compiler'
arm-xilinx-eabi-gcc -Wall -O0 -g3 -c -fmessage-length=0 -I../../echo_demo_bsp/ps7_cortexa9_0/include -MMD -MP -MF"echo.d" -MT"echo.d" -o "echo.o" "../echo.c"
../echo.c: In function 'process_echo_request':
../echo.c:52:9: warning: unused variable 'quit' [-Wunused-variable]
  int i, quit = 0;
         ^
'Finished building: ../echo.c'
' '
'Building target: echo_demo.elf'
'Invoking: ARM gcc linker'
arm-xilinx-eabi-gcc -Wl,-T -Wl,../src/lscript.ld -L../../echo_demo_bsp/ps7_cortexa9_0/lib -o "echo_demo.elf"  ./dispatch.o ./echo.o ./main.o   -Wl,--start-group,-lxil,-lfreertos,-lgcc,-lc,--end-group -Wl,--start-group,-lxil,-llwip4,-lgcc,-lc,--end-group
'Finished building target: echo_demo.elf'
' '
'Invoking: ARM Print Size'
arm-xilinx-eabi-size echo_demo.elf  |tee "echo_demo.elf.size"
   text	   data	    bss	    dec	    hex	filename
 163852	   3116	10928140	11095108	 a94c44	echo_demo.elf
'Finished building: echo_demo.elf.size'
' '
11:52:19 **** Auto Build of configuration Debug for project echo_demo ****
make all 
'Building file: ../echo.c'
'Invoking: ARM gcc compiler'
arm-xilinx-eabi-gcc -Wall -O0 -g3 -c -fmessage-length=0 -I../../echo_demo_bsp/ps7_cortexa9_0/include -MMD -MP -MF"echo.d" -MT"echo.d" -o "echo.o" "../echo.c"
../echo.c: In function 'process_echo_request':
../echo.c:52:9: warning: variable 'quit' set but not used [-Wunused-but-set-variable]
  int i, quit = 0;
         ^
'Finished building: ../echo.c'
' '
'Building target: echo_demo.elf'
'Invoking: ARM gcc linker'
arm-xilinx-eabi-gcc -Wl,-T -Wl,../src/lscript.ld -L../../echo_demo_bsp/ps7_cortexa9_0/lib -o "echo_demo.elf"  ./dispatch.o ./echo.o ./main.o   -Wl,--start-group,-lxil,-lfreertos,-lgcc,-lc,--end-group -Wl,--start-group,-lxil,-llwip4,-lgcc,-lc,--end-group
'Finished building target: echo_demo.elf'
' '
'Invoking: ARM Print Size'
arm-xilinx-eabi-size echo_demo.elf  |tee "echo_demo.elf.size"
   text	   data	    bss	    dec	    hex	filename
 163852	   3116	10928140	11095108	 a94c44	echo_demo.elf
'Finished building: echo_demo.elf.size'
' '
11:53:03 **** Auto Build of configuration Debug for project echo_demo ****
make all 
'Building file: ../echo.c'
'Invoking: ARM gcc compiler'
arm-xilinx-eabi-gcc -Wall -O0 -g3 -c -fmessage-length=0 -I../../echo_demo_bsp/ps7_cortexa9_0/include -MMD -MP -MF"echo.d" -MT"echo.d" -o "echo.o" "../echo.c"
'Finished building: ../echo.c'
' '
'Building target: echo_demo.elf'
'Invoking: ARM gcc linker'
arm-xilinx-eabi-gcc -Wl,-T -Wl,../src/lscript.ld -L../../echo_demo_bsp/ps7_cortexa9_0/lib -o "echo_demo.elf"  ./dispatch.o ./echo.o ./main.o   -Wl,--start-group,-lxil,-lfreertos,-lgcc,-lc,--end-group -Wl,--start-group,-lxil,-llwip4,-lgcc,-lc,--end-group
'Finished building target: echo_demo.elf'
' '
'Invoking: ARM Print Size'
arm-xilinx-eabi-size echo_demo.elf  |tee "echo_demo.elf.size"
   text	   data	    bss	    dec	    hex	filename
 163852	   3116	10928140	11095108	 a94c44	echo_demo.elf
'Finished building: echo_demo.elf.size'
' '
11:53:16 **** Auto Build of configuration Debug for project echo_demo ****
make all 
'Building file: ../echo.c'
'Invoking: ARM gcc compiler'
arm-xilinx-eabi-gcc -Wall -O0 -g3 -c -fmessage-length=0 -I../../echo_demo_bsp/ps7_cortexa9_0/include -MMD -MP -MF"echo.d" -MT"echo.d" -o "echo.o" "../echo.c"
'Finished building: ../echo.c'
' '
'Building target: echo_demo.elf'
'Invoking: ARM gcc linker'
arm-xilinx-eabi-gcc -Wl,-T -Wl,../src/lscript.ld -L../../echo_demo_bsp/ps7_cortexa9_0/lib -o "echo_demo.elf"  ./dispatch.o ./echo.o ./main.o   -Wl,--start-group,-lxil,-lfreertos,-lgcc,-lc,--end-group -Wl,--start-group,-lxil,-llwip4,-lgcc,-lc,--end-group
'Finished building target: echo_demo.elf'
' '
'Invoking: ARM Print Size'
arm-xilinx-eabi-size echo_demo.elf  |tee "echo_demo.elf.size"
   text	   data	    bss	    dec	    hex	filename
 163852	   3116	10928140	11095108	 a94c44	echo_demo.elf
'Finished building: echo_demo.elf.size'
' '
11:53:29 **** Incremental Build of configuration Debug for project echo_demo ****
make all 
make: No se hace nada para `all'.
