09:14:53 **** Build of project echo_demo_bsp ****
make -k all 
"Running Make include in ps7_cortexa9_0/libsrc/cpu_cortexa9_v2_1/src"
make -C ps7_cortexa9_0/libsrc/cpu_cortexa9_v2_1/src -s include  "SHELL=CMD" "COMPILER=arm-xilinx-eabi-gcc" "ARCHIVER=arm-xilinx-eabi-ar" "COMPILER_FLAGS=  -O2 -c" "EXTRA_COMPILER_FLAGS=-g"
"Running Make include in ps7_cortexa9_0/libsrc/devcfg_v3_2/src"
make -C ps7_cortexa9_0/libsrc/devcfg_v3_2/src -s include  "SHELL=CMD" "COMPILER=arm-xilinx-eabi-gcc" "ARCHIVER=arm-xilinx-eabi-ar" "COMPILER_FLAGS=  -O2 -c" "EXTRA_COMPILER_FLAGS=-g"
"Running Make include in ps7_cortexa9_0/libsrc/dmaps_v2_1/src"
make -C ps7_cortexa9_0/libsrc/dmaps_v2_1/src -s include  "SHELL=CMD" "COMPILER=arm-xilinx-eabi-gcc" "ARCHIVER=arm-xilinx-eabi-ar" "COMPILER_FLAGS=  -O2 -c" "EXTRA_COMPILER_FLAGS=-g"
"Running Make include in ps7_cortexa9_0/libsrc/emacps_v2_1/src"
make -C ps7_cortexa9_0/libsrc/emacps_v2_1/src -s include  "SHELL=CMD" "COMPILER=arm-xilinx-eabi-gcc" "ARCHIVER=arm-xilinx-eabi-ar" "COMPILER_FLAGS=  -O2 -c" "EXTRA_COMPILER_FLAGS=-g"
"Running Make include in ps7_cortexa9_0/libsrc/freertos_zynq_v1_02_a/src"
make -C ps7_cortexa9_0/libsrc/freertos_zynq_v1_02_a/src -s include  "SHELL=CMD" "COMPILER=arm-xilinx-eabi-gcc" "ARCHIVER=arm-xilinx-eabi-ar" "COMPILER_FLAGS=  -O2 -c" "EXTRA_COMPILER_FLAGS=-g"
"Running Make include in ps7_cortexa9_0/libsrc/gpio_v4_0/src"
make -C ps7_cortexa9_0/libsrc/gpio_v4_0/src -s include  "SHELL=CMD" "COMPILER=arm-xilinx-eabi-gcc" "ARCHIVER=arm-xilinx-eabi-ar" "COMPILER_FLAGS=  -O2 -c" "EXTRA_COMPILER_FLAGS=-g"
"Running Make include in ps7_cortexa9_0/libsrc/gpiops_v2_1/src"
make -C ps7_cortexa9_0/libsrc/gpiops_v2_1/src -s include  "SHELL=CMD" "COMPILER=arm-xilinx-eabi-gcc" "ARCHIVER=arm-xilinx-eabi-ar" "COMPILER_FLAGS=  -O2 -c" "EXTRA_COMPILER_FLAGS=-g"
"Running Make include in ps7_cortexa9_0/libsrc/lwip141_v1_0/src"
make -C ps7_cortexa9_0/libsrc/lwip141_v1_0/src -s include  "SHELL=CMD" "COMPILER=arm-xilinx-eabi-gcc" "ARCHIVER=arm-xilinx-eabi-ar" "COMPILER_FLAGS=  -O2 -c" "EXTRA_COMPILER_FLAGS=-g"
"Running Make include in ps7_cortexa9_0/libsrc/qspips_v3_1/src"
make -C ps7_cortexa9_0/libsrc/qspips_v3_1/src -s include  "SHELL=CMD" "COMPILER=arm-xilinx-eabi-gcc" "ARCHIVER=arm-xilinx-eabi-ar" "COMPILER_FLAGS=  -O2 -c" "EXTRA_COMPILER_FLAGS=-g"
"Running Make include in ps7_cortexa9_0/libsrc/scugic_v2_1/src"
make -C ps7_cortexa9_0/libsrc/scugic_v2_1/src -s include  "SHELL=CMD" "COMPILER=arm-xilinx-eabi-gcc" "ARCHIVER=arm-xilinx-eabi-ar" "COMPILER_FLAGS=  -O2 -c" "EXTRA_COMPILER_FLAGS=-g"
"Running Make include in ps7_cortexa9_0/libsrc/scutimer_v2_0/src"
make -C ps7_cortexa9_0/libsrc/scutimer_v2_0/src -s include  "SHELL=CMD" "COMPILER=arm-xilinx-eabi-gcc" "ARCHIVER=arm-xilinx-eabi-ar" "COMPILER_FLAGS=  -O2 -c" "EXTRA_COMPILER_FLAGS=-g"
"Running Make include in ps7_cortexa9_0/libsrc/scuwdt_v2_0/src"
make -C ps7_cortexa9_0/libsrc/scuwdt_v2_0/src -s include  "SHELL=CMD" "COMPILER=arm-xilinx-eabi-gcc" "ARCHIVER=arm-xilinx-eabi-ar" "COMPILER_FLAGS=  -O2 -c" "EXTRA_COMPILER_FLAGS=-g"
"Running Make include in ps7_cortexa9_0/libsrc/sdps_v2_2/src"
make -C ps7_cortexa9_0/libsrc/sdps_v2_2/src -s include  "SHELL=CMD" "COMPILER=arm-xilinx-eabi-gcc" "ARCHIVER=arm-xilinx-eabi-ar" "COMPILER_FLAGS=  -O2 -c" "EXTRA_COMPILER_FLAGS=-g"
"Running Make include in ps7_cortexa9_0/libsrc/standalone_v4_1/src"
make -C ps7_cortexa9_0/libsrc/standalone_v4_1/src -s include  "SHELL=CMD" "COMPILER=arm-xilinx-eabi-gcc" "ARCHIVER=arm-xilinx-eabi-ar" "COMPILER_FLAGS=  -O2 -c" "EXTRA_COMPILER_FLAGS=-g"
"Running Make include in ps7_cortexa9_0/libsrc/ttcps_v2_0/src"
make -C ps7_cortexa9_0/libsrc/ttcps_v2_0/src -s include  "SHELL=CMD" "COMPILER=arm-xilinx-eabi-gcc" "ARCHIVER=arm-xilinx-eabi-ar" "COMPILER_FLAGS=  -O2 -c" "EXTRA_COMPILER_FLAGS=-g"
"Running Make include in ps7_cortexa9_0/libsrc/uartps_v2_2/src"
make -C ps7_cortexa9_0/libsrc/uartps_v2_2/src -s include  "SHELL=CMD" "COMPILER=arm-xilinx-eabi-gcc" "ARCHIVER=arm-xilinx-eabi-ar" "COMPILER_FLAGS=  -O2 -c" "EXTRA_COMPILER_FLAGS=-g"
"Running Make include in ps7_cortexa9_0/libsrc/usbps_v2_2/src"
make -C ps7_cortexa9_0/libsrc/usbps_v2_2/src -s include  "SHELL=CMD" "COMPILER=arm-xilinx-eabi-gcc" "ARCHIVER=arm-xilinx-eabi-ar" "COMPILER_FLAGS=  -O2 -c" "EXTRA_COMPILER_FLAGS=-g"
"Running Make include in ps7_cortexa9_0/libsrc/xadcps_v2_1/src"
make -C ps7_cortexa9_0/libsrc/xadcps_v2_1/src -s include  "SHELL=CMD" "COMPILER=arm-xilinx-eabi-gcc" "ARCHIVER=arm-xilinx-eabi-ar" "COMPILER_FLAGS=  -O2 -c" "EXTRA_COMPILER_FLAGS=-g"
"Running Make include in ps7_cortexa9_0/libsrc/xilmfs_v2_0/src"
make -C ps7_cortexa9_0/libsrc/xilmfs_v2_0/src -s include  "SHELL=CMD" "COMPILER=arm-xilinx-eabi-gcc" "ARCHIVER=arm-xilinx-eabi-ar" "COMPILER_FLAGS=  -O2 -c" "EXTRA_COMPILER_FLAGS=-g"
"Running Make libs in ps7_cortexa9_0/libsrc/cpu_cortexa9_v2_1/src"
make -C ps7_cortexa9_0/libsrc/cpu_cortexa9_v2_1/src -s libs  "SHELL=CMD" "COMPILER=arm-xilinx-eabi-gcc" "ARCHIVER=arm-xilinx-eabi-ar" "COMPILER_FLAGS=  -O2 -c" "EXTRA_COMPILER_FLAGS=-g"
"Compiling cpu_cortexa9"
"Running Make libs in ps7_cortexa9_0/libsrc/devcfg_v3_2/src"
make -C ps7_cortexa9_0/libsrc/devcfg_v3_2/src -s libs  "SHELL=CMD" "COMPILER=arm-xilinx-eabi-gcc" "ARCHIVER=arm-xilinx-eabi-ar" "COMPILER_FLAGS=  -O2 -c" "EXTRA_COMPILER_FLAGS=-g"
"Compiling devcfg"
"Running Make libs in ps7_cortexa9_0/libsrc/dmaps_v2_1/src"
make -C ps7_cortexa9_0/libsrc/dmaps_v2_1/src -s libs  "SHELL=CMD" "COMPILER=arm-xilinx-eabi-gcc" "ARCHIVER=arm-xilinx-eabi-ar" "COMPILER_FLAGS=  -O2 -c" "EXTRA_COMPILER_FLAGS=-g"
"Compiling dmaps"
"Running Make libs in ps7_cortexa9_0/libsrc/emacps_v2_1/src"
make -C ps7_cortexa9_0/libsrc/emacps_v2_1/src -s libs  "SHELL=CMD" "COMPILER=arm-xilinx-eabi-gcc" "ARCHIVER=arm-xilinx-eabi-ar" "COMPILER_FLAGS=  -O2 -c" "EXTRA_COMPILER_FLAGS=-g"
"Compiling emacps"
"Running Make libs in ps7_cortexa9_0/libsrc/freertos_zynq_v1_02_a/src"
make -C ps7_cortexa9_0/libsrc/freertos_zynq_v1_02_a/src -s libs  "SHELL=CMD" "COMPILER=arm-xilinx-eabi-gcc" "ARCHIVER=arm-xilinx-eabi-ar" "COMPILER_FLAGS=  -O2 -c" "EXTRA_COMPILER_FLAGS=-g"
"Compiling FreeRTOS"
"Running Make libs in ps7_cortexa9_0/libsrc/gpio_v4_0/src"
make -C ps7_cortexa9_0/libsrc/gpio_v4_0/src -s libs  "SHELL=CMD" "COMPILER=arm-xilinx-eabi-gcc" "ARCHIVER=arm-xilinx-eabi-ar" "COMPILER_FLAGS=  -O2 -c" "EXTRA_COMPILER_FLAGS=-g"
"Compiling gpio"
"Running Make libs in ps7_cortexa9_0/libsrc/gpiops_v2_1/src"
make -C ps7_cortexa9_0/libsrc/gpiops_v2_1/src -s libs  "SHELL=CMD" "COMPILER=arm-xilinx-eabi-gcc" "ARCHIVER=arm-xilinx-eabi-ar" "COMPILER_FLAGS=  -O2 -c" "EXTRA_COMPILER_FLAGS=-g"
"Compiling gpiops"
"Running Make libs in ps7_cortexa9_0/libsrc/lwip141_v1_0/src"
make -C ps7_cortexa9_0/libsrc/lwip141_v1_0/src -s libs  "SHELL=CMD" "COMPILER=arm-xilinx-eabi-gcc" "ARCHIVER=arm-xilinx-eabi-ar" "COMPILER_FLAGS=  -O2 -c" "EXTRA_COMPILER_FLAGS=-g"
"Compiling lwIP"
"Compiling lwIP adapter for Xilinx MAC"
"Creating archive liblwip4.a"
"clean target for lwip"
"Running Make libs in ps7_cortexa9_0/libsrc/qspips_v3_1/src"
make -C ps7_cortexa9_0/libsrc/qspips_v3_1/src -s libs  "SHELL=CMD" "COMPILER=arm-xilinx-eabi-gcc" "ARCHIVER=arm-xilinx-eabi-ar" "COMPILER_FLAGS=  -O2 -c" "EXTRA_COMPILER_FLAGS=-g"
"Compiling qspips"
"Running Make libs in ps7_cortexa9_0/libsrc/scugic_v2_1/src"
make -C ps7_cortexa9_0/libsrc/scugic_v2_1/src -s libs  "SHELL=CMD" "COMPILER=arm-xilinx-eabi-gcc" "ARCHIVER=arm-xilinx-eabi-ar" "COMPILER_FLAGS=  -O2 -c" "EXTRA_COMPILER_FLAGS=-g"
"Compiling scugic"
"Running Make libs in ps7_cortexa9_0/libsrc/scutimer_v2_0/src"
make -C ps7_cortexa9_0/libsrc/scutimer_v2_0/src -s libs  "SHELL=CMD" "COMPILER=arm-xilinx-eabi-gcc" "ARCHIVER=arm-xilinx-eabi-ar" "COMPILER_FLAGS=  -O2 -c" "EXTRA_COMPILER_FLAGS=-g"
"Compiling scutimer"
"Running Make libs in ps7_cortexa9_0/libsrc/scuwdt_v2_0/src"
make -C ps7_cortexa9_0/libsrc/scuwdt_v2_0/src -s libs  "SHELL=CMD" "COMPILER=arm-xilinx-eabi-gcc" "ARCHIVER=arm-xilinx-eabi-ar" "COMPILER_FLAGS=  -O2 -c" "EXTRA_COMPILER_FLAGS=-g"
"Compiling scuwdt"
"Running Make libs in ps7_cortexa9_0/libsrc/sdps_v2_2/src"
make -C ps7_cortexa9_0/libsrc/sdps_v2_2/src -s libs  "SHELL=CMD" "COMPILER=arm-xilinx-eabi-gcc" "ARCHIVER=arm-xilinx-eabi-ar" "COMPILER_FLAGS=  -O2 -c" "EXTRA_COMPILER_FLAGS=-g"
"Compiling sdps"
"Running Make libs in ps7_cortexa9_0/libsrc/standalone_v4_1/src"
make -C ps7_cortexa9_0/libsrc/standalone_v4_1/src -s libs  "SHELL=CMD" "COMPILER=arm-xilinx-eabi-gcc" "ARCHIVER=arm-xilinx-eabi-ar" "COMPILER_FLAGS=  -O2 -c" "EXTRA_COMPILER_FLAGS=-g"
"Compiling standalone"
"Running Make libs in ps7_cortexa9_0/libsrc/ttcps_v2_0/src"
make -C ps7_cortexa9_0/libsrc/ttcps_v2_0/src -s libs  "SHELL=CMD" "COMPILER=arm-xilinx-eabi-gcc" "ARCHIVER=arm-xilinx-eabi-ar" "COMPILER_FLAGS=  -O2 -c" "EXTRA_COMPILER_FLAGS=-g"
"Compiling ttcps"
"Running Make libs in ps7_cortexa9_0/libsrc/uartps_v2_2/src"
make -C ps7_cortexa9_0/libsrc/uartps_v2_2/src -s libs  "SHELL=CMD" "COMPILER=arm-xilinx-eabi-gcc" "ARCHIVER=arm-xilinx-eabi-ar" "COMPILER_FLAGS=  -O2 -c" "EXTRA_COMPILER_FLAGS=-g"
"Compiling uartps"
"Running Make libs in ps7_cortexa9_0/libsrc/usbps_v2_2/src"
make -C ps7_cortexa9_0/libsrc/usbps_v2_2/src -s libs  "SHELL=CMD" "COMPILER=arm-xilinx-eabi-gcc" "ARCHIVER=arm-xilinx-eabi-ar" "COMPILER_FLAGS=  -O2 -c" "EXTRA_COMPILER_FLAGS=-g"
"Compiling usbps"
"Running Make libs in ps7_cortexa9_0/libsrc/xadcps_v2_1/src"
make -C ps7_cortexa9_0/libsrc/xadcps_v2_1/src -s libs  "SHELL=CMD" "COMPILER=arm-xilinx-eabi-gcc" "ARCHIVER=arm-xilinx-eabi-ar" "COMPILER_FLAGS=  -O2 -c" "EXTRA_COMPILER_FLAGS=-g"
"Compiling xadcps"
"Running Make libs in ps7_cortexa9_0/libsrc/xilmfs_v2_0/src"
make -C ps7_cortexa9_0/libsrc/xilmfs_v2_0/src -s libs  "SHELL=CMD" "COMPILER=arm-xilinx-eabi-gcc" "ARCHIVER=arm-xilinx-eabi-ar" "COMPILER_FLAGS=  -O2 -c" "EXTRA_COMPILER_FLAGS=-g"
'Finished building libraries'
09:15:26 **** Build of project socket_client_bsp ****
make -k all 
"Running Make include in ps7_cortexa9_0/libsrc/cpu_cortexa9_v2_1/src"
make -C ps7_cortexa9_0/libsrc/cpu_cortexa9_v2_1/src -s include  "SHELL=CMD" "COMPILER=arm-xilinx-eabi-gcc" "ARCHIVER=arm-xilinx-eabi-ar" "COMPILER_FLAGS=  -O2 -c" "EXTRA_COMPILER_FLAGS=-g"
"Running Make include in ps7_cortexa9_0/libsrc/devcfg_v3_2/src"
make -C ps7_cortexa9_0/libsrc/devcfg_v3_2/src -s include  "SHELL=CMD" "COMPILER=arm-xilinx-eabi-gcc" "ARCHIVER=arm-xilinx-eabi-ar" "COMPILER_FLAGS=  -O2 -c" "EXTRA_COMPILER_FLAGS=-g"
"Running Make include in ps7_cortexa9_0/libsrc/dmaps_v2_1/src"
make -C ps7_cortexa9_0/libsrc/dmaps_v2_1/src -s include  "SHELL=CMD" "COMPILER=arm-xilinx-eabi-gcc" "ARCHIVER=arm-xilinx-eabi-ar" "COMPILER_FLAGS=  -O2 -c" "EXTRA_COMPILER_FLAGS=-g"
"Running Make include in ps7_cortexa9_0/libsrc/emacps_v2_1/src"
make -C ps7_cortexa9_0/libsrc/emacps_v2_1/src -s include  "SHELL=CMD" "COMPILER=arm-xilinx-eabi-gcc" "ARCHIVER=arm-xilinx-eabi-ar" "COMPILER_FLAGS=  -O2 -c" "EXTRA_COMPILER_FLAGS=-g"
"Running Make include in ps7_cortexa9_0/libsrc/freertos_zynq_v1_02_a/src"
make -C ps7_cortexa9_0/libsrc/freertos_zynq_v1_02_a/src -s include  "SHELL=CMD" "COMPILER=arm-xilinx-eabi-gcc" "ARCHIVER=arm-xilinx-eabi-ar" "COMPILER_FLAGS=  -O2 -c" "EXTRA_COMPILER_FLAGS=-g"
"Running Make include in ps7_cortexa9_0/libsrc/gpio_v4_0/src"
make -C ps7_cortexa9_0/libsrc/gpio_v4_0/src -s include  "SHELL=CMD" "COMPILER=arm-xilinx-eabi-gcc" "ARCHIVER=arm-xilinx-eabi-ar" "COMPILER_FLAGS=  -O2 -c" "EXTRA_COMPILER_FLAGS=-g"
"Running Make include in ps7_cortexa9_0/libsrc/gpiops_v2_1/src"
make -C ps7_cortexa9_0/libsrc/gpiops_v2_1/src -s include  "SHELL=CMD" "COMPILER=arm-xilinx-eabi-gcc" "ARCHIVER=arm-xilinx-eabi-ar" "COMPILER_FLAGS=  -O2 -c" "EXTRA_COMPILER_FLAGS=-g"
"Running Make include in ps7_cortexa9_0/libsrc/lwip141_v1_0/src"
make -C ps7_cortexa9_0/libsrc/lwip141_v1_0/src -s include  "SHELL=CMD" "COMPILER=arm-xilinx-eabi-gcc" "ARCHIVER=arm-xilinx-eabi-ar" "COMPILER_FLAGS=  -O2 -c" "EXTRA_COMPILER_FLAGS=-g"
"Running Make include in ps7_cortexa9_0/libsrc/qspips_v3_1/src"
make -C ps7_cortexa9_0/libsrc/qspips_v3_1/src -s include  "SHELL=CMD" "COMPILER=arm-xilinx-eabi-gcc" "ARCHIVER=arm-xilinx-eabi-ar" "COMPILER_FLAGS=  -O2 -c" "EXTRA_COMPILER_FLAGS=-g"
"Running Make include in ps7_cortexa9_0/libsrc/scugic_v2_1/src"
make -C ps7_cortexa9_0/libsrc/scugic_v2_1/src -s include  "SHELL=CMD" "COMPILER=arm-xilinx-eabi-gcc" "ARCHIVER=arm-xilinx-eabi-ar" "COMPILER_FLAGS=  -O2 -c" "EXTRA_COMPILER_FLAGS=-g"
"Running Make include in ps7_cortexa9_0/libsrc/scutimer_v2_0/src"
make -C ps7_cortexa9_0/libsrc/scutimer_v2_0/src -s include  "SHELL=CMD" "COMPILER=arm-xilinx-eabi-gcc" "ARCHIVER=arm-xilinx-eabi-ar" "COMPILER_FLAGS=  -O2 -c" "EXTRA_COMPILER_FLAGS=-g"
"Running Make include in ps7_cortexa9_0/libsrc/scuwdt_v2_0/src"
make -C ps7_cortexa9_0/libsrc/scuwdt_v2_0/src -s include  "SHELL=CMD" "COMPILER=arm-xilinx-eabi-gcc" "ARCHIVER=arm-xilinx-eabi-ar" "COMPILER_FLAGS=  -O2 -c" "EXTRA_COMPILER_FLAGS=-g"
"Running Make include in ps7_cortexa9_0/libsrc/sdps_v2_2/src"
make -C ps7_cortexa9_0/libsrc/sdps_v2_2/src -s include  "SHELL=CMD" "COMPILER=arm-xilinx-eabi-gcc" "ARCHIVER=arm-xilinx-eabi-ar" "COMPILER_FLAGS=  -O2 -c" "EXTRA_COMPILER_FLAGS=-g"
"Running Make include in ps7_cortexa9_0/libsrc/standalone_v4_1/src"
make -C ps7_cortexa9_0/libsrc/standalone_v4_1/src -s include  "SHELL=CMD" "COMPILER=arm-xilinx-eabi-gcc" "ARCHIVER=arm-xilinx-eabi-ar" "COMPILER_FLAGS=  -O2 -c" "EXTRA_COMPILER_FLAGS=-g"
"Running Make include in ps7_cortexa9_0/libsrc/ttcps_v2_0/src"
make -C ps7_cortexa9_0/libsrc/ttcps_v2_0/src -s include  "SHELL=CMD" "COMPILER=arm-xilinx-eabi-gcc" "ARCHIVER=arm-xilinx-eabi-ar" "COMPILER_FLAGS=  -O2 -c" "EXTRA_COMPILER_FLAGS=-g"
"Running Make include in ps7_cortexa9_0/libsrc/uartps_v2_2/src"
make -C ps7_cortexa9_0/libsrc/uartps_v2_2/src -s include  "SHELL=CMD" "COMPILER=arm-xilinx-eabi-gcc" "ARCHIVER=arm-xilinx-eabi-ar" "COMPILER_FLAGS=  -O2 -c" "EXTRA_COMPILER_FLAGS=-g"
"Running Make include in ps7_cortexa9_0/libsrc/usbps_v2_2/src"
make -C ps7_cortexa9_0/libsrc/usbps_v2_2/src -s include  "SHELL=CMD" "COMPILER=arm-xilinx-eabi-gcc" "ARCHIVER=arm-xilinx-eabi-ar" "COMPILER_FLAGS=  -O2 -c" "EXTRA_COMPILER_FLAGS=-g"
"Running Make include in ps7_cortexa9_0/libsrc/xadcps_v2_1/src"
make -C ps7_cortexa9_0/libsrc/xadcps_v2_1/src -s include  "SHELL=CMD" "COMPILER=arm-xilinx-eabi-gcc" "ARCHIVER=arm-xilinx-eabi-ar" "COMPILER_FLAGS=  -O2 -c" "EXTRA_COMPILER_FLAGS=-g"
"Running Make include in ps7_cortexa9_0/libsrc/xilmfs_v2_0/src"
make -C ps7_cortexa9_0/libsrc/xilmfs_v2_0/src -s include  "SHELL=CMD" "COMPILER=arm-xilinx-eabi-gcc" "ARCHIVER=arm-xilinx-eabi-ar" "COMPILER_FLAGS=  -O2 -c" "EXTRA_COMPILER_FLAGS=-g"
"Running Make libs in ps7_cortexa9_0/libsrc/cpu_cortexa9_v2_1/src"
make -C ps7_cortexa9_0/libsrc/cpu_cortexa9_v2_1/src -s libs  "SHELL=CMD" "COMPILER=arm-xilinx-eabi-gcc" "ARCHIVER=arm-xilinx-eabi-ar" "COMPILER_FLAGS=  -O2 -c" "EXTRA_COMPILER_FLAGS=-g"
"Compiling cpu_cortexa9"
"Running Make libs in ps7_cortexa9_0/libsrc/devcfg_v3_2/src"
make -C ps7_cortexa9_0/libsrc/devcfg_v3_2/src -s libs  "SHELL=CMD" "COMPILER=arm-xilinx-eabi-gcc" "ARCHIVER=arm-xilinx-eabi-ar" "COMPILER_FLAGS=  -O2 -c" "EXTRA_COMPILER_FLAGS=-g"
"Compiling devcfg"
"Running Make libs in ps7_cortexa9_0/libsrc/dmaps_v2_1/src"
make -C ps7_cortexa9_0/libsrc/dmaps_v2_1/src -s libs  "SHELL=CMD" "COMPILER=arm-xilinx-eabi-gcc" "ARCHIVER=arm-xilinx-eabi-ar" "COMPILER_FLAGS=  -O2 -c" "EXTRA_COMPILER_FLAGS=-g"
"Compiling dmaps"
"Running Make libs in ps7_cortexa9_0/libsrc/emacps_v2_1/src"
make -C ps7_cortexa9_0/libsrc/emacps_v2_1/src -s libs  "SHELL=CMD" "COMPILER=arm-xilinx-eabi-gcc" "ARCHIVER=arm-xilinx-eabi-ar" "COMPILER_FLAGS=  -O2 -c" "EXTRA_COMPILER_FLAGS=-g"
"Compiling emacps"
"Running Make libs in ps7_cortexa9_0/libsrc/freertos_zynq_v1_02_a/src"
make -C ps7_cortexa9_0/libsrc/freertos_zynq_v1_02_a/src -s libs  "SHELL=CMD" "COMPILER=arm-xilinx-eabi-gcc" "ARCHIVER=arm-xilinx-eabi-ar" "COMPILER_FLAGS=  -O2 -c" "EXTRA_COMPILER_FLAGS=-g"
"Compiling FreeRTOS"
"Running Make libs in ps7_cortexa9_0/libsrc/gpio_v4_0/src"
make -C ps7_cortexa9_0/libsrc/gpio_v4_0/src -s libs  "SHELL=CMD" "COMPILER=arm-xilinx-eabi-gcc" "ARCHIVER=arm-xilinx-eabi-ar" "COMPILER_FLAGS=  -O2 -c" "EXTRA_COMPILER_FLAGS=-g"
"Compiling gpio"
"Running Make libs in ps7_cortexa9_0/libsrc/gpiops_v2_1/src"
make -C ps7_cortexa9_0/libsrc/gpiops_v2_1/src -s libs  "SHELL=CMD" "COMPILER=arm-xilinx-eabi-gcc" "ARCHIVER=arm-xilinx-eabi-ar" "COMPILER_FLAGS=  -O2 -c" "EXTRA_COMPILER_FLAGS=-g"
"Compiling gpiops"
"Running Make libs in ps7_cortexa9_0/libsrc/lwip141_v1_0/src"
make -C ps7_cortexa9_0/libsrc/lwip141_v1_0/src -s libs  "SHELL=CMD" "COMPILER=arm-xilinx-eabi-gcc" "ARCHIVER=arm-xilinx-eabi-ar" "COMPILER_FLAGS=  -O2 -c" "EXTRA_COMPILER_FLAGS=-g"
"Compiling lwIP"
"Compiling lwIP adapter for Xilinx MAC"
"Creating archive liblwip4.a"
"clean target for lwip"
"Running Make libs in ps7_cortexa9_0/libsrc/qspips_v3_1/src"
make -C ps7_cortexa9_0/libsrc/qspips_v3_1/src -s libs  "SHELL=CMD" "COMPILER=arm-xilinx-eabi-gcc" "ARCHIVER=arm-xilinx-eabi-ar" "COMPILER_FLAGS=  -O2 -c" "EXTRA_COMPILER_FLAGS=-g"
"Compiling qspips"
"Running Make libs in ps7_cortexa9_0/libsrc/scugic_v2_1/src"
make -C ps7_cortexa9_0/libsrc/scugic_v2_1/src -s libs  "SHELL=CMD" "COMPILER=arm-xilinx-eabi-gcc" "ARCHIVER=arm-xilinx-eabi-ar" "COMPILER_FLAGS=  -O2 -c" "EXTRA_COMPILER_FLAGS=-g"
"Compiling scugic"
"Running Make libs in ps7_cortexa9_0/libsrc/scutimer_v2_0/src"
make -C ps7_cortexa9_0/libsrc/scutimer_v2_0/src -s libs  "SHELL=CMD" "COMPILER=arm-xilinx-eabi-gcc" "ARCHIVER=arm-xilinx-eabi-ar" "COMPILER_FLAGS=  -O2 -c" "EXTRA_COMPILER_FLAGS=-g"
"Compiling scutimer"
"Running Make libs in ps7_cortexa9_0/libsrc/scuwdt_v2_0/src"
make -C ps7_cortexa9_0/libsrc/scuwdt_v2_0/src -s libs  "SHELL=CMD" "COMPILER=arm-xilinx-eabi-gcc" "ARCHIVER=arm-xilinx-eabi-ar" "COMPILER_FLAGS=  -O2 -c" "EXTRA_COMPILER_FLAGS=-g"
"Compiling scuwdt"
"Running Make libs in ps7_cortexa9_0/libsrc/sdps_v2_2/src"
make -C ps7_cortexa9_0/libsrc/sdps_v2_2/src -s libs  "SHELL=CMD" "COMPILER=arm-xilinx-eabi-gcc" "ARCHIVER=arm-xilinx-eabi-ar" "COMPILER_FLAGS=  -O2 -c" "EXTRA_COMPILER_FLAGS=-g"
"Compiling sdps"
"Running Make libs in ps7_cortexa9_0/libsrc/standalone_v4_1/src"
make -C ps7_cortexa9_0/libsrc/standalone_v4_1/src -s libs  "SHELL=CMD" "COMPILER=arm-xilinx-eabi-gcc" "ARCHIVER=arm-xilinx-eabi-ar" "COMPILER_FLAGS=  -O2 -c" "EXTRA_COMPILER_FLAGS=-g"
"Compiling standalone"
"Running Make libs in ps7_cortexa9_0/libsrc/ttcps_v2_0/src"
make -C ps7_cortexa9_0/libsrc/ttcps_v2_0/src -s libs  "SHELL=CMD" "COMPILER=arm-xilinx-eabi-gcc" "ARCHIVER=arm-xilinx-eabi-ar" "COMPILER_FLAGS=  -O2 -c" "EXTRA_COMPILER_FLAGS=-g"
"Compiling ttcps"
"Running Make libs in ps7_cortexa9_0/libsrc/uartps_v2_2/src"
make -C ps7_cortexa9_0/libsrc/uartps_v2_2/src -s libs  "SHELL=CMD" "COMPILER=arm-xilinx-eabi-gcc" "ARCHIVER=arm-xilinx-eabi-ar" "COMPILER_FLAGS=  -O2 -c" "EXTRA_COMPILER_FLAGS=-g"
"Compiling uartps"
"Running Make libs in ps7_cortexa9_0/libsrc/usbps_v2_2/src"
make -C ps7_cortexa9_0/libsrc/usbps_v2_2/src -s libs  "SHELL=CMD" "COMPILER=arm-xilinx-eabi-gcc" "ARCHIVER=arm-xilinx-eabi-ar" "COMPILER_FLAGS=  -O2 -c" "EXTRA_COMPILER_FLAGS=-g"
"Compiling usbps"
"Running Make libs in ps7_cortexa9_0/libsrc/xadcps_v2_1/src"
make -C ps7_cortexa9_0/libsrc/xadcps_v2_1/src -s libs  "SHELL=CMD" "COMPILER=arm-xilinx-eabi-gcc" "ARCHIVER=arm-xilinx-eabi-ar" "COMPILER_FLAGS=  -O2 -c" "EXTRA_COMPILER_FLAGS=-g"
"Compiling xadcps"
"Running Make libs in ps7_cortexa9_0/libsrc/xilmfs_v2_0/src"
make -C ps7_cortexa9_0/libsrc/xilmfs_v2_0/src -s libs  "SHELL=CMD" "COMPILER=arm-xilinx-eabi-gcc" "ARCHIVER=arm-xilinx-eabi-ar" "COMPILER_FLAGS=  -O2 -c" "EXTRA_COMPILER_FLAGS=-g"
'Finished building libraries'
09:15:52 **** Clean-only build of configuration Debug for project socket_client ****
make clean 
rm -rf  ./src/dispatch.o ./src/main.o ./src/receiver.o ./src/txperf.o ./src/urxperf.o ./src/utxperf.o  ./src/dispatch.d ./src/main.d ./src/receiver.d ./src/txperf.d ./src/urxperf.d ./src/utxperf.d  socket_client.elf.size  socket_client.elf
' '
09:15:52 **** Build of configuration Debug for project socket_client ****
make all 
'Building file: ../src/dispatch.c'
'Invoking: ARM gcc compiler'
arm-xilinx-eabi-gcc -Wall -O0 -g3 -c -fmessage-length=0 -I../../socket_client_bsp/ps7_cortexa9_0/include -MMD -MP -MF"src/dispatch.d" -MT"src/dispatch.d" -o "src/dispatch.o" "../src/dispatch.c"
../src/dispatch.c: In function 'launch_app_threads':
../src/dispatch.c:77:5: warning: implicit declaration of function 'print_ip' [-Wimplicit-function-declaration]
     print_ip("connect to  ", &servaddr);
     ^
../src/dispatch.c:104:5: warning: passing argument 3 of 'sys_thread_new' makes pointer from integer without a cast [enabled by default]
     DEFAULT_THREAD_PRIO);
     ^
In file included from ../src/dispatch.c:22:0:
../../socket_client_bsp/ps7_cortexa9_0/include/lwip/sys.h:230:14: note: expected 'void *' but argument is of type 'int'
 sys_thread_t sys_thread_new(const char *name, lwip_thread_fn thread, void *arg, int stacksize, int prio);
              ^
'Finished building: ../src/dispatch.c'
' '
'Building file: ../src/main.c'
'Invoking: ARM gcc compiler'
arm-xilinx-eabi-gcc -Wall -O0 -g3 -c -fmessage-length=0 -I../../socket_client_bsp/ps7_cortexa9_0/include -MMD -MP -MF"src/main.d" -MT"src/main.d" -o "src/main.o" "../src/main.c"
'Finished building: ../src/main.c'
' '
'Building file: ../src/receiver.c'
'Invoking: ARM gcc compiler'
arm-xilinx-eabi-gcc -Wall -O0 -g3 -c -fmessage-length=0 -I../../socket_client_bsp/ps7_cortexa9_0/include -MMD -MP -MF"src/receiver.d" -MT"src/receiver.d" -o "src/receiver.o" "../src/receiver.c"
../src/receiver.c: In function 'rx_application_thread':
../src/receiver.c:90:18: warning: unused variable 'size' [-Wunused-variable]
  int i, sock, n, size;
                  ^
../src/receiver.c:90:9: warning: unused variable 'sock' [-Wunused-variable]
  int i, sock, n, size;
         ^
../src/receiver.c:90:6: warning: unused variable 'i' [-Wunused-variable]
  int i, sock, n, size;
      ^
'Finished building: ../src/receiver.c'
' '
'Building file: ../src/txperf.c'
'Invoking: ARM gcc compiler'
arm-xilinx-eabi-gcc -Wall -O0 -g3 -c -fmessage-length=0 -I../../socket_client_bsp/ps7_cortexa9_0/include -MMD -MP -MF"src/txperf.d" -MT"src/txperf.d" -o "src/txperf.o" "../src/txperf.c"
../src/txperf.c: In function 'tx_application_thread':
../src/txperf.c:50:54: warning: unused variable 'remoteR' [-Wunused-variable]
  struct sockaddr_in serv_addr, serv2_addr, addressR, remoteR;
                                                      ^
../src/txperf.c:50:44: warning: unused variable 'addressR' [-Wunused-variable]
  struct sockaddr_in serv_addr, serv2_addr, addressR, remoteR;
                                            ^
../src/txperf.c:50:32: warning: unused variable 'serv2_addr' [-Wunused-variable]
  struct sockaddr_in serv_addr, serv2_addr, addressR, remoteR;
                                ^
../src/txperf.c:50:21: warning: unused variable 'serv_addr' [-Wunused-variable]
  struct sockaddr_in serv_addr, serv2_addr, addressR, remoteR;
                     ^
../src/txperf.c:49:36: warning: unused variable 'sd1' [-Wunused-variable]
  int sock = 0, sock2 = 0, n, size, sd1;
                                    ^
../src/txperf.c:49:30: warning: unused variable 'size' [-Wunused-variable]
  int sock = 0, sock2 = 0, n, size, sd1;
                              ^
../src/txperf.c:49:27: warning: unused variable 'n' [-Wunused-variable]
  int sock = 0, sock2 = 0, n, size, sd1;
                           ^
../src/txperf.c:49:16: warning: unused variable 'sock2' [-Wunused-variable]
  int sock = 0, sock2 = 0, n, size, sd1;
                ^
../src/txperf.c:49:6: warning: unused variable 'sock' [-Wunused-variable]
  int sock = 0, sock2 = 0, n, size, sd1;
      ^
../src/txperf.c:48:17: warning: unused variable 'servaddr' [-Wunused-variable]
  struct ip_addr servaddr;
                 ^
'Finished building: ../src/txperf.c'
' '
'Building file: ../src/urxperf.c'
'Invoking: ARM gcc compiler'
arm-xilinx-eabi-gcc -Wall -O0 -g3 -c -fmessage-length=0 -I../../socket_client_bsp/ps7_cortexa9_0/include -MMD -MP -MF"src/urxperf.d" -MT"src/urxperf.d" -o "src/urxperf.o" "../src/urxperf.c"
'Finished building: ../src/urxperf.c'
' '
'Building file: ../src/utxperf.c'
'Invoking: ARM gcc compiler'
arm-xilinx-eabi-gcc -Wall -O0 -g3 -c -fmessage-length=0 -I../../socket_client_bsp/ps7_cortexa9_0/include -MMD -MP -MF"src/utxperf.d" -MT"src/utxperf.d" -o "src/utxperf.o" "../src/utxperf.c"
'Finished building: ../src/utxperf.c'
' '
'Building target: socket_client.elf'
'Invoking: ARM gcc linker'
arm-xilinx-eabi-gcc -Wl,-T -Wl,../src/lscript.ld -L../../socket_client_bsp/ps7_cortexa9_0/lib -o "socket_client.elf"  ./src/dispatch.o ./src/main.o ./src/receiver.o ./src/txperf.o ./src/urxperf.o ./src/utxperf.o   -Wl,--start-group,-lxil,-lfreertos,-lgcc,-lc,--end-group -Wl,--start-group,-lxil,-llwip4,-lgcc,-lc,--end-group
'Finished building target: socket_client.elf'
' '
'Invoking: ARM Print Size'
arm-xilinx-eabi-size socket_client.elf  |tee "socket_client.elf.size"
   text	   data	    bss	    dec	    hex	filename
 166348	   3124	10933868	11103340	 a96c6c	socket_client.elf
'Finished building: socket_client.elf.size'
' '
09:27:44 **** Auto Build of configuration Debug for project socket_client ****
make all 
'Building file: ../src/txperf.c'
'Invoking: ARM gcc compiler'
arm-xilinx-eabi-gcc -Wall -O0 -g3 -c -fmessage-length=0 -I../../socket_client_bsp/ps7_cortexa9_0/include -MMD -MP -MF"src/txperf.d" -MT"src/txperf.d" -o "src/txperf.o" "../src/txperf.c"
../src/txperf.c: In function 'tx_application_thread':
../src/txperf.c:55:8: error: 'recv_buf' undeclared (first use in this function)
  bzero(recv_buf,SEND_BUFSIZE);
        ^
../src/txperf.c:55:8: note: each undeclared identifier is reported only once for each function it appears in
In file included from ../src/txperf.c:23:0:
../src/txperf.c:128:35: warning: passing argument 3 of 'lwip_accept' makes pointer from integer without a cast [enabled by default]
  if ((sd1 = accept(sock2, (struct sockaddr *)&read_addr, sizeof (read_addr))) > 0) {
                                   ^
../../socket_client_bsp/ps7_cortexa9_0/include/lwip/sockets.h:346:45: note: in definition of macro 'accept'
 #define accept(a,b,c)         lwip_accept(a,b,c)
                                             ^
../../socket_client_bsp/ps7_cortexa9_0/include/lwip/sockets.h:321:5: note: expected 'socklen_t *' but argument is of type 'unsigned int'
 int lwip_accept(int s, struct sockaddr *addr, socklen_t *addrlen);
     ^
../src/txperf.c:49:30: warning: unused variable 'size' [-Wunused-variable]
  int sock = 0, sock2 = 0, n, size, sd1;
                              ^
make: *** [src/txperf.o] Error 1
09:28:01 **** Auto Build of configuration Debug for project socket_client ****
make all 
'Building file: ../src/txperf.c'
'Invoking: ARM gcc compiler'
arm-xilinx-eabi-gcc -Wall -O0 -g3 -c -fmessage-length=0 -I../../socket_client_bsp/ps7_cortexa9_0/include -MMD -MP -MF"src/txperf.d" -MT"src/txperf.d" -o "src/txperf.o" "../src/txperf.c"
In file included from ../src/txperf.c:23:0:
../src/txperf.c: In function 'tx_application_thread':
../src/txperf.c:128:35: warning: passing argument 3 of 'lwip_accept' makes pointer from integer without a cast [enabled by default]
  if ((sd1 = accept(sock2, (struct sockaddr *)&read_addr, sizeof (read_addr))) > 0) {
                                   ^
../../socket_client_bsp/ps7_cortexa9_0/include/lwip/sockets.h:346:45: note: in definition of macro 'accept'
 #define accept(a,b,c)         lwip_accept(a,b,c)
                                             ^
../../socket_client_bsp/ps7_cortexa9_0/include/lwip/sockets.h:321:5: note: expected 'socklen_t *' but argument is of type 'unsigned int'
 int lwip_accept(int s, struct sockaddr *addr, socklen_t *addrlen);
     ^
../src/txperf.c:49:30: warning: unused variable 'size' [-Wunused-variable]
  int sock = 0, sock2 = 0, n, size, sd1;
                              ^
'Finished building: ../src/txperf.c'
' '
'Building target: socket_client.elf'
'Invoking: ARM gcc linker'
arm-xilinx-eabi-gcc -Wl,-T -Wl,../src/lscript.ld -L../../socket_client_bsp/ps7_cortexa9_0/lib -o "socket_client.elf"  ./src/dispatch.o ./src/main.o ./src/receiver.o ./src/txperf.o ./src/urxperf.o ./src/utxperf.o   -Wl,--start-group,-lxil,-lfreertos,-lgcc,-lc,--end-group -Wl,--start-group,-lxil,-llwip4,-lgcc,-lc,--end-group
'Finished building target: socket_client.elf'
' '
'Invoking: ARM Print Size'
arm-xilinx-eabi-size socket_client.elf  |tee "socket_client.elf.size"
   text	   data	    bss	    dec	    hex	filename
 167308	   3124	10935308	11105740	 a975cc	socket_client.elf
'Finished building: socket_client.elf.size'
' '
09:32:07 **** Auto Build of configuration Debug for project socket_client ****
make all 
'Building file: ../src/dispatch.c'
'Invoking: ARM gcc compiler'
arm-xilinx-eabi-gcc -Wall -O0 -g3 -c -fmessage-length=0 -I../../socket_client_bsp/ps7_cortexa9_0/include -MMD -MP -MF"src/dispatch.d" -MT"src/dispatch.d" -o "src/dispatch.o" "../src/dispatch.c"
../src/dispatch.c: In function 'launch_app_threads':
../src/dispatch.c:99:51: error: 'sock' undeclared (first use in this function)
  sys_thread_new("txperfd", tx_application_thread, sock,
                                                   ^
../src/dispatch.c:99:51: note: each undeclared identifier is reported only once for each function it appears in
../src/dispatch.c: At top level:
../src/dispatch.c:41:13: warning: 'send_buf' defined but not used [-Wunused-variable]
 static char send_buf[SEND_BUFSIZE];
             ^
make: *** [src/dispatch.o] Error 1
09:32:37 **** Auto Build of configuration Debug for project socket_client ****
make all 
'Building file: ../src/dispatch.c'
'Invoking: ARM gcc compiler'
arm-xilinx-eabi-gcc -Wall -O0 -g3 -c -fmessage-length=0 -I../../socket_client_bsp/ps7_cortexa9_0/include -MMD -MP -MF"src/dispatch.d" -MT"src/dispatch.d" -o "src/dispatch.o" "../src/dispatch.c"
../src/dispatch.c: In function 'launch_app_threads':
../src/dispatch.c:101:3: warning: passing argument 3 of 'sys_thread_new' makes pointer from integer without a cast [enabled by default]
   DEFAULT_THREAD_PRIO);
   ^
In file included from ../src/dispatch.c:22:0:
../../socket_client_bsp/ps7_cortexa9_0/include/lwip/sys.h:230:14: note: expected 'void *' but argument is of type 'int'
 sys_thread_t sys_thread_new(const char *name, lwip_thread_fn thread, void *arg, int stacksize, int prio);
              ^
../src/dispatch.c:101:3: error: too few arguments to function 'sys_thread_new'
   DEFAULT_THREAD_PRIO);
   ^
In file included from ../src/dispatch.c:22:0:
../../socket_client_bsp/ps7_cortexa9_0/include/lwip/sys.h:230:14: note: declared here
 sys_thread_t sys_thread_new(const char *name, lwip_thread_fn thread, void *arg, int stacksize, int prio);
              ^
../src/dispatch.c: At top level:
../src/dispatch.c:41:13: warning: 'send_buf' defined but not used [-Wunused-variable]
 static char send_buf[SEND_BUFSIZE];
             ^
make: *** [src/dispatch.o] Error 1
09:33:09 **** Auto Build of configuration Debug for project socket_client ****
make all 
'Building file: ../src/dispatch.c'
'Invoking: ARM gcc compiler'
arm-xilinx-eabi-gcc -Wall -O0 -g3 -c -fmessage-length=0 -I../../socket_client_bsp/ps7_cortexa9_0/include -MMD -MP -MF"src/dispatch.d" -MT"src/dispatch.d" -o "src/dispatch.o" "../src/dispatch.c"
../src/dispatch.c: In function 'launch_app_threads':
../src/dispatch.c:101:3: warning: passing argument 3 of 'sys_thread_new' makes pointer from integer without a cast [enabled by default]
   DEFAULT_THREAD_PRIO);
   ^
In file included from ../src/dispatch.c:22:0:
../../socket_client_bsp/ps7_cortexa9_0/include/lwip/sys.h:230:14: note: expected 'void *' but argument is of type 'int'
 sys_thread_t sys_thread_new(const char *name, lwip_thread_fn thread, void *arg, int stacksize, int prio);
              ^
../src/dispatch.c:101:3: error: too few arguments to function 'sys_thread_new'
   DEFAULT_THREAD_PRIO);
   ^
In file included from ../src/dispatch.c:22:0:
../../socket_client_bsp/ps7_cortexa9_0/include/lwip/sys.h:230:14: note: declared here
 sys_thread_t sys_thread_new(const char *name, lwip_thread_fn thread, void *arg, int stacksize, int prio);
              ^
../src/dispatch.c: At top level:
../src/dispatch.c:41:13: warning: 'send_buf' defined but not used [-Wunused-variable]
 static char send_buf[SEND_BUFSIZE];
             ^
make: *** [src/dispatch.o] Error 1
09:33:20 **** Auto Build of configuration Debug for project socket_client ****
make all 
'Building file: ../src/dispatch.c'
'Invoking: ARM gcc compiler'
arm-xilinx-eabi-gcc -Wall -O0 -g3 -c -fmessage-length=0 -I../../socket_client_bsp/ps7_cortexa9_0/include -MMD -MP -MF"src/dispatch.d" -MT"src/dispatch.d" -o "src/dispatch.o" "../src/dispatch.c"
../src/dispatch.c: In function 'launch_app_threads':
../src/dispatch.c:101:3: warning: passing argument 3 of 'sys_thread_new' makes pointer from integer without a cast [enabled by default]
   DEFAULT_THREAD_PRIO);
   ^
In file included from ../src/dispatch.c:22:0:
../../socket_client_bsp/ps7_cortexa9_0/include/lwip/sys.h:230:14: note: expected 'void *' but argument is of type 'int'
 sys_thread_t sys_thread_new(const char *name, lwip_thread_fn thread, void *arg, int stacksize, int prio);
              ^
../src/dispatch.c:101:3: error: too few arguments to function 'sys_thread_new'
   DEFAULT_THREAD_PRIO);
   ^
In file included from ../src/dispatch.c:22:0:
../../socket_client_bsp/ps7_cortexa9_0/include/lwip/sys.h:230:14: note: declared here
 sys_thread_t sys_thread_new(const char *name, lwip_thread_fn thread, void *arg, int stacksize, int prio);
              ^
../src/dispatch.c: At top level:
../src/dispatch.c:41:13: warning: 'send_buf' defined but not used [-Wunused-variable]
 static char send_buf[SEND_BUFSIZE];
             ^
make: *** [src/dispatch.o] Error 1
09:33:24 **** Auto Build of configuration Debug for project socket_client ****
make all 
'Building file: ../src/dispatch.c'
'Invoking: ARM gcc compiler'
arm-xilinx-eabi-gcc -Wall -O0 -g3 -c -fmessage-length=0 -I../../socket_client_bsp/ps7_cortexa9_0/include -MMD -MP -MF"src/dispatch.d" -MT"src/dispatch.d" -o "src/dispatch.o" "../src/dispatch.c"
../src/dispatch.c: In function 'launch_app_threads':
../src/dispatch.c:101:3: warning: passing argument 3 of 'sys_thread_new' makes pointer from integer without a cast [enabled by default]
   DEFAULT_THREAD_PRIO);
   ^
In file included from ../src/dispatch.c:22:0:
../../socket_client_bsp/ps7_cortexa9_0/include/lwip/sys.h:230:14: note: expected 'void *' but argument is of type 'int'
 sys_thread_t sys_thread_new(const char *name, lwip_thread_fn thread, void *arg, int stacksize, int prio);
              ^
../src/dispatch.c:101:3: error: too few arguments to function 'sys_thread_new'
   DEFAULT_THREAD_PRIO);
   ^
In file included from ../src/dispatch.c:22:0:
../../socket_client_bsp/ps7_cortexa9_0/include/lwip/sys.h:230:14: note: declared here
 sys_thread_t sys_thread_new(const char *name, lwip_thread_fn thread, void *arg, int stacksize, int prio);
              ^
../src/dispatch.c: At top level:
../src/dispatch.c:41:13: warning: 'send_buf' defined but not used [-Wunused-variable]
 static char send_buf[SEND_BUFSIZE];
             ^
make: *** [src/dispatch.o] Error 1
09:33:48 **** Auto Build of configuration Debug for project socket_client ****
make all 
'Building file: ../src/dispatch.c'
'Invoking: ARM gcc compiler'
arm-xilinx-eabi-gcc -Wall -O0 -g3 -c -fmessage-length=0 -I../../socket_client_bsp/ps7_cortexa9_0/include -MMD -MP -MF"src/dispatch.d" -MT"src/dispatch.d" -o "src/dispatch.o" "../src/dispatch.c"
../src/dispatch.c: In function 'launch_app_threads':
../src/dispatch.c:101:3: warning: passing argument 3 of 'sys_thread_new' makes pointer from integer without a cast [enabled by default]
   DEFAULT_THREAD_PRIO);
   ^
In file included from ../src/dispatch.c:22:0:
../../socket_client_bsp/ps7_cortexa9_0/include/lwip/sys.h:230:14: note: expected 'void *' but argument is of type 'int'
 sys_thread_t sys_thread_new(const char *name, lwip_thread_fn thread, void *arg, int stacksize, int prio);
              ^
../src/dispatch.c:101:3: error: too few arguments to function 'sys_thread_new'
   DEFAULT_THREAD_PRIO);
   ^
In file included from ../src/dispatch.c:22:0:
../../socket_client_bsp/ps7_cortexa9_0/include/lwip/sys.h:230:14: note: declared here
 sys_thread_t sys_thread_new(const char *name, lwip_thread_fn thread, void *arg, int stacksize, int prio);
              ^
../src/dispatch.c: At top level:
../src/dispatch.c:41:13: warning: 'send_buf' defined but not used [-Wunused-variable]
 static char send_buf[SEND_BUFSIZE];
             ^
make: *** [src/dispatch.o] Error 1
09:34:49 **** Auto Build of configuration Debug for project socket_client ****
make all 
'Building file: ../src/dispatch.c'
'Invoking: ARM gcc compiler'
arm-xilinx-eabi-gcc -Wall -O0 -g3 -c -fmessage-length=0 -I../../socket_client_bsp/ps7_cortexa9_0/include -MMD -MP -MF"src/dispatch.d" -MT"src/dispatch.d" -o "src/dispatch.o" "../src/dispatch.c"
../src/dispatch.c: In function 'launch_app_threads':
../src/dispatch.c:101:3: warning: passing argument 3 of 'sys_thread_new' makes pointer from integer without a cast [enabled by default]
   DEFAULT_THREAD_PRIO);
   ^
In file included from ../src/dispatch.c:22:0:
../../socket_client_bsp/ps7_cortexa9_0/include/lwip/sys.h:230:14: note: expected 'void *' but argument is of type 'int'
 sys_thread_t sys_thread_new(const char *name, lwip_thread_fn thread, void *arg, int stacksize, int prio);
              ^
../src/dispatch.c:101:3: error: too few arguments to function 'sys_thread_new'
   DEFAULT_THREAD_PRIO);
   ^
In file included from ../src/dispatch.c:22:0:
../../socket_client_bsp/ps7_cortexa9_0/include/lwip/sys.h:230:14: note: declared here
 sys_thread_t sys_thread_new(const char *name, lwip_thread_fn thread, void *arg, int stacksize, int prio);
              ^
../src/dispatch.c: At top level:
../src/dispatch.c:41:13: warning: 'send_buf' defined but not used [-Wunused-variable]
 static char send_buf[SEND_BUFSIZE];
             ^
make: *** [src/dispatch.o] Error 1
09:35:05 **** Auto Build of configuration Debug for project socket_client ****
make all 
'Building file: ../src/dispatch.c'
'Invoking: ARM gcc compiler'
arm-xilinx-eabi-gcc -Wall -O0 -g3 -c -fmessage-length=0 -I../../socket_client_bsp/ps7_cortexa9_0/include -MMD -MP -MF"src/dispatch.d" -MT"src/dispatch.d" -o "src/dispatch.o" "../src/dispatch.c"
../src/dispatch.c: In function 'launch_app_threads':
../src/dispatch.c:101:3: warning: passing argument 3 of 'sys_thread_new' makes pointer from integer without a cast [enabled by default]
   DEFAULT_THREAD_PRIO);
   ^
In file included from ../src/dispatch.c:22:0:
../../socket_client_bsp/ps7_cortexa9_0/include/lwip/sys.h:230:14: note: expected 'void *' but argument is of type 'int'
 sys_thread_t sys_thread_new(const char *name, lwip_thread_fn thread, void *arg, int stacksize, int prio);
              ^
../src/dispatch.c:101:3: error: too few arguments to function 'sys_thread_new'
   DEFAULT_THREAD_PRIO);
   ^
In file included from ../src/dispatch.c:22:0:
../../socket_client_bsp/ps7_cortexa9_0/include/lwip/sys.h:230:14: note: declared here
 sys_thread_t sys_thread_new(const char *name, lwip_thread_fn thread, void *arg, int stacksize, int prio);
              ^
../src/dispatch.c: At top level:
../src/dispatch.c:41:13: warning: 'send_buf' defined but not used [-Wunused-variable]
 static char send_buf[SEND_BUFSIZE];
             ^
make: *** [src/dispatch.o] Error 1
09:35:09 **** Auto Build of configuration Debug for project socket_client ****
make all 
'Building file: ../src/dispatch.c'
'Invoking: ARM gcc compiler'
arm-xilinx-eabi-gcc -Wall -O0 -g3 -c -fmessage-length=0 -I../../socket_client_bsp/ps7_cortexa9_0/include -MMD -MP -MF"src/dispatch.d" -MT"src/dispatch.d" -o "src/dispatch.o" "../src/dispatch.c"
../src/dispatch.c: In function 'launch_app_threads':
../src/dispatch.c:101:3: warning: passing argument 3 of 'sys_thread_new' makes pointer from integer without a cast [enabled by default]
   DEFAULT_THREAD_PRIO);
   ^
In file included from ../src/dispatch.c:22:0:
../../socket_client_bsp/ps7_cortexa9_0/include/lwip/sys.h:230:14: note: expected 'void *' but argument is of type 'int'
 sys_thread_t sys_thread_new(const char *name, lwip_thread_fn thread, void *arg, int stacksize, int prio);
              ^
../src/dispatch.c:101:3: error: too few arguments to function 'sys_thread_new'
   DEFAULT_THREAD_PRIO);
   ^
In file included from ../src/dispatch.c:22:0:
../../socket_client_bsp/ps7_cortexa9_0/include/lwip/sys.h:230:14: note: declared here
 sys_thread_t sys_thread_new(const char *name, lwip_thread_fn thread, void *arg, int stacksize, int prio);
              ^
../src/dispatch.c: At top level:
../src/dispatch.c:41:13: warning: 'send_buf' defined but not used [-Wunused-variable]
 static char send_buf[SEND_BUFSIZE];
             ^
make: *** [src/dispatch.o] Error 1
09:35:43 **** Clean-only build of configuration Debug for project echo_demo ****
make clean 
rm -rf  ./src/dispatch.o ./src/echo.o ./src/main.o  ./dispatch.o ./echo.o ./main.o  ./src/dispatch.d ./src/echo.d ./src/main.d  ./dispatch.d ./echo.d ./main.d  echo_demo.elf.size  echo_demo.elf
' '
09:35:43 **** Build of configuration Debug for project echo_demo ****
make all 
'Building file: ../src/dispatch.c'
'Invoking: ARM gcc compiler'
arm-xilinx-eabi-gcc -Wall -O0 -g3 -c -fmessage-length=0 -I../../echo_demo_bsp/ps7_cortexa9_0/include -MMD -MP -MF"src/dispatch.d" -MT"src/dispatch.d" -o "src/dispatch.o" "../src/dispatch.c"
'Finished building: ../src/dispatch.c'
' '
'Building file: ../src/echo.c'
'Invoking: ARM gcc compiler'
arm-xilinx-eabi-gcc -Wall -O0 -g3 -c -fmessage-length=0 -I../../echo_demo_bsp/ps7_cortexa9_0/include -MMD -MP -MF"src/echo.d" -MT"src/echo.d" -o "src/echo.o" "../src/echo.c"
'Finished building: ../src/echo.c'
' '
'Building file: ../src/main.c'
'Invoking: ARM gcc compiler'
arm-xilinx-eabi-gcc -Wall -O0 -g3 -c -fmessage-length=0 -I../../echo_demo_bsp/ps7_cortexa9_0/include -MMD -MP -MF"src/main.d" -MT"src/main.d" -o "src/main.o" "../src/main.c"
'Finished building: ../src/main.c'
' '
'Building file: ../dispatch.c'
'Invoking: ARM gcc compiler'
arm-xilinx-eabi-gcc -Wall -O0 -g3 -c -fmessage-length=0 -I../../echo_demo_bsp/ps7_cortexa9_0/include -MMD -MP -MF"dispatch.d" -MT"dispatch.d" -o "dispatch.o" "../dispatch.c"
'Finished building: ../dispatch.c'
' '
'Building file: ../echo.c'
'Invoking: ARM gcc compiler'
arm-xilinx-eabi-gcc -Wall -O0 -g3 -c -fmessage-length=0 -I../../echo_demo_bsp/ps7_cortexa9_0/include -MMD -MP -MF"echo.d" -MT"echo.d" -o "echo.o" "../echo.c"
'Finished building: ../echo.c'
' '
'Building file: ../main.c'
'Invoking: ARM gcc compiler'
arm-xilinx-eabi-gcc -Wall -O0 -g3 -c -fmessage-length=0 -I../../echo_demo_bsp/ps7_cortexa9_0/include -MMD -MP -MF"main.d" -MT"main.d" -o "main.o" "../main.c"
'Finished building: ../main.c'
' '
'Building target: echo_demo.elf'
'Invoking: ARM gcc linker'
arm-xilinx-eabi-gcc -Wl,-T -Wl,../src/lscript.ld -L../../echo_demo_bsp/ps7_cortexa9_0/lib -o "echo_demo.elf"  ./src/dispatch.o ./src/echo.o ./src/main.o  ./dispatch.o ./echo.o ./main.o   -Wl,--start-group,-lxil,-lfreertos,-lgcc,-lc,--end-group -Wl,--start-group,-lxil,-llwip4,-lgcc,-lc,--end-group
./dispatch.o: In function `print_headers':
C:\Users\chri.ballesteros\workspace\Lab2_ESDC\Lab2_ESDC.sdk\echo_demo\Debug/../dispatch.c:38: multiple definition of `print_headers'
./src/dispatch.o:C:\Users\chri.ballesteros\workspace\Lab2_ESDC\Lab2_ESDC.sdk\echo_demo\Debug/../src/dispatch.c:38: first defined here
./dispatch.o: In function `launch_app_threads':
C:\Users\chri.ballesteros\workspace\Lab2_ESDC\Lab2_ESDC.sdk\echo_demo\Debug/../dispatch.c:60: multiple definition of `launch_app_threads'
./src/dispatch.o:C:\Users\chri.ballesteros\workspace\Lab2_ESDC\Lab2_ESDC.sdk\echo_demo\Debug/../src/dispatch.c:60: first defined here
./echo.o:(.data+0x0): multiple definition of `echo_port'
./src/echo.o:(.data+0x0): first defined here
./echo.o: In function `print_echo_app_header':
C:\Users\chri.ballesteros\workspace\Lab2_ESDC\Lab2_ESDC.sdk\echo_demo\Debug/../echo.c:37: multiple definition of `print_echo_app_header'
./src/echo.o:C:\Users\chri.ballesteros\workspace\Lab2_ESDC\Lab2_ESDC.sdk\echo_demo\Debug/../src/echo.c:37: first defined here
./echo.o: In function `process_echo_request':
C:\Users\chri.ballesteros\workspace\Lab2_ESDC\Lab2_ESDC.sdk\echo_demo\Debug/../echo.c:47: multiple definition of `process_echo_request'
./src/echo.o:C:\Users\chri.ballesteros\workspace\Lab2_ESDC\Lab2_ESDC.sdk\echo_demo\Debug/../src/echo.c:47: first defined here
./echo.o: In function `echo_application_thread':
C:\Users\chri.ballesteros\workspace\Lab2_ESDC\Lab2_ESDC.sdk\echo_demo\Debug/../echo.c:99: multiple definition of `echo_application_thread'
./src/echo.o:C:\Users\chri.ballesteros\workspace\Lab2_ESDC\Lab2_ESDC.sdk\echo_demo\Debug/../src/echo.c:83: first defined here
./main.o: In function `print_ip':
C:\Users\chri.ballesteros\workspace\Lab2_ESDC\Lab2_ESDC.sdk\echo_demo\Debug/../main.c:43: multiple definition of `print_ip'
./src/main.o:C:\Users\chri.ballesteros\workspace\Lab2_ESDC\Lab2_ESDC.sdk\echo_demo\Debug/../src/main.c:43: first defined here
./main.o: In function `print_ip_settings':
C:\Users\chri.ballesteros\workspace\Lab2_ESDC\Lab2_ESDC.sdk\echo_demo\Debug/../main.c:50: multiple definition of `print_ip_settings'
./src/main.o:C:\Users\chri.ballesteros\workspace\Lab2_ESDC\Lab2_ESDC.sdk\echo_demo\Debug/../src/main.c:50: first defined here
./main.o: In function `main':
C:\Users\chri.ballesteros\workspace\Lab2_ESDC\Lab2_ESDC.sdk\echo_demo\Debug/../main.c:58: multiple definition of `main'
./src/main.o:C:\Users\chri.ballesteros\workspace\Lab2_ESDC\Lab2_ESDC.sdk\echo_demo\Debug/../src/main.c:58: first defined here
./main.o: In function `main_thread':
C:\Users\chri.ballesteros\workspace\Lab2_ESDC\Lab2_ESDC.sdk\echo_demo\Debug/../main.c:114: multiple definition of `main_thread'
./src/main.o:C:\Users\chri.ballesteros\workspace\Lab2_ESDC\Lab2_ESDC.sdk\echo_demo\Debug/../src/main.c:114: first defined here
./main.o: In function `network_thread':
C:\Users\chri.ballesteros\workspace\Lab2_ESDC\Lab2_ESDC.sdk\echo_demo\Debug/../main.c:71: multiple definition of `network_thread'
./src/main.o:C:\Users\chri.ballesteros\workspace\Lab2_ESDC\Lab2_ESDC.sdk\echo_demo\Debug/../src/main.c:71: first defined here
./main.o: In function `vApplicationMallocFailedHook':
C:\Users\chri.ballesteros\workspace\Lab2_ESDC\Lab2_ESDC.sdk\echo_demo\Debug/../main.c:146: multiple definition of `vApplicationMallocFailedHook'
./src/main.o:C:\Users\chri.ballesteros\workspace\Lab2_ESDC\Lab2_ESDC.sdk\echo_demo\Debug/../src/main.c:146: first defined here
./main.o: In function `vApplicationStackOverflowHook':
C:\Users\chri.ballesteros\workspace\Lab2_ESDC\Lab2_ESDC.sdk\echo_demo\Debug/../main.c:164: multiple definition of `vApplicationStackOverflowHook'
./src/main.o:C:\Users\chri.ballesteros\workspace\Lab2_ESDC\Lab2_ESDC.sdk\echo_demo\Debug/../src/main.c:164: first defined here
./main.o: In function `vApplicationSetupHardware':
C:\Users\chri.ballesteros\workspace\Lab2_ESDC\Lab2_ESDC.sdk\echo_demo\Debug/../main.c:179: multiple definition of `vApplicationSetupHardware'
./src/main.o:C:\Users\chri.ballesteros\workspace\Lab2_ESDC\Lab2_ESDC.sdk\echo_demo\Debug/../src/main.c:179: first defined here
collect2.exe: error: ld returned 1 exit status
make: *** [echo_demo.elf] Error 1
09:36:18 **** Auto Build of configuration Debug for project socket_client ****
make all 
'Building file: ../src/dispatch.c'
'Invoking: ARM gcc compiler'
arm-xilinx-eabi-gcc -Wall -O0 -g3 -c -fmessage-length=0 -I../../socket_client_bsp/ps7_cortexa9_0/include -MMD -MP -MF"src/dispatch.d" -MT"src/dispatch.d" -o "src/dispatch.o" "../src/dispatch.c"
../src/dispatch.c:41:13: warning: 'send_buf' defined but not used [-Wunused-variable]
 static char send_buf[SEND_BUFSIZE];
             ^
'Finished building: ../src/dispatch.c'
' '
'Building file: ../src/receiver.c'
'Invoking: ARM gcc compiler'
arm-xilinx-eabi-gcc -Wall -O0 -g3 -c -fmessage-length=0 -I../../socket_client_bsp/ps7_cortexa9_0/include -MMD -MP -MF"src/receiver.d" -MT"src/receiver.d" -o "src/receiver.o" "../src/receiver.c"
../src/receiver.c: In function 'rx_application_thread':
../src/receiver.c:90:18: warning: unused variable 'size' [-Wunused-variable]
  int i, sock, n, size;
                  ^
../src/receiver.c:90:9: warning: unused variable 'sock' [-Wunused-variable]
  int i, sock, n, size;
         ^
../src/receiver.c:90:6: warning: unused variable 'i' [-Wunused-variable]
  int i, sock, n, size;
      ^
'Finished building: ../src/receiver.c'
' '
'Building file: ../src/txperf.c'
'Invoking: ARM gcc compiler'
arm-xilinx-eabi-gcc -Wall -O0 -g3 -c -fmessage-length=0 -I../../socket_client_bsp/ps7_cortexa9_0/include -MMD -MP -MF"src/txperf.d" -MT"src/txperf.d" -o "src/txperf.o" "../src/txperf.c"
../src/txperf.c: In function 'tx_application_thread':
../src/txperf.c:128:40: warning: passing argument 3 of 'lwip_accept' makes pointer from integer without a cast [enabled by default]
  if ((sd1 = lwip_accept(sock2, (struct sockaddr *)&read_addr, sizeof (read_addr))) > 0) {
                                        ^
In file included from ../src/txperf.c:23:0:
../../socket_client_bsp/ps7_cortexa9_0/include/lwip/sockets.h:321:5: note: expected 'socklen_t *' but argument is of type 'unsigned int'
 int lwip_accept(int s, struct sockaddr *addr, socklen_t *addrlen);
     ^
../src/txperf.c:143:19: error: 'sd' undeclared (first use in this function)
    if (lwip_write(sd, send_buf, SEND_BUFSIZE) < 0) {
                   ^
../src/txperf.c:143:19: note: each undeclared identifier is reported only once for each function it appears in
../src/txperf.c:49:30: warning: unused variable 'size' [-Wunused-variable]
  int sock = 0, sock2 = 0, n, size, sd1;
                              ^
make: *** [src/txperf.o] Error 1
09:37:24 **** Auto Build of configuration Debug for project socket_client ****
make all 
'Building file: ../src/txperf.c'
'Invoking: ARM gcc compiler'
arm-xilinx-eabi-gcc -Wall -O0 -g3 -c -fmessage-length=0 -I../../socket_client_bsp/ps7_cortexa9_0/include -MMD -MP -MF"src/txperf.d" -MT"src/txperf.d" -o "src/txperf.o" "../src/txperf.c"
../src/txperf.c: In function 'tx_application_thread':
../src/txperf.c:126:40: warning: passing argument 3 of 'lwip_accept' makes pointer from integer without a cast [enabled by default]
  if ((sd1 = lwip_accept(sock2, (struct sockaddr *)&read_addr, sizeof (read_addr))) > 0) {
                                        ^
In file included from ../src/txperf.c:23:0:
../../socket_client_bsp/ps7_cortexa9_0/include/lwip/sockets.h:321:5: note: expected 'socklen_t *' but argument is of type 'unsigned int'
 int lwip_accept(int s, struct sockaddr *addr, socklen_t *addrlen);
     ^
../src/txperf.c:49:30: warning: unused variable 'size' [-Wunused-variable]
  int sock = 0, sock2 = 0, n, size, sd1;
                              ^
'Finished building: ../src/txperf.c'
' '
'Building target: socket_client.elf'
'Invoking: ARM gcc linker'
arm-xilinx-eabi-gcc -Wl,-T -Wl,../src/lscript.ld -L../../socket_client_bsp/ps7_cortexa9_0/lib -o "socket_client.elf"  ./src/dispatch.o ./src/main.o ./src/receiver.o ./src/txperf.o ./src/urxperf.o ./src/utxperf.o   -Wl,--start-group,-lxil,-lfreertos,-lgcc,-lc,--end-group -Wl,--start-group,-lxil,-llwip4,-lgcc,-lc,--end-group
'Finished building target: socket_client.elf'
' '
'Invoking: ARM Print Size'
arm-xilinx-eabi-size socket_client.elf  |tee "socket_client.elf.size"
   text	   data	    bss	    dec	    hex	filename
 166996	   3124	10935308	11105428	 a97494	socket_client.elf
'Finished building: socket_client.elf.size'
' '
09:37:32 **** Auto Build of configuration Debug for project socket_client ****
make all 
'Building file: ../src/receiver.c'
'Invoking: ARM gcc compiler'
arm-xilinx-eabi-gcc -Wall -O0 -g3 -c -fmessage-length=0 -I../../socket_client_bsp/ps7_cortexa9_0/include -MMD -MP -MF"src/receiver.d" -MT"src/receiver.d" -o "src/receiver.o" "../src/receiver.c"
../src/receiver.c: In function 'rx_application_thread':
../src/receiver.c:90:18: warning: unused variable 'size' [-Wunused-variable]
  int i, sock, n, size;
                  ^
../src/receiver.c:90:9: warning: unused variable 'sock' [-Wunused-variable]
  int i, sock, n, size;
         ^
../src/receiver.c:90:6: warning: unused variable 'i' [-Wunused-variable]
  int i, sock, n, size;
      ^
'Finished building: ../src/receiver.c'
' '
'Building target: socket_client.elf'
'Invoking: ARM gcc linker'
arm-xilinx-eabi-gcc -Wl,-T -Wl,../src/lscript.ld -L../../socket_client_bsp/ps7_cortexa9_0/lib -o "socket_client.elf"  ./src/dispatch.o ./src/main.o ./src/receiver.o ./src/txperf.o ./src/urxperf.o ./src/utxperf.o   -Wl,--start-group,-lxil,-lfreertos,-lgcc,-lc,--end-group -Wl,--start-group,-lxil,-llwip4,-lgcc,-lc,--end-group
'Finished building target: socket_client.elf'
' '
'Invoking: ARM Print Size'
arm-xilinx-eabi-size socket_client.elf  |tee "socket_client.elf.size"
   text	   data	    bss	    dec	    hex	filename
 166996	   3124	10935308	11105428	 a97494	socket_client.elf
'Finished building: socket_client.elf.size'
' '
09:37:44 **** Auto Build of configuration Debug for project socket_client ****
make all 
'Building file: ../src/txperf.c'
'Invoking: ARM gcc compiler'
arm-xilinx-eabi-gcc -Wall -O0 -g3 -c -fmessage-length=0 -I../../socket_client_bsp/ps7_cortexa9_0/include -MMD -MP -MF"src/txperf.d" -MT"src/txperf.d" -o "src/txperf.o" "../src/txperf.c"
../src/txperf.c: In function 'tx_application_thread':
../src/txperf.c:126:40: warning: passing argument 3 of 'lwip_accept' makes pointer from integer without a cast [enabled by default]
  if ((sd1 = lwip_accept(sock2, (struct sockaddr *)&read_addr, sizeof (read_addr))) > 0) {
                                        ^
In file included from ../src/txperf.c:23:0:
../../socket_client_bsp/ps7_cortexa9_0/include/lwip/sockets.h:321:5: note: expected 'socklen_t *' but argument is of type 'unsigned int'
 int lwip_accept(int s, struct sockaddr *addr, socklen_t *addrlen);
     ^
../src/txperf.c:49:30: warning: unused variable 'size' [-Wunused-variable]
  int sock = 0, sock2 = 0, n, size, sd1;
                              ^
'Finished building: ../src/txperf.c'
' '
'Building target: socket_client.elf'
'Invoking: ARM gcc linker'
arm-xilinx-eabi-gcc -Wl,-T -Wl,../src/lscript.ld -L../../socket_client_bsp/ps7_cortexa9_0/lib -o "socket_client.elf"  ./src/dispatch.o ./src/main.o ./src/receiver.o ./src/txperf.o ./src/urxperf.o ./src/utxperf.o   -Wl,--start-group,-lxil,-lfreertos,-lgcc,-lc,--end-group -Wl,--start-group,-lxil,-llwip4,-lgcc,-lc,--end-group
'Finished building target: socket_client.elf'
' '
'Invoking: ARM Print Size'
arm-xilinx-eabi-size socket_client.elf  |tee "socket_client.elf.size"
   text	   data	    bss	    dec	    hex	filename
 166996	   3124	10935308	11105428	 a97494	socket_client.elf
'Finished building: socket_client.elf.size'
' '
09:37:46 **** Auto Build of configuration Debug for project socket_client ****
make all 
'Building file: ../src/receiver.c'
'Invoking: ARM gcc compiler'
arm-xilinx-eabi-gcc -Wall -O0 -g3 -c -fmessage-length=0 -I../../socket_client_bsp/ps7_cortexa9_0/include -MMD -MP -MF"src/receiver.d" -MT"src/receiver.d" -o "src/receiver.o" "../src/receiver.c"
../src/receiver.c: In function 'rx_application_thread':
../src/receiver.c:90:18: warning: unused variable 'size' [-Wunused-variable]
  int i, sock, n, size;
                  ^
../src/receiver.c:90:9: warning: unused variable 'sock' [-Wunused-variable]
  int i, sock, n, size;
         ^
../src/receiver.c:90:6: warning: unused variable 'i' [-Wunused-variable]
  int i, sock, n, size;
      ^
'Finished building: ../src/receiver.c'
' '
'Building target: socket_client.elf'
'Invoking: ARM gcc linker'
arm-xilinx-eabi-gcc -Wl,-T -Wl,../src/lscript.ld -L../../socket_client_bsp/ps7_cortexa9_0/lib -o "socket_client.elf"  ./src/dispatch.o ./src/main.o ./src/receiver.o ./src/txperf.o ./src/urxperf.o ./src/utxperf.o   -Wl,--start-group,-lxil,-lfreertos,-lgcc,-lc,--end-group -Wl,--start-group,-lxil,-llwip4,-lgcc,-lc,--end-group
'Finished building target: socket_client.elf'
' '
'Invoking: ARM Print Size'
arm-xilinx-eabi-size socket_client.elf  |tee "socket_client.elf.size"
   text	   data	    bss	    dec	    hex	filename
 166996	   3124	10935308	11105428	 a97494	socket_client.elf
'Finished building: socket_client.elf.size'
' '
09:39:13 **** Incremental Build of configuration Debug for project socket_client ****
make all 
make: No se hace nada para `all'.
09:40:35 **** Auto Build of configuration Debug for project socket_client ****
make all 
'Building file: ../src/txperf.c'
'Invoking: ARM gcc compiler'
arm-xilinx-eabi-gcc -Wall -O0 -g3 -c -fmessage-length=0 -I../../socket_client_bsp/ps7_cortexa9_0/include -MMD -MP -MF"src/txperf.d" -MT"src/txperf.d" -o "src/txperf.o" "../src/txperf.c"
../src/txperf.c: In function 'tx_application_thread':
../src/txperf.c:126:40: warning: passing argument 3 of 'lwip_accept' makes pointer from integer without a cast [enabled by default]
  if ((sd1 = lwip_accept(sock2, (struct sockaddr *)&read_addr, sizeof (read_addr))) > 0) {
                                        ^
In file included from ../src/txperf.c:23:0:
../../socket_client_bsp/ps7_cortexa9_0/include/lwip/sockets.h:321:5: note: expected 'socklen_t *' but argument is of type 'unsigned int'
 int lwip_accept(int s, struct sockaddr *addr, socklen_t *addrlen);
     ^
../src/txperf.c:49:30: warning: unused variable 'size' [-Wunused-variable]
  int sock = 0, sock2 = 0, n, size, sd1;
                              ^
'Finished building: ../src/txperf.c'
' '
'Building target: socket_client.elf'
'Invoking: ARM gcc linker'
arm-xilinx-eabi-gcc -Wl,-T -Wl,../src/lscript.ld -L../../socket_client_bsp/ps7_cortexa9_0/lib -o "socket_client.elf"  ./src/dispatch.o ./src/main.o ./src/receiver.o ./src/txperf.o ./src/urxperf.o ./src/utxperf.o   -Wl,--start-group,-lxil,-lfreertos,-lgcc,-lc,--end-group -Wl,--start-group,-lxil,-llwip4,-lgcc,-lc,--end-group
'Finished building target: socket_client.elf'
' '
'Invoking: ARM Print Size'
arm-xilinx-eabi-size socket_client.elf  |tee "socket_client.elf.size"
   text	   data	    bss	    dec	    hex	filename
 167028	   3124	10935308	11105460	 a974b4	socket_client.elf
'Finished building: socket_client.elf.size'
' '
09:41:14 **** Incremental Build of configuration Debug for project socket_client ****
make all 
make: No se hace nada para `all'.
09:42:01 **** Auto Build of configuration Debug for project socket_client ****
make all 
'Building file: ../src/txperf.c'
'Invoking: ARM gcc compiler'
arm-xilinx-eabi-gcc -Wall -O0 -g3 -c -fmessage-length=0 -I../../socket_client_bsp/ps7_cortexa9_0/include -MMD -MP -MF"src/txperf.d" -MT"src/txperf.d" -o "src/txperf.o" "../src/txperf.c"
../src/txperf.c: In function 'tx_application_thread':
../src/txperf.c:126:40: warning: passing argument 3 of 'lwip_accept' makes pointer from integer without a cast [enabled by default]
  if ((sd1 = lwip_accept(sock2, (struct sockaddr *)&read_addr, sizeof (read_addr))) > 0) {
                                        ^
In file included from ../src/txperf.c:23:0:
../../socket_client_bsp/ps7_cortexa9_0/include/lwip/sockets.h:321:5: note: expected 'socklen_t *' but argument is of type 'unsigned int'
 int lwip_accept(int s, struct sockaddr *addr, socklen_t *addrlen);
     ^
../src/txperf.c:49:30: warning: unused variable 'size' [-Wunused-variable]
  int sock = 0, sock2 = 0, n, size, sd1;
                              ^
'Finished building: ../src/txperf.c'
' '
'Building target: socket_client.elf'
'Invoking: ARM gcc linker'
arm-xilinx-eabi-gcc -Wl,-T -Wl,../src/lscript.ld -L../../socket_client_bsp/ps7_cortexa9_0/lib -o "socket_client.elf"  ./src/dispatch.o ./src/main.o ./src/receiver.o ./src/txperf.o ./src/urxperf.o ./src/utxperf.o   -Wl,--start-group,-lxil,-lfreertos,-lgcc,-lc,--end-group -Wl,--start-group,-lxil,-llwip4,-lgcc,-lc,--end-group
'Finished building target: socket_client.elf'
' '
'Invoking: ARM Print Size'
arm-xilinx-eabi-size socket_client.elf  |tee "socket_client.elf.size"
   text	   data	    bss	    dec	    hex	filename
 167156	   3124	10935308	11105588	 a97534	socket_client.elf
'Finished building: socket_client.elf.size'
' '
09:42:28 **** Incremental Build of configuration Debug for project socket_client ****
make all 
make: No se hace nada para `all'.
09:46:28 **** Auto Build of configuration Debug for project socket_client ****
make all 
'Building file: ../src/txperf.c'
'Invoking: ARM gcc compiler'
arm-xilinx-eabi-gcc -Wall -O0 -g3 -c -fmessage-length=0 -I../../socket_client_bsp/ps7_cortexa9_0/include -MMD -MP -MF"src/txperf.d" -MT"src/txperf.d" -o "src/txperf.o" "../src/txperf.c"
../src/txperf.c: In function 'tx_application_thread':
../src/txperf.c:126:40: warning: passing argument 3 of 'lwip_accept' makes pointer from integer without a cast [enabled by default]
  if ((sd1 = lwip_accept(sock2, (struct sockaddr *)&read_addr, sizeof (read_addr))) > 0) {
                                        ^
In file included from ../src/txperf.c:23:0:
../../socket_client_bsp/ps7_cortexa9_0/include/lwip/sockets.h:321:5: note: expected 'socklen_t *' but argument is of type 'unsigned int'
 int lwip_accept(int s, struct sockaddr *addr, socklen_t *addrlen);
     ^
../src/txperf.c:49:30: warning: unused variable 'size' [-Wunused-variable]
  int sock = 0, sock2 = 0, n, size, sd1;
                              ^
'Finished building: ../src/txperf.c'
' '
'Building target: socket_client.elf'
'Invoking: ARM gcc linker'
arm-xilinx-eabi-gcc -Wl,-T -Wl,../src/lscript.ld -L../../socket_client_bsp/ps7_cortexa9_0/lib -o "socket_client.elf"  ./src/dispatch.o ./src/main.o ./src/receiver.o ./src/txperf.o ./src/urxperf.o ./src/utxperf.o   -Wl,--start-group,-lxil,-lfreertos,-lgcc,-lc,--end-group -Wl,--start-group,-lxil,-llwip4,-lgcc,-lc,--end-group
'Finished building target: socket_client.elf'
' '
'Invoking: ARM Print Size'
arm-xilinx-eabi-size socket_client.elf  |tee "socket_client.elf.size"
   text	   data	    bss	    dec	    hex	filename
 167156	   3124	10935308	11105588	 a97534	socket_client.elf
'Finished building: socket_client.elf.size'
' '
09:46:44 **** Incremental Build of configuration Debug for project socket_client ****
make all 
make: No se hace nada para `all'.
09:52:27 **** Auto Build of configuration Debug for project socket_client ****
make all 
'Building file: ../src/main.c'
'Invoking: ARM gcc compiler'
arm-xilinx-eabi-gcc -Wall -O0 -g3 -c -fmessage-length=0 -I../../socket_client_bsp/ps7_cortexa9_0/include -MMD -MP -MF"src/main.d" -MT"src/main.d" -o "src/main.o" "../src/main.c"
'Finished building: ../src/main.c'
' '
'Building target: socket_client.elf'
'Invoking: ARM gcc linker'
arm-xilinx-eabi-gcc -Wl,-T -Wl,../src/lscript.ld -L../../socket_client_bsp/ps7_cortexa9_0/lib -o "socket_client.elf"  ./src/dispatch.o ./src/main.o ./src/receiver.o ./src/txperf.o ./src/urxperf.o ./src/utxperf.o   -Wl,--start-group,-lxil,-lfreertos,-lgcc,-lc,--end-group -Wl,--start-group,-lxil,-llwip4,-lgcc,-lc,--end-group
'Finished building target: socket_client.elf'
' '
'Invoking: ARM Print Size'
arm-xilinx-eabi-size socket_client.elf  |tee "socket_client.elf.size"
   text	   data	    bss	    dec	    hex	filename
 167156	   3124	10935308	11105588	 a97534	socket_client.elf
'Finished building: socket_client.elf.size'
' '
09:53:43 **** Incremental Build of configuration Debug for project socket_client ****
make all 
make: No se hace nada para `all'.
09:55:27 **** Incremental Build of configuration Debug for project socket_client ****
make all 
make: No se hace nada para `all'.
09:58:04 **** Auto Build of configuration Debug for project socket_client ****
make all 
'Building file: ../src/txperf.c'
'Invoking: ARM gcc compiler'
arm-xilinx-eabi-gcc -Wall -O0 -g3 -c -fmessage-length=0 -I../../socket_client_bsp/ps7_cortexa9_0/include -MMD -MP -MF"src/txperf.d" -MT"src/txperf.d" -o "src/txperf.o" "../src/txperf.c"
../src/txperf.c: In function 'tx_application_thread':
../src/txperf.c:49:30: warning: unused variable 'size' [-Wunused-variable]
  int sock = 0, sock2 = 0, n, size, sd1;
                              ^
../src/txperf.c:150:6: warning: 'sd1' may be used uninitialized in this function [-Wmaybe-uninitialized]
   if ((n = lwip_read(sd1, recv_buf, SEND_BUFSIZE)) <= 0) {
      ^
'Finished building: ../src/txperf.c'
' '
'Building target: socket_client.elf'
'Invoking: ARM gcc linker'
arm-xilinx-eabi-gcc -Wl,-T -Wl,../src/lscript.ld -L../../socket_client_bsp/ps7_cortexa9_0/lib -o "socket_client.elf"  ./src/dispatch.o ./src/main.o ./src/receiver.o ./src/txperf.o ./src/urxperf.o ./src/utxperf.o   -Wl,--start-group,-lxil,-lfreertos,-lgcc,-lc,--end-group -Wl,--start-group,-lxil,-llwip4,-lgcc,-lc,--end-group
'Finished building target: socket_client.elf'
' '
'Invoking: ARM Print Size'
arm-xilinx-eabi-size socket_client.elf  |tee "socket_client.elf.size"
   text	   data	    bss	    dec	    hex	filename
 166964	   3124	10935308	11105396	 a97474	socket_client.elf
'Finished building: socket_client.elf.size'
' '
09:58:17 **** Auto Build of configuration Debug for project socket_client ****
make all 
'Building file: ../src/txperf.c'
'Invoking: ARM gcc compiler'
arm-xilinx-eabi-gcc -Wall -O0 -g3 -c -fmessage-length=0 -I../../socket_client_bsp/ps7_cortexa9_0/include -MMD -MP -MF"src/txperf.d" -MT"src/txperf.d" -o "src/txperf.o" "../src/txperf.c"
../src/txperf.c: In function 'tx_application_thread':
../src/txperf.c:49:36: warning: unused variable 'sd1' [-Wunused-variable]
  int sock = 0, sock2 = 0, n, size, sd1;
                                    ^
../src/txperf.c:49:30: warning: unused variable 'size' [-Wunused-variable]
  int sock = 0, sock2 = 0, n, size, sd1;
                              ^
'Finished building: ../src/txperf.c'
' '
'Building target: socket_client.elf'
'Invoking: ARM gcc linker'
arm-xilinx-eabi-gcc -Wl,-T -Wl,../src/lscript.ld -L../../socket_client_bsp/ps7_cortexa9_0/lib -o "socket_client.elf"  ./src/dispatch.o ./src/main.o ./src/receiver.o ./src/txperf.o ./src/urxperf.o ./src/utxperf.o   -Wl,--start-group,-lxil,-lfreertos,-lgcc,-lc,--end-group -Wl,--start-group,-lxil,-llwip4,-lgcc,-lc,--end-group
'Finished building target: socket_client.elf'
' '
'Invoking: ARM Print Size'
arm-xilinx-eabi-size socket_client.elf  |tee "socket_client.elf.size"
   text	   data	    bss	    dec	    hex	filename
 166964	   3124	10935308	11105396	 a97474	socket_client.elf
'Finished building: socket_client.elf.size'
' '
10:02:18 **** Auto Build of configuration Debug for project socket_client ****
make all 
'Building file: ../src/txperf.c'
'Invoking: ARM gcc compiler'
arm-xilinx-eabi-gcc -Wall -O0 -g3 -c -fmessage-length=0 -I../../socket_client_bsp/ps7_cortexa9_0/include -MMD -MP -MF"src/txperf.d" -MT"src/txperf.d" -o "src/txperf.o" "../src/txperf.c"
../src/txperf.c: In function 'tx_application_thread':
../src/txperf.c:49:36: warning: unused variable 'sd1' [-Wunused-variable]
  int sock = 0, sock2 = 0, n, size, sd1;
                                    ^
../src/txperf.c:49:30: warning: unused variable 'size' [-Wunused-variable]
  int sock = 0, sock2 = 0, n, size, sd1;
                              ^
'Finished building: ../src/txperf.c'
' '
'Building target: socket_client.elf'
'Invoking: ARM gcc linker'
arm-xilinx-eabi-gcc -Wl,-T -Wl,../src/lscript.ld -L../../socket_client_bsp/ps7_cortexa9_0/lib -o "socket_client.elf"  ./src/dispatch.o ./src/main.o ./src/receiver.o ./src/txperf.o ./src/urxperf.o ./src/utxperf.o   -Wl,--start-group,-lxil,-lfreertos,-lgcc,-lc,--end-group -Wl,--start-group,-lxil,-llwip4,-lgcc,-lc,--end-group
'Finished building target: socket_client.elf'
' '
'Invoking: ARM Print Size'
arm-xilinx-eabi-size socket_client.elf  |tee "socket_client.elf.size"
   text	   data	    bss	    dec	    hex	filename
 166964	   3124	10935308	11105396	 a97474	socket_client.elf
'Finished building: socket_client.elf.size'
' '
10:03:40 **** Incremental Build of configuration Debug for project socket_client ****
make all 
make: No se hace nada para `all'.
10:04:35 **** Incremental Build of configuration Debug for project socket_client ****
make all 
make: No se hace nada para `all'.
10:05:32 **** Incremental Build of configuration Debug for project socket_client ****
make all 
make: No se hace nada para `all'.
10:06:31 **** Auto Build of configuration Debug for project socket_client ****
make all 
'Building file: ../src/txperf.c'
'Invoking: ARM gcc compiler'
arm-xilinx-eabi-gcc -Wall -O0 -g3 -c -fmessage-length=0 -I../../socket_client_bsp/ps7_cortexa9_0/include -MMD -MP -MF"src/txperf.d" -MT"src/txperf.d" -o "src/txperf.o" "../src/txperf.c"
../src/txperf.c: In function 'tx_application_thread':
../src/txperf.c:49:36: warning: unused variable 'sd1' [-Wunused-variable]
  int sock = 0, sock2 = 0, n, size, sd1;
                                    ^
../src/txperf.c:49:30: warning: unused variable 'size' [-Wunused-variable]
  int sock = 0, sock2 = 0, n, size, sd1;
                              ^
'Finished building: ../src/txperf.c'
' '
'Building target: socket_client.elf'
'Invoking: ARM gcc linker'
arm-xilinx-eabi-gcc -Wl,-T -Wl,../src/lscript.ld -L../../socket_client_bsp/ps7_cortexa9_0/lib -o "socket_client.elf"  ./src/dispatch.o ./src/main.o ./src/receiver.o ./src/txperf.o ./src/urxperf.o ./src/utxperf.o   -Wl,--start-group,-lxil,-lfreertos,-lgcc,-lc,--end-group -Wl,--start-group,-lxil,-llwip4,-lgcc,-lc,--end-group
'Finished building target: socket_client.elf'
' '
'Invoking: ARM Print Size'
arm-xilinx-eabi-size socket_client.elf  |tee "socket_client.elf.size"
   text	   data	    bss	    dec	    hex	filename
 166892	   3124	10935308	11105324	 a9742c	socket_client.elf
'Finished building: socket_client.elf.size'
' '
10:06:50 **** Incremental Build of configuration Debug for project socket_client ****
make all 
make: No se hace nada para `all'.
10:07:52 **** Incremental Build of configuration Debug for project socket_client ****
make all 
make: No se hace nada para `all'.
10:08:42 **** Auto Build of configuration Debug for project socket_client ****
make all 
'Building file: ../src/txperf.c'
'Invoking: ARM gcc compiler'
arm-xilinx-eabi-gcc -Wall -O0 -g3 -c -fmessage-length=0 -I../../socket_client_bsp/ps7_cortexa9_0/include -MMD -MP -MF"src/txperf.d" -MT"src/txperf.d" -o "src/txperf.o" "../src/txperf.c"
../src/txperf.c: In function 'tx_application_thread':
../src/txperf.c:49:36: warning: unused variable 'sd1' [-Wunused-variable]
  int sock = 0, sock2 = 0, n, size, sd1;
                                    ^
../src/txperf.c:49:30: warning: unused variable 'size' [-Wunused-variable]
  int sock = 0, sock2 = 0, n, size, sd1;
                              ^
'Finished building: ../src/txperf.c'
' '
'Building target: socket_client.elf'
'Invoking: ARM gcc linker'
arm-xilinx-eabi-gcc -Wl,-T -Wl,../src/lscript.ld -L../../socket_client_bsp/ps7_cortexa9_0/lib -o "socket_client.elf"  ./src/dispatch.o ./src/main.o ./src/receiver.o ./src/txperf.o ./src/urxperf.o ./src/utxperf.o   -Wl,--start-group,-lxil,-lfreertos,-lgcc,-lc,--end-group -Wl,--start-group,-lxil,-llwip4,-lgcc,-lc,--end-group
'Finished building target: socket_client.elf'
' '
'Invoking: ARM Print Size'
arm-xilinx-eabi-size socket_client.elf  |tee "socket_client.elf.size"
   text	   data	    bss	    dec	    hex	filename
 166892	   3124	10935308	11105324	 a9742c	socket_client.elf
'Finished building: socket_client.elf.size'
' '
10:08:58 **** Auto Build of configuration Debug for project socket_client ****
make all 
'Building file: ../src/txperf.c'
'Invoking: ARM gcc compiler'
arm-xilinx-eabi-gcc -Wall -O0 -g3 -c -fmessage-length=0 -I../../socket_client_bsp/ps7_cortexa9_0/include -MMD -MP -MF"src/txperf.d" -MT"src/txperf.d" -o "src/txperf.o" "../src/txperf.c"
../src/txperf.c: In function 'tx_application_thread':
../src/txperf.c:49:36: warning: unused variable 'sd1' [-Wunused-variable]
  int sock = 0, sock2 = 0, n, size, sd1;
                                    ^
../src/txperf.c:49:30: warning: unused variable 'size' [-Wunused-variable]
  int sock = 0, sock2 = 0, n, size, sd1;
                              ^
'Finished building: ../src/txperf.c'
' '
'Building target: socket_client.elf'
'Invoking: ARM gcc linker'
arm-xilinx-eabi-gcc -Wl,-T -Wl,../src/lscript.ld -L../../socket_client_bsp/ps7_cortexa9_0/lib -o "socket_client.elf"  ./src/dispatch.o ./src/main.o ./src/receiver.o ./src/txperf.o ./src/urxperf.o ./src/utxperf.o   -Wl,--start-group,-lxil,-lfreertos,-lgcc,-lc,--end-group -Wl,--start-group,-lxil,-llwip4,-lgcc,-lc,--end-group
'Finished building target: socket_client.elf'
' '
'Invoking: ARM Print Size'
arm-xilinx-eabi-size socket_client.elf  |tee "socket_client.elf.size"
   text	   data	    bss	    dec	    hex	filename
 166828	   3124	10935308	11105260	 a973ec	socket_client.elf
'Finished building: socket_client.elf.size'
' '
10:09:15 **** Incremental Build of configuration Debug for project socket_client ****
make all 
make: No se hace nada para `all'.
10:09:57 **** Auto Build of configuration Debug for project socket_client ****
make all 
'Building file: ../src/txperf.c'
'Invoking: ARM gcc compiler'
arm-xilinx-eabi-gcc -Wall -O0 -g3 -c -fmessage-length=0 -I../../socket_client_bsp/ps7_cortexa9_0/include -MMD -MP -MF"src/txperf.d" -MT"src/txperf.d" -o "src/txperf.o" "../src/txperf.c"
../src/txperf.c: In function 'tx_application_thread':
../src/txperf.c:49:36: warning: unused variable 'sd1' [-Wunused-variable]
  int sock = 0, sock2 = 0, n, size, sd1;
                                    ^
../src/txperf.c:49:30: warning: unused variable 'size' [-Wunused-variable]
  int sock = 0, sock2 = 0, n, size, sd1;
                              ^
'Finished building: ../src/txperf.c'
' '
'Building target: socket_client.elf'
'Invoking: ARM gcc linker'
arm-xilinx-eabi-gcc -Wl,-T -Wl,../src/lscript.ld -L../../socket_client_bsp/ps7_cortexa9_0/lib -o "socket_client.elf"  ./src/dispatch.o ./src/main.o ./src/receiver.o ./src/txperf.o ./src/urxperf.o ./src/utxperf.o   -Wl,--start-group,-lxil,-lfreertos,-lgcc,-lc,--end-group -Wl,--start-group,-lxil,-llwip4,-lgcc,-lc,--end-group
'Finished building target: socket_client.elf'
' '
'Invoking: ARM Print Size'
arm-xilinx-eabi-size socket_client.elf  |tee "socket_client.elf.size"
   text	   data	    bss	    dec	    hex	filename
 166836	   3124	10935308	11105268	 a973f4	socket_client.elf
'Finished building: socket_client.elf.size'
' '
10:09:59 **** Incremental Build of configuration Debug for project socket_client ****
make all 
make: No se hace nada para `all'.
10:13:58 **** Auto Build of configuration Debug for project socket_client ****
make all 
'Building file: ../src/txperf.c'
'Invoking: ARM gcc compiler'
arm-xilinx-eabi-gcc -Wall -O0 -g3 -c -fmessage-length=0 -I../../socket_client_bsp/ps7_cortexa9_0/include -MMD -MP -MF"src/txperf.d" -MT"src/txperf.d" -o "src/txperf.o" "../src/txperf.c"
../src/txperf.c: In function 'tx_application_thread':
../src/txperf.c:49:36: warning: unused variable 'sd1' [-Wunused-variable]
  int sock = 0, sock2 = 0, n, size, sd1;
                                    ^
../src/txperf.c:49:30: warning: unused variable 'size' [-Wunused-variable]
  int sock = 0, sock2 = 0, n, size, sd1;
                              ^
'Finished building: ../src/txperf.c'
' '
'Building target: socket_client.elf'
'Invoking: ARM gcc linker'
arm-xilinx-eabi-gcc -Wl,-T -Wl,../src/lscript.ld -L../../socket_client_bsp/ps7_cortexa9_0/lib -o "socket_client.elf"  ./src/dispatch.o ./src/main.o ./src/receiver.o ./src/txperf.o ./src/urxperf.o ./src/utxperf.o   -Wl,--start-group,-lxil,-lfreertos,-lgcc,-lc,--end-group -Wl,--start-group,-lxil,-llwip4,-lgcc,-lc,--end-group
'Finished building target: socket_client.elf'
' '
'Invoking: ARM Print Size'
arm-xilinx-eabi-size socket_client.elf  |tee "socket_client.elf.size"
   text	   data	    bss	    dec	    hex	filename
 166900	   3124	10935308	11105332	 a97434	socket_client.elf
'Finished building: socket_client.elf.size'
' '
10:15:36 **** Auto Build of configuration Debug for project socket_client ****
make all 
'Building file: ../src/txperf.c'
'Invoking: ARM gcc compiler'
arm-xilinx-eabi-gcc -Wall -O0 -g3 -c -fmessage-length=0 -I../../socket_client_bsp/ps7_cortexa9_0/include -MMD -MP -MF"src/txperf.d" -MT"src/txperf.d" -o "src/txperf.o" "../src/txperf.c"
../src/txperf.c: In function 'tx_application_thread':
../src/txperf.c:49:36: warning: unused variable 'sd1' [-Wunused-variable]
  int sock = 0, sock2 = 0, n, size, sd1;
                                    ^
../src/txperf.c:49:30: warning: unused variable 'size' [-Wunused-variable]
  int sock = 0, sock2 = 0, n, size, sd1;
                              ^
'Finished building: ../src/txperf.c'
' '
'Building target: socket_client.elf'
'Invoking: ARM gcc linker'
arm-xilinx-eabi-gcc -Wl,-T -Wl,../src/lscript.ld -L../../socket_client_bsp/ps7_cortexa9_0/lib -o "socket_client.elf"  ./src/dispatch.o ./src/main.o ./src/receiver.o ./src/txperf.o ./src/urxperf.o ./src/utxperf.o   -Wl,--start-group,-lxil,-lfreertos,-lgcc,-lc,--end-group -Wl,--start-group,-lxil,-llwip4,-lgcc,-lc,--end-group
'Finished building target: socket_client.elf'
' '
'Invoking: ARM Print Size'
arm-xilinx-eabi-size socket_client.elf  |tee "socket_client.elf.size"
   text	   data	    bss	    dec	    hex	filename
 166900	   3124	10935308	11105332	 a97434	socket_client.elf
'Finished building: socket_client.elf.size'
' '
10:15:41 **** Auto Build of configuration Debug for project socket_client ****
make all 
'Building file: ../src/main.c'
'Invoking: ARM gcc compiler'
arm-xilinx-eabi-gcc -Wall -O0 -g3 -c -fmessage-length=0 -I../../socket_client_bsp/ps7_cortexa9_0/include -MMD -MP -MF"src/main.d" -MT"src/main.d" -o "src/main.o" "../src/main.c"
'Finished building: ../src/main.c'
' '
'Building target: socket_client.elf'
'Invoking: ARM gcc linker'
arm-xilinx-eabi-gcc -Wl,-T -Wl,../src/lscript.ld -L../../socket_client_bsp/ps7_cortexa9_0/lib -o "socket_client.elf"  ./src/dispatch.o ./src/main.o ./src/receiver.o ./src/txperf.o ./src/urxperf.o ./src/utxperf.o   -Wl,--start-group,-lxil,-lfreertos,-lgcc,-lc,--end-group -Wl,--start-group,-lxil,-llwip4,-lgcc,-lc,--end-group
'Finished building target: socket_client.elf'
' '
'Invoking: ARM Print Size'
arm-xilinx-eabi-size socket_client.elf  |tee "socket_client.elf.size"
   text	   data	    bss	    dec	    hex	filename
 166900	   3124	10935308	11105332	 a97434	socket_client.elf
'Finished building: socket_client.elf.size'
' '
10:17:18 **** Auto Build of configuration Debug for project socket_client ****
make all 
'Building file: ../src/txperf.c'
'Invoking: ARM gcc compiler'
arm-xilinx-eabi-gcc -Wall -O0 -g3 -c -fmessage-length=0 -I../../socket_client_bsp/ps7_cortexa9_0/include -MMD -MP -MF"src/txperf.d" -MT"src/txperf.d" -o "src/txperf.o" "../src/txperf.c"
../src/txperf.c: In function 'tx_application_thread':
../src/txperf.c:49:36: warning: unused variable 'sd1' [-Wunused-variable]
  int sock = 0, sock2 = 0, n, size, sd1;
                                    ^
../src/txperf.c:49:30: warning: unused variable 'size' [-Wunused-variable]
  int sock = 0, sock2 = 0, n, size, sd1;
                              ^
'Finished building: ../src/txperf.c'
' '
'Building target: socket_client.elf'
'Invoking: ARM gcc linker'
arm-xilinx-eabi-gcc -Wl,-T -Wl,../src/lscript.ld -L../../socket_client_bsp/ps7_cortexa9_0/lib -o "socket_client.elf"  ./src/dispatch.o ./src/main.o ./src/receiver.o ./src/txperf.o ./src/urxperf.o ./src/utxperf.o   -Wl,--start-group,-lxil,-lfreertos,-lgcc,-lc,--end-group -Wl,--start-group,-lxil,-llwip4,-lgcc,-lc,--end-group
'Finished building target: socket_client.elf'
' '
'Invoking: ARM Print Size'
arm-xilinx-eabi-size socket_client.elf  |tee "socket_client.elf.size"
[...]
'Invoking: ARM gcc compiler'
arm-xilinx-eabi-gcc -Wall -O0 -g3 -c -fmessage-length=0 -I../../iZybo_bsp/ps7_cortexa9_0/include -MMD -MP -MF"src/iZybo.d" -MT"src/iZybo.d" -o "src/iZybo.o" "../src/iZybo.c"
'Finished building: ../src/iZybo.c'
' '
'Building target: iZybo.elf'
'Invoking: ARM gcc linker'
arm-xilinx-eabi-gcc -Wl,-T -Wl,../src/lscript.ld -L../../iZybo_bsp/ps7_cortexa9_0/lib -o "iZybo.elf"  ./src/dispatch.o ./src/echo.o ./src/iZybo.o ./src/main.o   -Wl,--start-group,-lxil,-lfreertos,-lgcc,-lc,--end-group -Wl,--start-group,-lxil,-llwip4,-lgcc,-lc,--end-group
'Finished building target: iZybo.elf'
' '
'Invoking: ARM Print Size'
arm-xilinx-eabi-size iZybo.elf  |tee "iZybo.elf.size"
   text	   data	    bss	    dec	    hex	filename
 170084	   3176	11028428	11201688	 aaec98	iZybo.elf
'Finished building: iZybo.elf.size'
' '
12:28:53 **** Incremental Build of configuration Debug for project iZybo ****
make all 
make: No se hace nada para `all'.
12:30:41 **** Clean-only build of configuration Debug for project iZybo ****
make clean 
rm -rf  ./src/dispatch.o ./src/echo.o ./src/iZybo.o ./src/main.o  ./src/dispatch.d ./src/echo.d ./src/iZybo.d ./src/main.d  iZybo.elf.size  iZybo.elf
' '
12:30:41 **** Auto Build of configuration Debug for project iZybo ****
make all 
'Building file: ../src/dispatch.c'
'Invoking: ARM gcc compiler'
arm-xilinx-eabi-gcc -Wall -O0 -g3 -c -fmessage-length=0 -I../../iZybo_bsp/ps7_cortexa9_0/include -MMD -MP -MF"src/dispatch.d" -MT"src/dispatch.d" -o "src/dispatch.o" "../src/dispatch.c"
'Finished building: ../src/dispatch.c'
' '
'Building file: ../src/iZybo.c'
'Invoking: ARM gcc compiler'
arm-xilinx-eabi-gcc -Wall -O0 -g3 -c -fmessage-length=0 -I../../iZybo_bsp/ps7_cortexa9_0/include -MMD -MP -MF"src/iZybo.d" -MT"src/iZybo.d" -o "src/iZybo.o" "../src/iZybo.c"
'Finished building: ../src/iZybo.c'
' '
'Building file: ../src/main.c'
'Invoking: ARM gcc compiler'
arm-xilinx-eabi-gcc -Wall -O0 -g3 -c -fmessage-length=0 -I../../iZybo_bsp/ps7_cortexa9_0/include -MMD -MP -MF"src/main.d" -MT"src/main.d" -o "src/main.o" "../src/main.c"
'Finished building: ../src/main.c'
' '
'Building target: iZybo.elf'
'Invoking: ARM gcc linker'
arm-xilinx-eabi-gcc -Wl,-T -Wl,../src/lscript.ld -L../../iZybo_bsp/ps7_cortexa9_0/lib -o "iZybo.elf"  ./src/dispatch.o ./src/iZybo.o ./src/main.o   -Wl,--start-group,-lxil,-lfreertos,-lgcc,-lc,--end-group -Wl,--start-group,-lxil,-llwip4,-lgcc,-lc,--end-group
'Finished building target: iZybo.elf'
' '
'Invoking: ARM Print Size'
arm-xilinx-eabi-size iZybo.elf  |tee "iZybo.elf.size"
   text	   data	    bss	    dec	    hex	filename
 168836	   3168	11028428	11200432	 aae7b0	iZybo.elf
'Finished building: iZybo.elf.size'
' '
12:30:58 **** Auto Build of project FinalProject_ESDC_bsp ****
make -k all 
'Finished building libraries'
12:30:58 **** Auto Build of configuration Debug for project FinalProject_ESDC ****
make all 
'Building file: ../src/iZybo.c'
'Invoking: ARM gcc compiler'
arm-xilinx-eabi-gcc -Wall -O0 -g3 -c -fmessage-length=0 -I../../FinalProject_ESDC_bsp/ps7_cortexa9_0/include -MMD -MP -MF"src/iZybo.d" -MT"src/iZybo.d" -o "src/iZybo.o" "../src/iZybo.c"
../src/iZybo.c:12:25: fatal error: xparameters.h: No such file or directory
 #include <xparameters.h>
                         ^
compilation terminated.
make: *** [src/iZybo.o] Error 1
12:31:32 **** Incremental Build of configuration Debug for project iZybo ****
make all 
make: No se hace nada para `all'.
12:37:33 **** Incremental Build of configuration Debug for project iZybo ****
make all 
make: No se hace nada para `all'.
12:44:26 **** Auto Build of configuration Debug for project iZybo ****
make all 
'Building file: ../src/iZybo.c'
'Invoking: ARM gcc compiler'
arm-xilinx-eabi-gcc -Wall -O0 -g3 -c -fmessage-length=0 -I../../iZybo_bsp/ps7_cortexa9_0/include -MMD -MP -MF"src/iZybo.d" -MT"src/iZybo.d" -o "src/iZybo.o" "../src/iZybo.c"
../src/iZybo.c: In function 'iZybo_client_thread':
../src/iZybo.c:252:22: error: 'push' undeclared (first use in this function)
    XGpio_Initialize(&push, XPAR_BUTTONS_DEVICE_ID);
                      ^
../src/iZybo.c:252:22: note: each undeclared identifier is reported only once for each function it appears in
make: *** [src/iZybo.o] Error 1
12:44:49 **** Auto Build of configuration Debug for project iZybo ****
make all 
'Building file: ../src/iZybo.c'
'Invoking: ARM gcc compiler'
arm-xilinx-eabi-gcc -Wall -O0 -g3 -c -fmessage-length=0 -I../../iZybo_bsp/ps7_cortexa9_0/include -MMD -MP -MF"src/iZybo.d" -MT"src/iZybo.d" -o "src/iZybo.o" "../src/iZybo.c"
../src/iZybo.c: In function 'iZybo_printing_thread':
../src/iZybo.c:69:34: error: 'sw' undeclared (first use in this function)
   sw_check = XGpio_DiscreteRead(&sw, 1);
                                  ^
../src/iZybo.c:69:34: note: each undeclared identifier is reported only once for each function it appears in
../src/iZybo.c: In function 'iZybo_client_thread':
../src/iZybo.c:252:22: error: 'push' undeclared (first use in this function)
    XGpio_Initialize(&push, XPAR_BUTTONS_DEVICE_ID);
                      ^
make: *** [src/iZybo.o] Error 1
12:45:01 **** Auto Build of configuration Debug for project iZybo ****
make all 
'Building file: ../src/iZybo.c'
'Invoking: ARM gcc compiler'
arm-xilinx-eabi-gcc -Wall -O0 -g3 -c -fmessage-length=0 -I../../iZybo_bsp/ps7_cortexa9_0/include -MMD -MP -MF"src/iZybo.d" -MT"src/iZybo.d" -o "src/iZybo.o" "../src/iZybo.c"
../src/iZybo.c: In function 'iZybo_printing_thread':
../src/iZybo.c:69:34: error: 'sw' undeclared (first use in this function)
   sw_check = XGpio_DiscreteRead(&sw, 1);
                                  ^
../src/iZybo.c:69:34: note: each undeclared identifier is reported only once for each function it appears in
make: *** [src/iZybo.o] Error 1
12:46:05 **** Auto Build of configuration Debug for project iZybo ****
make all 
'Building file: ../src/iZybo.c'
'Invoking: ARM gcc compiler'
arm-xilinx-eabi-gcc -Wall -O0 -g3 -c -fmessage-length=0 -I../../iZybo_bsp/ps7_cortexa9_0/include -MMD -MP -MF"src/iZybo.d" -MT"src/iZybo.d" -o "src/iZybo.o" "../src/iZybo.c"
'Finished building: ../src/iZybo.c'
' '
'Building target: iZybo.elf'
'Invoking: ARM gcc linker'
arm-xilinx-eabi-gcc -Wl,-T -Wl,../src/lscript.ld -L../../iZybo_bsp/ps7_cortexa9_0/lib -o "iZybo.elf"  ./src/dispatch.o ./src/iZybo.o ./src/main.o   -Wl,--start-group,-lxil,-lfreertos,-lgcc,-lc,--end-group -Wl,--start-group,-lxil,-llwip4,-lgcc,-lc,--end-group
'Finished building target: iZybo.elf'
' '
'Invoking: ARM Print Size'
arm-xilinx-eabi-size iZybo.elf  |tee "iZybo.elf.size"
   text	   data	    bss	    dec	    hex	filename
 168836	   3168	11028428	11200432	 aae7b0	iZybo.elf
'Finished building: iZybo.elf.size'
' '
12:47:50 **** Auto Build of configuration Debug for project iZybo ****
make all 
'Building file: ../src/iZybo.c'
'Invoking: ARM gcc compiler'
arm-xilinx-eabi-gcc -Wall -O0 -g3 -c -fmessage-length=0 -I../../iZybo_bsp/ps7_cortexa9_0/include -MMD -MP -MF"src/iZybo.d" -MT"src/iZybo.d" -o "src/iZybo.o" "../src/iZybo.c"
'Finished building: ../src/iZybo.c'
' '
'Building target: iZybo.elf'
'Invoking: ARM gcc linker'
arm-xilinx-eabi-gcc -Wl,-T -Wl,../src/lscript.ld -L../../iZybo_bsp/ps7_cortexa9_0/lib -o "iZybo.elf"  ./src/dispatch.o ./src/iZybo.o ./src/main.o   -Wl,--start-group,-lxil,-lfreertos,-lgcc,-lc,--end-group -Wl,--start-group,-lxil,-llwip4,-lgcc,-lc,--end-group
'Finished building target: iZybo.elf'
' '
'Invoking: ARM Print Size'
arm-xilinx-eabi-size iZybo.elf  |tee "iZybo.elf.size"
   text	   data	    bss	    dec	    hex	filename
 168852	   3168	11028428	11200448	 aae7c0	iZybo.elf
'Finished building: iZybo.elf.size'
' '
12:51:03 **** Incremental Build of configuration Debug for project iZybo ****
make all 
make: No se hace nada para `all'.
12:52:55 **** Auto Build of configuration Debug for project iZybo ****
make all 
'Building file: ../src/iZybo.c'
'Invoking: ARM gcc compiler'
arm-xilinx-eabi-gcc -Wall -O0 -g3 -c -fmessage-length=0 -I../../iZybo_bsp/ps7_cortexa9_0/include -MMD -MP -MF"src/iZybo.d" -MT"src/iZybo.d" -o "src/iZybo.o" "../src/iZybo.c"
'Finished building: ../src/iZybo.c'
' '
'Building target: iZybo.elf'
'Invoking: ARM gcc linker'
arm-xilinx-eabi-gcc -Wl,-T -Wl,../src/lscript.ld -L../../iZybo_bsp/ps7_cortexa9_0/lib -o "iZybo.elf"  ./src/dispatch.o ./src/iZybo.o ./src/main.o   -Wl,--start-group,-lxil,-lfreertos,-lgcc,-lc,--end-group -Wl,--start-group,-lxil,-llwip4,-lgcc,-lc,--end-group
'Finished building target: iZybo.elf'
' '
'Invoking: ARM Print Size'
arm-xilinx-eabi-size iZybo.elf  |tee "iZybo.elf.size"
   text	   data	    bss	    dec	    hex	filename
 168852	   3168	11028428	11200448	 aae7c0	iZybo.elf
'Finished building: iZybo.elf.size'
' '
12:53:03 **** Incremental Build of configuration Debug for project iZybo ****
make all 
make: No se hace nada para `all'.
12:53:20 **** Auto Build of configuration Debug for project iZybo ****
make all 
'Building file: ../src/iZybo.c'
'Invoking: ARM gcc compiler'
arm-xilinx-eabi-gcc -Wall -O0 -g3 -c -fmessage-length=0 -I../../iZybo_bsp/ps7_cortexa9_0/include -MMD -MP -MF"src/iZybo.d" -MT"src/iZybo.d" -o "src/iZybo.o" "../src/iZybo.c"
'Finished building: ../src/iZybo.c'
' '
'Building target: iZybo.elf'
'Invoking: ARM gcc linker'
arm-xilinx-eabi-gcc -Wl,-T -Wl,../src/lscript.ld -L../../iZybo_bsp/ps7_cortexa9_0/lib -o "iZybo.elf"  ./src/dispatch.o ./src/iZybo.o ./src/main.o   -Wl,--start-group,-lxil,-lfreertos,-lgcc,-lc,--end-group -Wl,--start-group,-lxil,-llwip4,-lgcc,-lc,--end-group
'Finished building target: iZybo.elf'
' '
'Invoking: ARM Print Size'
arm-xilinx-eabi-size iZybo.elf  |tee "iZybo.elf.size"
   text	   data	    bss	    dec	    hex	filename
 168836	   3168	11028428	11200432	 aae7b0	iZybo.elf
'Finished building: iZybo.elf.size'
' '
12:54:12 **** Incremental Build of configuration Debug for project iZybo ****
make all 
make: No se hace nada para `all'.
12:56:02 **** Auto Build of configuration Debug for project iZybo ****
make all 
'Building file: ../src/iZybo.c'
'Invoking: ARM gcc compiler'
arm-xilinx-eabi-gcc -Wall -O0 -g3 -c -fmessage-length=0 -I../../iZybo_bsp/ps7_cortexa9_0/include -MMD -MP -MF"src/iZybo.d" -MT"src/iZybo.d" -o "src/iZybo.o" "../src/iZybo.c"
'Finished building: ../src/iZybo.c'
' '
'Building target: iZybo.elf'
'Invoking: ARM gcc linker'
arm-xilinx-eabi-gcc -Wl,-T -Wl,../src/lscript.ld -L../../iZybo_bsp/ps7_cortexa9_0/lib -o "iZybo.elf"  ./src/dispatch.o ./src/iZybo.o ./src/main.o   -Wl,--start-group,-lxil,-lfreertos,-lgcc,-lc,--end-group -Wl,--start-group,-lxil,-llwip4,-lgcc,-lc,--end-group
'Finished building target: iZybo.elf'
' '
'Invoking: ARM Print Size'
arm-xilinx-eabi-size iZybo.elf  |tee "iZybo.elf.size"
   text	   data	    bss	    dec	    hex	filename
 168836	   3168	11028428	11200432	 aae7b0	iZybo.elf
'Finished building: iZybo.elf.size'
' '
12:56:19 **** Incremental Build of configuration Debug for project iZybo ****
make all 
make: No se hace nada para `all'.
12:57:08 **** Auto Build of configuration Debug for project iZybo ****
make all 
'Building file: ../src/iZybo.c'
'Invoking: ARM gcc compiler'
arm-xilinx-eabi-gcc -Wall -O0 -g3 -c -fmessage-length=0 -I../../iZybo_bsp/ps7_cortexa9_0/include -MMD -MP -MF"src/iZybo.d" -MT"src/iZybo.d" -o "src/iZybo.o" "../src/iZybo.c"
'Finished building: ../src/iZybo.c'
' '
'Building target: iZybo.elf'
'Invoking: ARM gcc linker'
arm-xilinx-eabi-gcc -Wl,-T -Wl,../src/lscript.ld -L../../iZybo_bsp/ps7_cortexa9_0/lib -o "iZybo.elf"  ./src/dispatch.o ./src/iZybo.o ./src/main.o   -Wl,--start-group,-lxil,-lfreertos,-lgcc,-lc,--end-group -Wl,--start-group,-lxil,-llwip4,-lgcc,-lc,--end-group
'Finished building target: iZybo.elf'
' '
'Invoking: ARM Print Size'
arm-xilinx-eabi-size iZybo.elf  |tee "iZybo.elf.size"
   text	   data	    bss	    dec	    hex	filename
 168836	   3168	11028428	11200432	 aae7b0	iZybo.elf
'Finished building: iZybo.elf.size'
' '
12:57:22 **** Auto Build of configuration Debug for project iZybo ****
make all 
'Building file: ../src/iZybo.c'
'Invoking: ARM gcc compiler'
arm-xilinx-eabi-gcc -Wall -O0 -g3 -c -fmessage-length=0 -I../../iZybo_bsp/ps7_cortexa9_0/include -MMD -MP -MF"src/iZybo.d" -MT"src/iZybo.d" -o "src/iZybo.o" "../src/iZybo.c"
'Finished building: ../src/iZybo.c'
' '
'Building target: iZybo.elf'
'Invoking: ARM gcc linker'
arm-xilinx-eabi-gcc -Wl,-T -Wl,../src/lscript.ld -L../../iZybo_bsp/ps7_cortexa9_0/lib -o "iZybo.elf"  ./src/dispatch.o ./src/iZybo.o ./src/main.o   -Wl,--start-group,-lxil,-lfreertos,-lgcc,-lc,--end-group -Wl,--start-group,-lxil,-llwip4,-lgcc,-lc,--end-group
'Finished building target: iZybo.elf'
' '
'Invoking: ARM Print Size'
arm-xilinx-eabi-size iZybo.elf  |tee "iZybo.elf.size"
   text	   data	    bss	    dec	    hex	filename
 168828	   3168	11028428	11200424	 aae7a8	iZybo.elf
'Finished building: iZybo.elf.size'
' '
12:57:34 **** Incremental Build of configuration Debug for project iZybo ****
make all 
make: No se hace nada para `all'.
10:40:00 **** Incremental Build of configuration Debug for project iZybo ****
make all 
make: No se hace nada para `all'.
10:40:42 **** Incremental Build of configuration Debug for project iZybo ****
make all 
make: No se hace nada para `all'.
10:41:58 **** Auto Build of configuration Debug for project iZybo ****
make all 
'Building file: ../src/iZybo.c'
'Invoking: ARM gcc compiler'
arm-xilinx-eabi-gcc -Wall -O0 -g3 -c -fmessage-length=0 -I../../iZybo_bsp/ps7_cortexa9_0/include -MMD -MP -MF"src/iZybo.d" -MT"src/iZybo.d" -o "src/iZybo.o" "../src/iZybo.c"
'Finished building: ../src/iZybo.c'
' '
'Building target: iZybo.elf'
'Invoking: ARM gcc linker'
arm-xilinx-eabi-gcc -Wl,-T -Wl,../src/lscript.ld -L../../iZybo_bsp/ps7_cortexa9_0/lib -o "iZybo.elf"  ./src/dispatch.o ./src/iZybo.o ./src/main.o   -Wl,--start-group,-lxil,-lfreertos,-lgcc,-lc,--end-group -Wl,--start-group,-lxil,-llwip4,-lgcc,-lc,--end-group
'Finished building target: iZybo.elf'
' '
'Invoking: ARM Print Size'
arm-xilinx-eabi-size iZybo.elf  |tee "iZybo.elf.size"
   text	   data	    bss	    dec	    hex	filename
 168828	   3168	11028428	11200424	 aae7a8	iZybo.elf
'Finished building: iZybo.elf.size'
' '
10:42:02 **** Incremental Build of configuration Debug for project iZybo ****
make all 
make: No se hace nada para `all'.
10:49:55 **** Incremental Build of configuration Debug for project iZybo ****
make all 
make: No se hace nada para `all'.
10:54:22 **** Auto Build of configuration Debug for project iZybo ****
make all 
'Building file: ../src/iZybo.c'
'Invoking: ARM gcc compiler'
arm-xilinx-eabi-gcc -Wall -O0 -g3 -c -fmessage-length=0 -I../../iZybo_bsp/ps7_cortexa9_0/include -MMD -MP -MF"src/iZybo.d" -MT"src/iZybo.d" -o "src/iZybo.o" "../src/iZybo.c"
'Finished building: ../src/iZybo.c'
' '
'Building target: iZybo.elf'
'Invoking: ARM gcc linker'
arm-xilinx-eabi-gcc -Wl,-T -Wl,../src/lscript.ld -L../../iZybo_bsp/ps7_cortexa9_0/lib -o "iZybo.elf"  ./src/dispatch.o ./src/iZybo.o ./src/main.o   -Wl,--start-group,-lxil,-lfreertos,-lgcc,-lc,--end-group -Wl,--start-group,-lxil,-llwip4,-lgcc,-lc,--end-group
'Finished building target: iZybo.elf'
' '
'Invoking: ARM Print Size'
arm-xilinx-eabi-size iZybo.elf  |tee "iZybo.elf.size"
   text	   data	    bss	    dec	    hex	filename
 168828	   3168	11028428	11200424	 aae7a8	iZybo.elf
'Finished building: iZybo.elf.size'
' '
10:54:47 **** Auto Build of configuration Debug for project iZybo ****
make all 
'Building file: ../src/iZybo.c'
'Invoking: ARM gcc compiler'
arm-xilinx-eabi-gcc -Wall -O0 -g3 -c -fmessage-length=0 -I../../iZybo_bsp/ps7_cortexa9_0/include -MMD -MP -MF"src/iZybo.d" -MT"src/iZybo.d" -o "src/iZybo.o" "../src/iZybo.c"
'Finished building: ../src/iZybo.c'
' '
'Building target: iZybo.elf'
'Invoking: ARM gcc linker'
arm-xilinx-eabi-gcc -Wl,-T -Wl,../src/lscript.ld -L../../iZybo_bsp/ps7_cortexa9_0/lib -o "iZybo.elf"  ./src/dispatch.o ./src/iZybo.o ./src/main.o   -Wl,--start-group,-lxil,-lfreertos,-lgcc,-lc,--end-group -Wl,--start-group,-lxil,-llwip4,-lgcc,-lc,--end-group
'Finished building target: iZybo.elf'
' '
'Invoking: ARM Print Size'
arm-xilinx-eabi-size iZybo.elf  |tee "iZybo.elf.size"
   text	   data	    bss	    dec	    hex	filename
 168828	   3176	11028412	11200416	 aae7a0	iZybo.elf
'Finished building: iZybo.elf.size'
' '
10:55:10 **** Incremental Build of configuration Debug for project iZybo ****
make all 
make: No se hace nada para `all'.
10:55:58 **** Incremental Build of configuration Debug for project iZybo ****
make all 
make: No se hace nada para `all'.
10:59:02 **** Auto Build of configuration Debug for project iZybo ****
make all 
'Building file: ../src/iZybo.c'
'Invoking: ARM gcc compiler'
arm-xilinx-eabi-gcc -Wall -O0 -g3 -c -fmessage-length=0 -I../../iZybo_bsp/ps7_cortexa9_0/include -MMD -MP -MF"src/iZybo.d" -MT"src/iZybo.d" -o "src/iZybo.o" "../src/iZybo.c"
'Finished building: ../src/iZybo.c'
' '
'Building target: iZybo.elf'
'Invoking: ARM gcc linker'
arm-xilinx-eabi-gcc -Wl,-T -Wl,../src/lscript.ld -L../../iZybo_bsp/ps7_cortexa9_0/lib -o "iZybo.elf"  ./src/dispatch.o ./src/iZybo.o ./src/main.o   -Wl,--start-group,-lxil,-lfreertos,-lgcc,-lc,--end-group -Wl,--start-group,-lxil,-llwip4,-lgcc,-lc,--end-group
'Finished building target: iZybo.elf'
' '
'Invoking: ARM Print Size'
arm-xilinx-eabi-size iZybo.elf  |tee "iZybo.elf.size"
   text	   data	    bss	    dec	    hex	filename
 168836	   3176	11028412	11200424	 aae7a8	iZybo.elf
'Finished building: iZybo.elf.size'
' '
10:59:03 **** Incremental Build of configuration Debug for project iZybo ****
make all 
make: No se hace nada para `all'.
11:01:15 **** Incremental Build of configuration Debug for project iZybo ****
make all 
make: No se hace nada para `all'.
11:05:47 **** Auto Build of configuration Debug for project iZybo ****
make all 
'Building file: ../src/iZybo.c'
'Invoking: ARM gcc compiler'
arm-xilinx-eabi-gcc -Wall -O0 -g3 -c -fmessage-length=0 -I../../iZybo_bsp/ps7_cortexa9_0/include -MMD -MP -MF"src/iZybo.d" -MT"src/iZybo.d" -o "src/iZybo.o" "../src/iZybo.c"
'Finished building: ../src/iZybo.c'
' '
'Building target: iZybo.elf'
'Invoking: ARM gcc linker'
arm-xilinx-eabi-gcc -Wl,-T -Wl,../src/lscript.ld -L../../iZybo_bsp/ps7_cortexa9_0/lib -o "iZybo.elf"  ./src/dispatch.o ./src/iZybo.o ./src/main.o   -Wl,--start-group,-lxil,-lfreertos,-lgcc,-lc,--end-group -Wl,--start-group,-lxil,-llwip4,-lgcc,-lc,--end-group
'Finished building target: iZybo.elf'
' '
'Invoking: ARM Print Size'
arm-xilinx-eabi-size iZybo.elf  |tee "iZybo.elf.size"
   text	   data	    bss	    dec	    hex	filename
 167524	   3176	11028412	11199112	 aae288	iZybo.elf
'Finished building: iZybo.elf.size'
' '
11:06:09 **** Incremental Build of configuration Debug for project iZybo ****
make all 
make: No se hace nada para `all'.
11:15:16 **** Incremental Build of configuration Debug for project iZybo ****
make all 
make: No se hace nada para `all'.
11:16:37 **** Incremental Build of configuration Debug for project iZybo ****
make all 
make: No se hace nada para `all'.
11:19:27 **** Incremental Build of configuration Debug for project iZybo ****
make all 
make: No se hace nada para `all'.
11:27:18 **** Auto Build of configuration Debug for project iZybo ****
make all 
'Building file: ../src/iZybo.c'
'Invoking: ARM gcc compiler'
arm-xilinx-eabi-gcc -Wall -O0 -g3 -c -fmessage-length=0 -I../../iZybo_bsp/ps7_cortexa9_0/include -MMD -MP -MF"src/iZybo.d" -MT"src/iZybo.d" -o "src/iZybo.o" "../src/iZybo.c"
'Finished building: ../src/iZybo.c'
' '
'Building target: iZybo.elf'
'Invoking: ARM gcc linker'
arm-xilinx-eabi-gcc -Wl,-T -Wl,../src/lscript.ld -L../../iZybo_bsp/ps7_cortexa9_0/lib -o "iZybo.elf"  ./src/dispatch.o ./src/iZybo.o ./src/main.o   -Wl,--start-group,-lxil,-lfreertos,-lgcc,-lc,--end-group -Wl,--start-group,-lxil,-llwip4,-lgcc,-lc,--end-group
'Finished building target: iZybo.elf'
' '
'Invoking: ARM Print Size'
arm-xilinx-eabi-size iZybo.elf  |tee "iZybo.elf.size"
   text	   data	    bss	    dec	    hex	filename
 167460	   3176	11028412	11199048	 aae248	iZybo.elf
'Finished building: iZybo.elf.size'
' '
